 PhysXCooking_64

 Timestamp is 61f807e4 (Mon Jan 31 17:01:40 2022)

 Preferred load address is 0000000180000000

 Start         Length     Name                   Class
 0001:00000000 000003c0H .text$di                CODE
 0001:000003c0 00028f20H .text$mn                CODE
 0001:000292e0 00000036H .text$mn$00             CODE
 0001:00029316 00000092H .text$x                 CODE
 0002:00000000 00000180H .idata$5                DATA
 0002:00000180 00000030H .00cfg                  DATA
 0002:000001b0 00000008H .CRT$XCA                DATA
 0002:000001b8 000001e0H .CRT$XCU                DATA
 0002:00000398 00000008H .CRT$XCZ                DATA
 0002:000003a0 00000008H .CRT$XIA                DATA
 0002:000003a8 00000008H .CRT$XIZ                DATA
 0002:000003b0 00000008H .CRT$XPA                DATA
 0002:000003b8 00000008H .CRT$XPZ                DATA
 0002:000003c0 00000008H .CRT$XTA                DATA
 0002:000003c8 00000008H .CRT$XTZ                DATA
 0002:000003d0 00000000H .gehcont$y              DATA
 0002:000003d0 00000000H .gfids$y                DATA
 0002:000003d0 00001d30H .rdata                  DATA
 0002:00002100 00000000H .rdata$CastGuardVftablesA DATA
 0002:00002100 00000000H .rdata$CastGuardVftablesC DATA
 0002:00002100 00000074H .rdata$r                DATA
 0002:00002174 00000024H .rdata$voltmd           DATA
 0002:00002198 000003b8H .rdata$zzzdbg           DATA
 0002:00002550 00000008H .rtc$IAA                DATA
 0002:00002558 00000008H .rtc$IZZ                DATA
 0002:00002560 00000008H .rtc$TAA                DATA
 0002:00002568 00000008H .rtc$TZZ                DATA
 0002:00002570 00002e78H .xdata                  DATA
 0002:000053e8 00000040H .didat$2                DATA
 0002:00005428 00000020H .didat$3                DATA
 0002:00005448 00000188H .didat$4                DATA
 0002:000055d0 00000950H .didat$6                DATA
 0002:00005f20 00000190H .didat$7                DATA
 0002:000060b0 00001d00H .edata                  DATA
 0002:00007db0 00000078H .idata$2                DATA
 0002:00007e28 00000018H .idata$3                DATA
 0002:00007e40 00000180H .idata$4                DATA
 0002:00007fc0 000003d4H .idata$6                DATA
 0003:00000000 00000070H .data                   DATA
 0003:00000070 00000598H .data$r                 DATA
 0003:00000608 00000020H .data$rs                DATA
 0003:00000628 00000188H .didat$5                DATA
 0003:000007b0 00000490H .bss                    DATA
 0004:00000000 00001f50H .pdata                  DATA
 0005:00000000 00002208H _RDATA                  DATA
 0006:00000000 000000a0H .rsrc$01                DATA
 0006:000000a0 000004b0H .rsrc$02                DATA

  Address         Publics by Value              Rva+Base               Lib:Object

 0000:00000000       __arm64x_extra_rfe_table_size 0000000000000000     <absolute>
 0000:00000000       __AbsoluteZero             0000000000000000     <absolute>
 0000:00000000       __guard_eh_cont_count      0000000000000000     <absolute>
 0000:00000000       __guard_fids_count         0000000000000000     <absolute>
 0000:00000000       __hybrid_auxiliary_iat_copy 0000000000000000     <absolute>
 0000:00000000       ___safe_se_handler_table   0000000000000000     <absolute>
 0000:00000000       __x64_code_ranges_to_entry_points 0000000000000000     <absolute>
 0000:00000000       __guard_check_icall_a64n_fptr 0000000000000000     <absolute>
 0000:00000000       __hybrid_auxiliary_iat     0000000000000000     <absolute>
 0000:00000000       __guard_fids_table         0000000000000000     <absolute>
 0000:00000000       __dynamic_value_reloc_table 0000000000000000     <absolute>
 0000:00000000       __guard_longjmp_table      0000000000000000     <absolute>
 0000:00000000       __guard_longjmp_count      0000000000000000     <absolute>
 0000:00000000       __guard_iat_count          0000000000000000     <absolute>
 0000:00000000       ___safe_se_handler_count   0000000000000000     <absolute>
 0000:00000000       __arm64x_redirection_metadata 0000000000000000     <absolute>
 0000:00000000       __arm64x_redirection_metadata_count 0000000000000000     <absolute>
 0000:00000000       __enclave_config           0000000000000000     <absolute>
 0000:00000000       __arm64x_extra_rfe_table   0000000000000000     <absolute>
 0000:00000000       __hybrid_code_map          0000000000000000     <absolute>
 0000:00000000       __guard_eh_cont_table      0000000000000000     <absolute>
 0000:00000000       __arm64x_native_entrypoint 0000000000000000     <absolute>
 0000:00000000       __guard_iat_table          0000000000000000     <absolute>
 0000:00000000       __hybrid_code_map_count    0000000000000000     <absolute>
 0000:00000000       __x64_code_ranges_to_entry_points_count 0000000000000000     <absolute>
 0000:00000100       __guard_flags              0000000000000100     <absolute>
 0000:00000000       __ImageBase                0000000180000000     <linker-defined>
 0001:000003c0       ??$?_UV?$ReflectionAllocator@VAdjTriangle@physx@@@shdfnd@physx@@@UserAllocated@shdfnd@physx@@SAPEAX_KV?$ReflectionAllocator@VAdjTriangle@physx@@@12@PEBDH@Z 00000001800013c0 f i Adjacencies.obj
 0001:00000460       ??0AdjacenciesBuilder@physx@@QEAA@XZ 0000000180001460 f   Adjacencies.obj
 0001:00000470       ?getAABB@AABBTreeBuildNode@Gu@physx@@QEBAAEBVPxBounds3@3@XZ 0000000180001470 f i BVHStructureBuilder.obj
 0001:00000470       ??4PxFoundation@physx@@QEAAAEAV01@AEBV01@@Z 0000000180001470 f i Adjacencies.obj
 0001:00000470       ??0BigConvexData@physx@@QEAA@W4PxEMPTY@1@@Z 0000000180001470 f i BigConvexDataBuilder.obj
 0001:00000470       ?getPaddedBounds@HeightFieldData@Gu@physx@@QEBAAEBVCenterExtentsPadded@23@XZ 0000000180001470 f i Cooking.obj
 0001:00000470       ??4Allocator@shdfnd@physx@@QEAAAEAV012@AEBV012@@Z 0000000180001470 f i Adjacencies.obj
 0001:00000470       ??4MutexImpl@shdfnd@physx@@QEAAAEAV012@AEBV012@@Z 0000000180001470 f i Adjacencies.obj
 0001:00000470       ??0HeightFieldData@Gu@physx@@QEAA@W4PxEMPTY@2@@Z 0000000180001470 f i Cooking.obj
 0001:00000470       ??4Allocator@shdfnd@physx@@QEAAAEAV012@$$QEAV012@@Z 0000000180001470 f i Adjacencies.obj
 0001:00000470       ??0Allocator@shdfnd@physx@@QEAA@PEBD@Z 0000000180001470 f i Adjacencies.obj
 0001:00000470       ??0Box@Gu@physx@@QEAA@XZ   0000000180001470 f i ConvexHullUtils.obj
 0001:00000470       ??0AABBTreeBuildNode@Gu@physx@@QEAA@XZ 0000000180001470 f i BVHStructureBuilder.obj
 0001:00000480       ??0PxFoundation@physx@@QEAA@XZ 0000000180001480 f i Adjacencies.obj
 0001:00000480       ??0PxFoundation@physx@@QEAA@AEBV01@@Z 0000000180001480 f i Adjacencies.obj
 0001:00000490       ??1Adjacencies@physx@@QEAA@XZ 0000000180001490 f   Adjacencies.obj
 0001:00000500       ??1AdjacenciesBuilder@physx@@QEAA@XZ 0000000180001500 f   Adjacencies.obj
 0001:00000510       ??1PxFoundation@physx@@MEAA@XZ 0000000180001510 f i Adjacencies.obj
 0001:00000520       ??_EPxFoundation@physx@@MEAAPEAXI@Z 0000000180001520 f i Adjacencies.obj
 0001:000005b0       _guard_check_icall_nop     00000001800015b0 f i MSVCRT:guard_support.obj
 0001:000005b0       ??1BigConvexDataBuilder@physx@@QEAA@XZ 00000001800015b0 f i BigConvexDataBuilder.obj
 0001:000005b0       ??1HeightFieldData@Gu@physx@@QEAA@XZ 00000001800015b0 f i Cooking.obj
 0001:000005b0       ?onMeshIndexFormatChange@TriangleMeshBuilder@physx@@UEAAXXZ 00000001800015b0 f i TriangleMeshBuilder.obj
 0001:000005b0       ??_FAllocator@shdfnd@physx@@QEAAXXZ 00000001800015b0 f i Adjacencies.obj
 0001:000005b0       ??1AABBTreeBuildNode@Gu@physx@@QEAA@XZ 00000001800015b0 f i BVHStructureBuilder.obj
 0001:000005b0       ??1Box@Gu@physx@@QEAA@XZ   00000001800015b0 f i ConvexHullUtils.obj
 0001:000006c0       ?ComputeNbBoundaryEdges@Adjacencies@physx@@QEBAIXZ 00000001800016c0 f   Adjacencies.obj
 0001:000009a0       ?GetNbHits@RadixSort@Cm@physx@@QEBAIXZ 00000001800019a0 f i Adjacencies.obj
 0001:000009b0       ?GetNbTotalCalls@RadixSort@Cm@physx@@QEBAIXZ 00000001800019b0 f i Adjacencies.obj
 0001:000009c0       ?getErrorCallback@Foundation@shdfnd@physx@@UEAAAEAVPxErrorCallback@3@XZ 00000001800019c0 f i Adjacencies.obj
 0001:000009c0       ?GetRanks@RadixSort@Cm@physx@@QEBAPEBIXZ 00000001800019c0 f i Adjacencies.obj
 0001:000009d0       ?GetRecyclable@RadixSort@Cm@physx@@QEBAPEAIXZ 00000001800019d0 f i Adjacencies.obj
 0001:000009d0       ?GetValencies@BigConvexData@physx@@QEBAPEBUValency@Gu@2@XZ 00000001800019d0 f i BigConvexDataBuilder.obj
 0001:000009d0       ?getPos@AABBTreeBuildNode@Gu@physx@@QEBAPEBV123@XZ 00000001800019d0 f i BVHStructureBuilder.obj
 0001:000009e0       ?Init@AdjacenciesBuilder@physx@@QEAA_NAEBUADJACENCIESCREATE@2@@Z 00000001800019e0 f   Adjacencies.obj
 0001:00000f20       ?getAllocator@Foundation@shdfnd@physx@@QEAAAEAVPxAllocatorCallback@3@XZ 0000000180001f20 f i Adjacencies.obj
 0001:00000f30       ?getAllocatorCallback@Foundation@shdfnd@physx@@UEAAAEAVPxAllocatorCallback@3@XZ 0000000180001f30 f i Adjacencies.obj
 0001:00000f40       ?getErrorLevel@Foundation@shdfnd@physx@@UEBA?AW4Enum@PxErrorCode@3@XZ 0000000180001f40 f i Adjacencies.obj
 0001:00000f50       ?getInternalErrorCallback@Foundation@shdfnd@physx@@QEAAAEAVPxErrorCallback@3@XZ 0000000180001f50 f i Adjacencies.obj
 0001:00000f60       ?getNamedAllocMap@Foundation@shdfnd@physx@@QEAAAEAV?$HashMap@PEBVNamedAllocator@shdfnd@physx@@PEBDU?$Hash@PEBVNamedAllocator@shdfnd@physx@@@23@VNonTrackingAllocator@23@@23@XZ 0000000180001f60 f i Adjacencies.obj
 0001:00000f70       ?getNamedAllocMutex@Foundation@shdfnd@physx@@QEAAAEAV?$MutexT@VAllocator@shdfnd@physx@@@23@XZ 0000000180001f70 f i Adjacencies.obj
 0001:00000f80       ?getReportAllocationNames@Foundation@shdfnd@physx@@UEBA_NXZ 0000000180001f80 f i Adjacencies.obj
 0001:00000f90       ?getTempAllocFreeTable@Foundation@shdfnd@physx@@QEAAAEAV?$Array@PEATTempAllocatorChunk@shdfnd@physx@@VAllocator@23@@23@XZ 0000000180001f90 f i Adjacencies.obj
 0001:00000fa0       ?getTempAllocMutex@Foundation@shdfnd@physx@@QEAAAEAV?$MutexT@VAllocator@shdfnd@physx@@@23@XZ 0000000180001fa0 f i Adjacencies.obj
 0001:00000fb0       ?invalidateRanks@RadixSort@Cm@physx@@QEAAXXZ 0000000180001fb0 f i Adjacencies.obj
 0001:00000fc0       ?setErrorLevel@Foundation@shdfnd@physx@@UEAAXW4Enum@PxErrorCode@3@@Z 0000000180001fc0 f i Adjacencies.obj
 0001:00000fd0       ?setReportAllocationNames@Foundation@shdfnd@physx@@UEAAX_N@Z 0000000180001fd0 f i Adjacencies.obj
 0001:00000fe0       ??0DebugText@Cm@physx@@QEAA@$$QEAU012@@Z 0000000180001fe0 f i Cooking.obj
 0001:00000fe0       ??0DebugText@Cm@physx@@QEAA@AEBU012@@Z 0000000180001fe0 f i Cooking.obj
 0001:000010c0       ??4HeightFieldData@Gu@physx@@QEAAAEAU012@AEBU012@@Z 00000001800020c0 f i Cooking.obj
 0001:000010c0       ??4HeightFieldData@Gu@physx@@QEAAAEAU012@$$QEAU012@@Z 00000001800020c0 f i Cooking.obj
 0001:000010c0       ??0HeightFieldData@Gu@physx@@QEAA@$$QEAU012@@Z 00000001800020c0 f i Cooking.obj
 0001:000010c0       ??0HeightFieldData@Gu@physx@@QEAA@AEBU012@@Z 00000001800020c0 f i Cooking.obj
 0001:00001120       ??0HeightFieldData@Gu@physx@@QEAA@XZ 0000000180002120 f i Cooking.obj
 0001:00001130       ??0RenderOutput@Cm@physx@@QEAA@AEAVRenderBuffer@12@@Z 0000000180002130 f i Cooking.obj
 0001:00001180       ??0RenderOutput@Cm@physx@@QEAA@AEBV012@@Z 0000000180002180 f i Cooking.obj
 0001:00001220       ??1PxConvexMesh@physx@@MEAA@XZ 0000000180002220 f i Cooking.obj
 0001:00001220       ??1PxHeightField@physx@@MEAA@XZ 0000000180002220 f i Cooking.obj
 0001:00001230       ??4DebugText@Cm@physx@@QEAAAEAU012@AEBU012@@Z 0000000180002230 f i Cooking.obj
 0001:00001230       ??4DebugText@Cm@physx@@QEAAAEAU012@$$QEAU012@@Z 0000000180002230 f i Cooking.obj
 0001:00001360       ??4FPUGuard@shdfnd@physx@@QEAAAEAV012@AEBV012@@Z 0000000180002360 f i Cooking.obj
 0001:00001380       ??_ECooking@physx@@UEAAPEAXI@Z 0000000180002380 f i Cooking.obj
 0001:00001380       ??_GCooking@physx@@UEAAPEAXI@Z 0000000180002380 f i Cooking.obj
 0001:000013d0       ??_EPxBase@physx@@MEAAPEAXI@Z 00000001800023d0 f i Cooking.obj
 0001:000013d0       ??_GPxBase@physx@@MEAAPEAXI@Z 00000001800023d0 f i Cooking.obj
 0001:00001400       ??_EPxCooking@physx@@MEAAPEAXI@Z 0000000180002400 f i Cooking.obj
 0001:00001400       ??_GPxCooking@physx@@MEAAPEAXI@Z 0000000180002400 f i Cooking.obj
 0001:00001430       ?allocate@?$Array@UPxDebugLine@physx@@V?$ReflectionAllocator@UPxDebugLine@physx@@@shdfnd@2@@shdfnd@physx@@IEAAPEAUPxDebugLine@3@I@Z 0000000180002430 f i Cooking.obj
 0001:000014d0       ?computeHullPolygons@Cooking@physx@@UEBA_NAEBVPxSimpleTriangleMesh@2@AEAVPxAllocatorCallback@2@AEAIAEAPEAVPxVec3@2@2AEAPEAI2AEAPEAUPxHullPolygon@2@@Z 00000001800024d0 f   Cooking.obj
 0001:000016b0       ?cookBVHStructure@Cooking@physx@@UEBA_NAEBVPxBVHStructureDesc@2@AEAVPxOutputStream@2@@Z 00000001800026b0 f   Cooking.obj
 0001:00001760       ?cookConvexMesh@Cooking@physx@@UEBA_NAEBVPxConvexMeshDesc@2@AEAVPxOutputStream@2@PEAW4Enum@PxConvexMeshCookingResult@2@@Z 0000000180002760 f   Cooking.obj
 0001:00001940       ?cookConvexMeshInternal@Cooking@physx@@AEBA_NAEBVPxConvexMeshDesc@2@AEAVConvexMeshBuilder@2@PEAVConvexHullLib@2@PEAW4Enum@PxConvexMeshCookingResult@2@@Z 0000000180002940 f   Cooking.obj
 0001:00001bb0       ?cookHeightField@Cooking@physx@@UEBA_NAEBVPxHeightFieldDesc@2@AEAVPxOutputStream@2@@Z 0000000180002bb0 f   Cooking.obj
 0001:00001c80       ?cookTriangleMesh@Cooking@physx@@UEBA_NAEBVPxTriangleMeshDesc@2@AEAVPxOutputStream@2@PEAW4Enum@PxTriangleMeshCookingResult@2@@Z 0000000180002c80 f   Cooking.obj
 0001:00001dc0       ?copy@?$Array@UPxDebugLine@physx@@V?$ReflectionAllocator@UPxDebugLine@physx@@@shdfnd@2@@shdfnd@physx@@KAXPEAUPxDebugLine@3@0PEBU43@@Z 0000000180002dc0 f i Cooking.obj
 0001:00001f70       ?createBVHStructure@Cooking@physx@@UEBAPEAVPxBVHStructure@2@AEBVPxBVHStructureDesc@2@AEAVPxPhysicsInsertionCallback@2@@Z 0000000180002f70 f   Cooking.obj
 0001:00002020       ?createConvexMesh@Cooking@physx@@UEBAPEAVPxConvexMesh@2@AEBVPxConvexMeshDesc@2@AEAVPxPhysicsInsertionCallback@2@PEAW4Enum@PxConvexMeshCookingResult@2@@Z 0000000180003020 f   Cooking.obj
 0001:00002220       ?createHeightField@Cooking@physx@@UEBAPEAVPxHeightField@2@AEBVPxHeightFieldDesc@2@AEAVPxPhysicsInsertionCallback@2@@Z 0000000180003220 f   Cooking.obj
 0001:00002380       ?createTriangleMesh@Cooking@physx@@UEBAPEAVPxTriangleMesh@2@AEBVPxTriangleMeshDesc@2@AEAVPxPhysicsInsertionCallback@2@PEAW4Enum@PxTriangleMeshCookingResult@2@@Z 0000000180003380 f   Cooking.obj
 0001:000024d0       ?getConcreteTypeName@PxConvexMesh@physx@@UEBAPEBDXZ 00000001800034d0 f i Cooking.obj
 0001:000024e0       ?getConcreteTypeName@PxHeightField@physx@@UEBAPEBDXZ 00000001800034e0 f i Cooking.obj
 0001:000024f0       ?getConvexEdgeThreshold@HeightField@Gu@physx@@UEBAMXZ 00000001800034f0 f i Cooking.obj
 0001:00002500       ?getFlags@HeightField@Gu@physx@@UEBA?AV?$PxFlags@W4Enum@PxHeightFieldFlag@physx@@G@3@XZ 0000000180003500 f i Cooking.obj
 0001:00002510       ?getFormat@HeightField@Gu@physx@@UEBA?AW4Enum@PxHeightFieldFormat@3@XZ 0000000180003510 f i Cooking.obj
 0001:00002520       ?getHeight@HeightField@Gu@physx@@UEBAMMM@Z 0000000180003520 f i Cooking.obj
 0001:00002560       ?getHeightInternal2@HeightField@Gu@physx@@QEBAMIMM@Z 0000000180003560 f i Cooking.obj
 0001:000026d0       ?getIndexBuffer@ConvexMesh@Gu@physx@@UEBAPEBEXZ 00000001800036d0 f i Cooking.obj
 0001:00002710       ?getNbColumns@HeightField@Gu@physx@@UEBAIXZ 0000000180003710 f i Cooking.obj
 0001:00002720       ?getNbPolygons@ConvexMesh@Gu@physx@@UEBAIXZ 0000000180003720 f i Cooking.obj
 0001:00002730       ?getNbRows@HeightField@Gu@physx@@UEBAIXZ 0000000180003730 f i Cooking.obj
 0001:00002740       ?getNbVertices@ConvexMesh@Gu@physx@@UEBAIXZ 0000000180003740 f i Cooking.obj
 0001:00002750       ?getParams@Cooking@physx@@UEBAAEBUPxCookingParams@2@XZ 0000000180003750 f   Cooking.obj
 0001:00002750       ?getDenormalizeScale@QuantizerImpl@@UEBAAEBVPxVec3@physx@@XZ 0000000180003750 f   Quantizer.obj
 0001:00002760       ?getSample@HeightField@Gu@physx@@UEBAAEBUPxHeightFieldSample@3@II@Z 0000000180003760 f i Cooking.obj
 0001:00002770       ?getSampleStride@HeightField@Gu@physx@@UEBAIXZ 0000000180003770 f i Cooking.obj
 0001:00002780       ?getTimestamp@HeightField@Gu@physx@@UEBAIXZ 0000000180003780 f i Cooking.obj
 0001:00002790       ?getTriangleMaterialIndex@HeightField@Gu@physx@@UEBAGI@Z 0000000180003790 f i Cooking.obj
 0001:000027c0       ?getTriangleNormal@HeightField@Gu@physx@@UEBA?AVPxVec3@3@I@Z 00000001800037c0 f i Cooking.obj
 0001:000027e0       ?getTriangleNormalInternal@HeightField@Gu@physx@@QEBA?AVPxVec3@3@I@Z 00000001800037e0 f i Cooking.obj
 0001:00002930       ?getVertices@ConvexMesh@Gu@physx@@UEBAPEBVPxVec3@3@XZ 0000000180003930 f i Cooking.obj
 0001:00002950       ?isKindOf@PxBase@physx@@MEBA_NPEBD@Z 0000000180003950 f i Cooking.obj
 0001:00002980       ?isKindOf@PxConvexMesh@physx@@MEBA_NPEBD@Z 0000000180003980 f i Cooking.obj
 0001:000029d0       ?isKindOf@PxHeightField@physx@@MEBA_NPEBD@Z 00000001800039d0 f i Cooking.obj
 0001:00002a20       ?isReleasable@PxBase@physx@@UEBA_NXZ 0000000180003a20 f i Cooking.obj
 0001:00002a30       ?outputSegment@RenderOutput@Cm@physx@@QEAAXAEBVPxVec3@3@0@Z 0000000180003a30 f i Cooking.obj
 0001:00002af0       ?platformMismatch@Cooking@physx@@UEBA_NXZ 0000000180003af0 f   Cooking.obj
 0001:00002b00       ?preExportDataReset@ConvexMesh@Gu@physx@@QEAAXXZ 0000000180003b00 f i Cooking.obj
 0001:00002b00       ?preExportDataReset@HeightField@Gu@physx@@QEAAXXZ 0000000180003b00 f i Cooking.obj
 0001:00002b10       ?recreate@?$Array@UPxDebugLine@physx@@V?$ReflectionAllocator@UPxDebugLine@physx@@@shdfnd@2@@shdfnd@physx@@IEAAXI@Z 0000000180003b10 f i Cooking.obj
 0001:00002ba0       ?release@Cooking@physx@@UEAAXXZ 0000000180003ba0 f   Cooking.obj
 0001:00002bc0       ?reserveSegments@RenderOutput@Cm@physx@@QEAAPEAUPxDebugLine@3@I@Z 0000000180003bc0 f i Cooking.obj
 0001:00002c20       ?setParams@Cooking@physx@@UEAAXAEBUPxCookingParams@2@@Z 0000000180003c20 f   Cooking.obj
 0001:00002c80       ?validateConvexMesh@Cooking@physx@@UEBA_NAEBVPxConvexMeshDesc@2@@Z 0000000180003c80 f   Cooking.obj
 0001:00002ce0       ?validateTriangleMesh@Cooking@physx@@UEBA_NAEBVPxTriangleMeshDesc@2@@Z 0000000180003ce0 f   Cooking.obj
 0001:00002df0       PxCreateCooking            0000000180003df0 f   Cooking.obj
 0001:00002ee0       ??0ReducedVertexCloud@physx@@QEAA@PEBVPxVec3@1@I@Z 0000000180003ee0 f   CookingUtils.obj
 0001:00002f00       ??1ReducedVertexCloud@physx@@QEAA@XZ 0000000180003f00 f   CookingUtils.obj
 0001:00002f10       ?Clean@ReducedVertexCloud@physx@@QEAAAEAV12@XZ 0000000180003f10 f   CookingUtils.obj
 0001:00002f80       ?Reduce@ReducedVertexCloud@physx@@QEAA_NPEAUREDUCEDCLOUD@2@@Z 0000000180003f80 f   CookingUtils.obj
 0001:000032c0       ??$?_UI@@YAPEAX_KV?$ReflectionAllocator@I@shdfnd@physx@@PEBDH@Z 00000001800042c0 f i EdgeList.obj
 0001:00003360       ??0EdgeListBuilder@Gu@physx@@QEAA@XZ 0000000180004360 f   EdgeList.obj
 0001:00003380       ??1EdgeList@Gu@physx@@QEAA@XZ 0000000180004380 f   EdgeList.obj
 0001:00003420       ??1EdgeListBuilder@Gu@physx@@QEAA@XZ 0000000180004420 f   EdgeList.obj
 0001:00003430       ?computeActiveEdges@EdgeListBuilder@Gu@physx@@AEAA_NIPEBIPEBGPEBVPxVec3@3@M@Z 0000000180004430 f   EdgeList.obj
 0001:00004a30       ?createEdgesToFaces@EdgeListBuilder@Gu@physx@@AEAA_NIPEBIPEBG@Z 0000000180005a30 f   EdgeList.obj
 0001:00004c90       ?createFacesToEdges@EdgeListBuilder@Gu@physx@@AEAA_NIPEBIPEBG@Z 0000000180005c90 f   EdgeList.obj
 0001:000050d0       ?init@EdgeListBuilder@Gu@physx@@QEAA_NAEBUEDGELISTCREATE@23@@Z 00000001800060d0 f   EdgeList.obj
 0001:000051f0       ??0MeshCleaner@physx@@QEAA@IPEBVPxVec3@1@IPEBIM@Z 00000001800061f0 f   MeshCleaner.obj
 0001:00005b60       ??1MeshCleaner@physx@@QEAA@XZ 0000000180006b60 f   MeshCleaner.obj
 0001:00005bf0       ??$kmeans_cluster@VPxVec3@physx@@M@@YAIPEBVPxVec3@physx@@IIPEAV01@PEAIMM@Z 0000000180006bf0 f i Quantizer.obj
 0001:000064d0       ??_EQuantizer@physx@@MEAAPEAXI@Z 00000001800074d0 f i Quantizer.obj
 0001:000064d0       ??_GQuantizer@physx@@MEAAPEAXI@Z 00000001800074d0 f i Quantizer.obj
 0001:00006500       ??_EQuantizerImpl@@EEAAPEAXI@Z 0000000180007500 f i Quantizer.obj
 0001:00006500       ??_GQuantizerImpl@@EEAAPEAXI@Z 0000000180007500 f i Quantizer.obj
 0001:000065d0       ?createQuantizer@physx@@YAPEAVQuantizer@1@XZ 00000001800075d0 f   Quantizer.obj
 0001:00006680       ?getDenormalizeCenter@QuantizerImpl@@UEBAAEBVPxVec3@physx@@XZ 0000000180007680 f i Quantizer.obj
 0001:00006690       ?growAndPushBack@?$Array@VPxVec3@physx@@V?$ReflectionAllocator@VPxVec3@physx@@@shdfnd@2@@shdfnd@physx@@IEAAAEAVPxVec3@3@AEBV43@@Z 0000000180007690 f i Quantizer.obj
 0001:00006870       ?kmeansQuantize3D@QuantizerImpl@@UEAAPEBVPxVec3@physx@@IPEBV23@I_NIAEAI@Z 0000000180007870 f i Quantizer.obj
 0001:00006ad0       ?normalizeInput@QuantizerImpl@@AEAAXIPEBVPxVec3@physx@@I@Z 0000000180007ad0 f i Quantizer.obj
 0001:00006f20       ?release@QuantizerImpl@@UEAAXXZ 0000000180007f20 f i Quantizer.obj
 0001:00006f40       ??$copy@V?$ReflectionAllocator@USlab@NodeAllocator@Gu@physx@@@shdfnd@physx@@@?$Array@USlab@NodeAllocator@Gu@physx@@V?$ReflectionAllocator@USlab@NodeAllocator@Gu@physx@@@shdfnd@4@@shdfnd@physx@@IEAAXAEBV012@@Z 0000000180007f40 f i BVHStructureBuilder.obj
 0001:00006fc0       ??4AABBTreeBuildNode@Gu@physx@@QEAAAEAV012@AEBV012@@Z 0000000180007fc0 f i BVHStructureBuilder.obj
 0001:00006fc0       ??0AABBTreeBuildNode@Gu@physx@@QEAA@AEBV012@@Z 0000000180007fc0 f i BVHStructureBuilder.obj
 0001:00007000       ??0AABBTreeBuildParams@Gu@physx@@QEAA@IIPEBVPxBounds3@2@@Z 0000000180008000 f i BVHStructureBuilder.obj
 0001:00007020       ??0BVHStructureBuilder@physx@@QEAA@XZ 0000000180008020 f   BVHStructureBuilder.obj
 0001:00007040       ??0BuildStats@Gu@physx@@QEAA@XZ 0000000180008040 f i BVHStructureBuilder.obj
 0001:00007050       ??0NodeAllocator@Gu@physx@@QEAA@AEBV012@@Z 0000000180008050 f i BVHStructureBuilder.obj
 0001:00007090       ??1AABBTreeBuildParams@Gu@physx@@QEAA@XZ 0000000180008090 f i BVHStructureBuilder.obj
 0001:00007090       ?reset@AABBTreeBuildParams@Gu@physx@@QEAAXXZ 0000000180008090 f i BVHStructureBuilder.obj
 0001:000070f0       ??1BVHStructureBuilder@physx@@QEAA@XZ 00000001800080f0 f   BVHStructureBuilder.obj
 0001:00007170       ??4AABBTreeBuildParams@Gu@physx@@QEAAAEAV012@AEBV012@@Z 0000000180008170 f i BVHStructureBuilder.obj
 0001:00007190       ??4BuildStats@Gu@physx@@QEAAAEAU012@$$QEAU012@@Z 0000000180008190 f i BVHStructureBuilder.obj
 0001:000071a0       ??4BuildStats@Gu@physx@@QEAAAEAU012@AEBU012@@Z 00000001800081a0 f i BVHStructureBuilder.obj
 0001:000071b0       ??4NodeAllocator@Gu@physx@@QEAAAEAV012@AEBV012@@Z 00000001800081b0 f i BVHStructureBuilder.obj
 0001:00007260       ??_FAABBTreeBuildParams@Gu@physx@@QEAAXXZ 0000000180008260 f i BVHStructureBuilder.obj
 0001:00007280       ??_V@YAXPEAX_K@Z           0000000180008280 f i MSVCRT:delete_array_size.obj
 0001:00007280       ?__global_delete@@YAXPEAX_K@Z 0000000180008280 f i BVHStructureBuilder.obj
 0001:00007290       ?allocate@?$Array@USlab@NodeAllocator@Gu@physx@@V?$ReflectionAllocator@USlab@NodeAllocator@Gu@physx@@@shdfnd@4@@shdfnd@physx@@IEAAPEAUSlab@NodeAllocator@Gu@3@I@Z 0000000180008290 f i BVHStructureBuilder.obj
 0001:00007330       ?flatten@@YAXAEBVNodeAllocator@Gu@physx@@PEAUBVHNode@23@@Z 0000000180008330 f   BVHStructureBuilder.obj
 0001:00007500       ?getCount@BuildStats@Gu@physx@@QEBAIXZ 0000000180008500 f i BVHStructureBuilder.obj
 0001:00007510       ?getNbPrimitives@AABBTreeBuildNode@Gu@physx@@QEBAIXZ 0000000180008510 f i BVHStructureBuilder.obj
 0001:00007510       ?getNbRuntimePrimitives@AABBTreeBuildNode@Gu@physx@@QEBAIXZ 0000000180008510 f i BVHStructureBuilder.obj
 0001:00007520       ?getNeg@AABBTreeBuildNode@Gu@physx@@QEBAPEBV123@XZ 0000000180008520 f i BVHStructureBuilder.obj
 0001:00007540       ?getPrimitives@AABBTreeBuildNode@Gu@physx@@QEAAPEAIPEAI@Z 0000000180008540 f i BVHStructureBuilder.obj
 0001:00007540       ?getPrimitives@AABBTreeBuildNode@Gu@physx@@QEBAPEBIPEBI@Z 0000000180008540 f i BVHStructureBuilder.obj
 0001:00007550       ?increaseCount@BuildStats@Gu@physx@@QEAAXI@Z 0000000180008550 f i BVHStructureBuilder.obj
 0001:00007560       ?isLeaf@AABBTreeBuildNode@Gu@physx@@QEBA_NXZ 0000000180008560 f i BVHStructureBuilder.obj
 0001:00007570       ?loadFromDesc@BVHStructureBuilder@physx@@QEAA_NAEBVPxBVHStructureDesc@2@@Z 0000000180008570 f   BVHStructureBuilder.obj
 0001:00007880       ?moveData@BVHStructureBuilder@physx@@QEAAXAEAUBVHStructureData@Gu@2@@Z 0000000180008880 f   BVHStructureBuilder.obj
 0001:000078c0       ?recreate@?$Array@USlab@NodeAllocator@Gu@physx@@V?$ReflectionAllocator@USlab@NodeAllocator@Gu@physx@@@shdfnd@4@@shdfnd@physx@@IEAAXI@Z 00000001800088c0 f i BVHStructureBuilder.obj
 0001:00007970       ?reset@BuildStats@Gu@physx@@QEAAXXZ 0000000180008970 f i BVHStructureBuilder.obj
 0001:00007980       ?save@BVHStructureBuilder@physx@@QEBA_NAEAVPxOutputStream@2@_N@Z 0000000180008980 f   BVHStructureBuilder.obj
 0001:00007b00       ?setCount@BuildStats@Gu@physx@@QEAAXI@Z 0000000180008b00 f i BVHStructureBuilder.obj
 0001:00007b10       ?setNbRunTimePrimitives@AABBTreeBuildNode@Gu@physx@@QEAAXI@Z 0000000180008b10 f i BVHStructureBuilder.obj
 0001:00007b20       ?saveHeightField@physx@@YA_NAEBVHeightField@Gu@1@AEAVPxOutputStream@1@_N@Z 0000000180008b20 f   HeightFieldCooking.obj
 0001:00007d60       ??$quickSelectFirstK@UBoundsLTE@physx@@@quickSelect@physx@@YAXPEIAIIIIAEBUBoundsLTE@1@@Z 0000000180008d60 f i RTreeCooking.obj
 0001:00007f40       ??$smallSort@I$$CBUSortBoundsPredicate@physx@@@internal@shdfnd@physx@@YAXPEAIHHAEBUSortBoundsPredicate@2@@Z 0000000180008f40 f i RTreeCooking.obj
 0001:000081e0       ??$sort@IU?$Less@I@shdfnd@physx@@V?$ReflectionAllocator@I@23@@shdfnd@physx@@YAXPEAIIAEBU?$Less@I@01@AEBV?$ReflectionAllocator@I@01@I@Z 00000001800091e0 f i RTreeCooking.obj
 0001:00008620       ??$sort@IUSortBoundsPredicate@physx@@V?$ReflectionAllocator@I@shdfnd@2@@shdfnd@physx@@YAXPEAIIAEBUSortBoundsPredicate@1@AEBV?$ReflectionAllocator@I@01@I@Z 0000000180009620 f i RTreeCooking.obj
 0001:00008ad0       ?allocate@?$Array@UInterval@physx@@V?$InlineAllocator@$0CAAA@V?$ReflectionAllocator@UInterval@physx@@@shdfnd@physx@@@shdfnd@2@@shdfnd@physx@@IEAAPEAUInterval@3@I@Z 0000000180009ad0 f i RTreeCooking.obj
 0001:00008b90       ?allocate@?$Array@UPxBounds3V@physx@@V?$ReflectionAllocator@UPxBounds3V@physx@@@shdfnd@2@@shdfnd@physx@@IEAAPEAUPxBounds3V@3@I@Z 0000000180009b90 f i RTreeCooking.obj
 0001:00008c30       ?allocate@?$Array@URTreeNodeNQ@physx@@V?$ReflectionAllocator@URTreeNodeNQ@physx@@@shdfnd@2@@shdfnd@physx@@IEAAPEAURTreeNodeNQ@3@I@Z 0000000180009c30 f i RTreeCooking.obj
 0001:00008cd0       ?allocate@?$Array@URTreeNodeQ@Gu@physx@@V?$ReflectionAllocator@URTreeNodeQ@Gu@physx@@@shdfnd@3@@shdfnd@physx@@IEAAPEAURTreeNodeQ@Gu@3@I@Z 0000000180009cd0 f i RTreeCooking.obj
 0001:00008d70       ?allocate@?$Array@VPxVec3@physx@@V?$ReflectionAllocator@VPxVec3@physx@@@shdfnd@2@@shdfnd@physx@@IEAAPEAVPxVec3@3@I@Z 0000000180009d70 f i RTreeCooking.obj
 0001:00008e10       ?allocate@?$ReflectionAllocator@I@shdfnd@physx@@QEAAPEAX_KPEBDH@Z 0000000180009e10 f i RTreeCooking.obj
 0001:00009af0       ?buildFromTriangles@RTreeCooker@physx@@SAXAEAURTree@Gu@2@PEBVPxVec3@2@IPEBGPEBIIAEAV?$Array@IV?$ReflectionAllocator@I@shdfnd@physx@@@shdfnd@2@PEAURemapCallback@12@MW4Enum@PxMeshCookingHint@2@@Z 000000018000aaf0 f   RTreeCooking.obj
 0001:00009db0       ?copy@?$Array@URTreeNodeNQ@physx@@V?$ReflectionAllocator@URTreeNodeNQ@physx@@@shdfnd@2@@shdfnd@physx@@KAXPEAURTreeNodeNQ@3@0PEBU43@@Z 000000018000adb0 f i RTreeCooking.obj
 0001:00009f70       ?copy@?$Array@VPxVec3@physx@@V?$ReflectionAllocator@VPxVec3@physx@@@shdfnd@2@@shdfnd@physx@@KAXPEAVPxVec3@3@0PEBV43@@Z 000000018000af70 f i RTreeCooking.obj
 0001:0000a040       ?growAndPushBack@?$Array@IV?$ReflectionAllocator@I@shdfnd@physx@@@shdfnd@physx@@IEAAAEAIAEBI@Z 000000018000b040 f i RTreeCooking.obj
 0001:0000a110       ?growAndPushBack@?$Array@UInterval@physx@@V?$InlineAllocator@$0CAAA@V?$ReflectionAllocator@UInterval@physx@@@shdfnd@physx@@@shdfnd@2@@shdfnd@physx@@IEAAAEAUInterval@3@AEBU43@@Z 000000018000b110 f i RTreeCooking.obj
 0001:0000a1f0       ?growAndPushBack@?$Array@UPxBounds3V@physx@@V?$ReflectionAllocator@UPxBounds3V@physx@@@shdfnd@2@@shdfnd@physx@@IEAAAEAUPxBounds3V@3@AEBU43@@Z 000000018000b1f0 f i RTreeCooking.obj
 0001:0000a2c0       ?growAndPushBack@?$Array@URTreeNodeNQ@physx@@V?$ReflectionAllocator@URTreeNodeNQ@physx@@@shdfnd@2@@shdfnd@physx@@IEAAAEAURTreeNodeNQ@3@AEBU43@@Z 000000018000b2c0 f i RTreeCooking.obj
 0001:0000a390       ?growAndPushBack@?$Array@URTreeNodeQ@Gu@physx@@V?$ReflectionAllocator@URTreeNodeQ@Gu@physx@@@shdfnd@3@@shdfnd@physx@@IEAAAEAURTreeNodeQ@Gu@3@AEBU453@@Z 000000018000b390 f i RTreeCooking.obj
 0001:0000a470       ?recreate@?$Array@IV?$ReflectionAllocator@I@shdfnd@physx@@@shdfnd@physx@@IEAAXI@Z 000000018000b470 f i RTreeCooking.obj
 0001:0000a530       ?recreate@?$Array@UPxBounds3V@physx@@V?$ReflectionAllocator@UPxBounds3V@physx@@@shdfnd@2@@shdfnd@physx@@IEAAXI@Z 000000018000b530 f i RTreeCooking.obj
 0001:0000a5e0       ?recreate@?$Array@URTreeNodeNQ@physx@@V?$ReflectionAllocator@URTreeNodeNQ@physx@@@shdfnd@2@@shdfnd@physx@@IEAAXI@Z 000000018000b5e0 f i RTreeCooking.obj
 0001:0000a670       ?recreate@?$Array@URTreeNodeQ@Gu@physx@@V?$ReflectionAllocator@URTreeNodeQ@Gu@physx@@@shdfnd@3@@shdfnd@physx@@IEAAXI@Z 000000018000b670 f i RTreeCooking.obj
 0001:0000a730       ?recreate@?$Array@VPxVec3@physx@@V?$ReflectionAllocator@VPxVec3@physx@@@shdfnd@2@@shdfnd@physx@@IEAAXI@Z 000000018000b730 f i RTreeCooking.obj
 0001:0000a7c0       ?resize@?$Array@IV?$ReflectionAllocator@I@shdfnd@physx@@@shdfnd@physx@@QEAAXIAEBI@Z 000000018000b7c0 f i RTreeCooking.obj
 0001:0000a880       ?resizeUninitialized@?$Array@URTreeNodeNQ@physx@@V?$ReflectionAllocator@URTreeNodeNQ@physx@@@shdfnd@2@@shdfnd@physx@@QEAAXI@Z 000000018000b880 f i RTreeCooking.obj
 0001:0000a8c0       ?sort4@SubSortQuick@physx@@QEAAXPEIAIIAEAV?$Array@URTreeNodeNQ@physx@@V?$ReflectionAllocator@URTreeNodeNQ@physx@@@shdfnd@2@@shdfnd@2@AEAIAEAUPxBounds3V@2@I@Z 000000018000b8c0 f i RTreeCooking.obj
 0001:0000ac50       ?sort4@SubSortSAH@physx@@QEAAXPEAIIAEAV?$Array@URTreeNodeNQ@physx@@V?$ReflectionAllocator@URTreeNodeNQ@physx@@@shdfnd@2@@shdfnd@2@AEAIIPEAURTreeNodeNQ@2@@Z 000000018000bc50 f i RTreeCooking.obj
 0001:0000b4e0       ?split@SubSortSAH@physx@@QEAAIPEAII@Z 000000018000c4e0 f i RTreeCooking.obj
 0001:0000bef0       ?computeLocalBounds@MeshBulider@physx@@IEAAXAEAVMeshDataBase@Gu@2@@Z 000000018000cef0 f   MeshBuilder.obj
 0001:0000bf80       ??$?_UG@@YAPEAX_KV?$ReflectionAllocator@G@shdfnd@physx@@PEBDH@Z 000000018000cf80 f i TriangleMeshBuilder.obj
 0001:0000c020       ??$sort@UEdgeTriLookup@physx@@U?$Less@UEdgeTriLookup@physx@@@shdfnd@2@V?$ReflectionAllocator@UEdgeTriLookup@physx@@@42@@shdfnd@physx@@YAXPEAUEdgeTriLookup@1@IAEBU?$Less@UEdgeTriLookup@physx@@@01@AEBV?$ReflectionAllocator@UEdgeTriLookup@physx@@@01@I@Z 000000018000d020 f i TriangleMeshBuilder.obj
 0001:0000c5a0       ??0BV4TriangleMeshBuilder@physx@@QEAA@AEBUPxCookingParams@1@@Z 000000018000d5a0 f   TriangleMeshBuilder.obj
 0001:0000c670       ??0RTreeTriangleMeshBuilder@physx@@QEAA@AEBUPxCookingParams@1@@Z 000000018000d670 f   TriangleMeshBuilder.obj
 0001:0000c730       ??1BV4TriangleMeshBuilder@physx@@UEAA@XZ 000000018000d730 f   TriangleMeshBuilder.obj
 0001:0000c790       ??1MeshDataBase@Gu@physx@@UEAA@XZ 000000018000d790 f i TriangleMeshBuilder.obj
 0001:0000c870       ??1RTreeTriangleData@Gu@physx@@UEAA@XZ 000000018000d870 f i TriangleMeshBuilder.obj
 0001:0000c8e0       ??1RTreeTriangleMeshBuilder@physx@@UEAA@XZ 000000018000d8e0 f   TriangleMeshBuilder.obj
 0001:0000c910       ??1TriangleMeshBuilder@physx@@UEAA@XZ 000000018000d910 f   TriangleMeshBuilder.obj
 0001:0000c970       ??1TriangleMeshData@Gu@physx@@UEAA@XZ 000000018000d970 f i TriangleMeshBuilder.obj
 0001:0000ca40       ??_GBV4TriangleData@Gu@physx@@UEAAPEAXI@Z 000000018000da40 f i TriangleMeshBuilder.obj
 0001:0000ca40       ??_EBV4TriangleData@Gu@physx@@UEAAPEAXI@Z 000000018000da40 f i TriangleMeshBuilder.obj
 0001:0000cac0       ??_EBV4TriangleMeshBuilder@physx@@UEAAPEAXI@Z 000000018000dac0 f i TriangleMeshBuilder.obj
 0001:0000cac0       ??_GBV4TriangleMeshBuilder@physx@@UEAAPEAXI@Z 000000018000dac0 f i TriangleMeshBuilder.obj
 0001:0000cb40       ??_EMeshDataBase@Gu@physx@@UEAAPEAXI@Z 000000018000db40 f i TriangleMeshBuilder.obj
 0001:0000cb40       ??_GMeshDataBase@Gu@physx@@UEAAPEAXI@Z 000000018000db40 f i TriangleMeshBuilder.obj
 0001:0000cba0       ??_ERTreeCookerRemap@physx@@UEAAPEAXI@Z 000000018000dba0 f i TriangleMeshBuilder.obj
 0001:0000cba0       ??_GRTreeCookerRemap@physx@@UEAAPEAXI@Z 000000018000dba0 f i TriangleMeshBuilder.obj
 0001:0000cbd0       ??_ERTreeTriangleData@Gu@physx@@UEAAPEAXI@Z 000000018000dbd0 f i TriangleMeshBuilder.obj
 0001:0000cbd0       ??_GRTreeTriangleData@Gu@physx@@UEAAPEAXI@Z 000000018000dbd0 f i TriangleMeshBuilder.obj
 0001:0000cc30       ??_GRTreeTriangleMeshBuilder@physx@@UEAAPEAXI@Z 000000018000dc30 f i TriangleMeshBuilder.obj
 0001:0000cc30       ??_ERTreeTriangleMeshBuilder@physx@@UEAAPEAXI@Z 000000018000dc30 f i TriangleMeshBuilder.obj
 0001:0000cc80       ??_ERemapCallback@RTreeCooker@physx@@UEAAPEAXI@Z 000000018000dc80 f i TriangleMeshBuilder.obj
 0001:0000cc80       ??_GRemapCallback@RTreeCooker@physx@@UEAAPEAXI@Z 000000018000dc80 f i TriangleMeshBuilder.obj
 0001:0000ccb0       ??_GTriangleMeshBuilder@physx@@UEAAPEAXI@Z 000000018000dcb0 f i TriangleMeshBuilder.obj
 0001:0000ccb0       ??_ETriangleMeshBuilder@physx@@UEAAPEAXI@Z 000000018000dcb0 f i TriangleMeshBuilder.obj
 0001:0000ccf0       ??_GTriangleMeshData@Gu@physx@@UEAAPEAXI@Z 000000018000dcf0 f i TriangleMeshBuilder.obj
 0001:0000ccf0       ??_ETriangleMeshData@Gu@physx@@UEAAPEAXI@Z 000000018000dcf0 f i TriangleMeshBuilder.obj
 0001:0000cd50       ?allocateTriangles@TriangleMeshData@Gu@physx@@QEAAPEAXI_NI@Z 000000018000dd50 f i TriangleMeshBuilder.obj
 0001:0000ce30       ?allocateVertices@MeshDataBase@Gu@physx@@QEAAPEAVPxVec3@3@I@Z 000000018000de30 f i TriangleMeshBuilder.obj
 0001:0000d350       ?checkMeshIndicesSize@TriangleMeshBuilder@physx@@QEAAXXZ 000000018000e350 f   TriangleMeshBuilder.obj
 0001:0000d460       ?cleanMesh@TriangleMeshBuilder@physx@@QEAA_N_NPEAW4Enum@PxTriangleMeshCookingResult@2@@Z 000000018000e460 f   TriangleMeshBuilder.obj
 0001:0000d980       ?createGRBMidPhaseAndData@TriangleMeshBuilder@physx@@QEAAXI@Z 000000018000e980 f   TriangleMeshBuilder.obj
 0001:0000dc00       ?createMidPhaseStructure@BV32TriangleMeshBuilder@physx@@SAXAEBUPxCookingParams@2@AEAVTriangleMeshData@Gu@2@AEAVBV32Tree@52@@Z 000000018000ec00 f   TriangleMeshBuilder.obj
 0001:0000dde0       ?createMidPhaseStructure@BV4TriangleMeshBuilder@physx@@UEAAXXZ 000000018000ede0 f   TriangleMeshBuilder.obj
 0001:0000e0a0       ?createMidPhaseStructure@RTreeTriangleMeshBuilder@physx@@UEAAXXZ 000000018000f0a0 f   TriangleMeshBuilder.obj
 0001:0000e180       ?createSharedEdgeData@TriangleMeshBuilder@physx@@QEAAX_N0@Z 000000018000f180 f   TriangleMeshBuilder.obj
 0001:0000e820       ?getMidphaseID@BV4TriangleMeshBuilder@physx@@UEBA?AW4Enum@PxMeshMidPhase@2@XZ 000000018000f820 f i TriangleMeshBuilder.obj
 0001:0000e820       _get_startup_argv_mode     000000018000f820 f i MSVCRT:argv_mode.obj
 0001:0000e830       _is_c_termination_complete 000000018000f830 f i MSVCRT:ucrt_stubs.obj
 0001:0000e830       ?getMidphaseID@RTreeTriangleMeshBuilder@physx@@UEBA?AW4Enum@PxMeshMidPhase@2@XZ 000000018000f830 f i TriangleMeshBuilder.obj
 0001:0000e830       __scrt_stub_for_is_c_termination_complete 000000018000f830 f i MSVCRT:ucrt_stubs.obj
 0001:0000e840       ?importMesh@TriangleMeshBuilder@physx@@IEAA_NAEBVPxTriangleMeshDesc@2@AEBUPxCookingParams@2@PEAW4Enum@PxTriangleMeshCookingResult@2@_N@Z 000000018000f840 f   TriangleMeshBuilder.obj
 0001:0000ebc0       ?loadFromDesc@TriangleMeshBuilder@physx@@QEAA_NAEBVPxTriangleMeshDesc@2@PEAW4Enum@PxTriangleMeshCookingResult@2@_N@Z 000000018000fbc0 f   TriangleMeshBuilder.obj
 0001:0000f040       ?onMeshIndexFormatChange@BV4TriangleMeshBuilder@physx@@UEAAXXZ 0000000180010040 f   TriangleMeshBuilder.obj
 0001:0000f080       ?remap@RTreeCookerRemap@physx@@UEAAXPEAIII@Z 0000000180010080 f i TriangleMeshBuilder.obj
 0001:0000f0a0       ?remapTopology@TriangleMeshBuilder@physx@@QEAAXPEBI@Z 00000001800100a0 f   TriangleMeshBuilder.obj
 0001:0000f390       ?save@TriangleMeshBuilder@physx@@QEBA_NAEAVPxOutputStream@2@_NAEBUPxCookingParams@2@@Z 0000000180010390 f   TriangleMeshBuilder.obj
 0001:0000f960       ?saveMidPhaseStructure@BV4TriangleMeshBuilder@physx@@UEBAXAEAVPxOutputStream@2@_N@Z 0000000180010960 f   TriangleMeshBuilder.obj
 0001:0000fb00       ?saveMidPhaseStructure@RTreeTriangleMeshBuilder@physx@@UEBAXAEAVPxOutputStream@2@_N@Z 0000000180010b00 f   TriangleMeshBuilder.obj
 0001:0000fd40       ??0BigConvexDataBuilder@physx@@QEAA@PEBUConvexHullData@Gu@1@PEAVBigConvexData@1@PEBVPxVec3@1@@Z 0000000180010d40 f   BigConvexDataBuilder.obj
 0001:0000fd50       ??4BigConvexData@physx@@QEAAAEAV01@AEBV01@@Z 0000000180010d50 f i BigConvexDataBuilder.obj
 0001:0000fd70       ?GetAdjacentVerts@BigConvexData@physx@@QEBAPEBEXZ 0000000180010d70 f i BigConvexDataBuilder.obj
 0001:0000fd80       ?GetValency@BigConvexData@physx@@QEBAGI@Z 0000000180010d80 f i BigConvexDataBuilder.obj
 0001:0000fd80       ?GetNbNeighbors@BigConvexData@physx@@QEBAGI@Z 0000000180010d80 f i BigConvexDataBuilder.obj
 0001:0000fd90       ?GetNbSamples@BigConvexData@physx@@QEBAIXZ 0000000180010d90 f i BigConvexDataBuilder.obj
 0001:0000fda0       ?GetNbVerts@BigConvexData@physx@@QEBAIXZ 0000000180010da0 f i BigConvexDataBuilder.obj
 0001:0000fdb0       ?GetNeighbors@BigConvexData@physx@@QEBAPEBEI@Z 0000000180010db0 f i BigConvexDataBuilder.obj
 0001:0000fdc0       ?GetOffset@BigConvexData@physx@@QEBAGI@Z 0000000180010dc0 f i BigConvexDataBuilder.obj
 0001:0000fdd0       ?GetSubdiv@BigConvexData@physx@@QEBAIXZ 0000000180010dd0 f i BigConvexDataBuilder.obj
 0001:0000fde0       ?computeValencies@BigConvexDataBuilder@physx@@QEAA_NAEBVConvexHullBuilder@2@@Z 0000000180010de0 f   BigConvexDataBuilder.obj
 0001:000101c0       ?precompute@BigConvexDataBuilder@physx@@QEAA_NI@Z 00000001800111c0 f   BigConvexDataBuilder.obj
 0001:00010df0       ?save@BigConvexDataBuilder@physx@@QEBA_NAEAVPxOutputStream@2@_N@Z 0000000180011df0 f   BigConvexDataBuilder.obj
 0001:00010ed0       ?saveValencies@BigConvexDataBuilder@physx@@QEBA_NAEAVPxOutputStream@2@_N@Z 0000000180011ed0 f   BigConvexDataBuilder.obj
 0001:00011070       ??$?_UE@@YAPEAX_KV?$ReflectionAllocator@E@shdfnd@physx@@PEBDH@Z 0000000180012070 f i ConvexHullBuilder.obj
 0001:00011110       ??0ConvexHullBuilder@physx@@QEAA@PEAUConvexHullData@Gu@1@_N@Z 0000000180012110 f   ConvexHullBuilder.obj
 0001:00011140       ??1ConvexHullBuilder@physx@@QEAA@XZ 0000000180012140 f   ConvexHullBuilder.obj
 0001:00011240       ?calculateVertexMapTable@ConvexHullBuilder@physx@@QEAA_NI_N@Z 0000000180012240 f   ConvexHullBuilder.obj
 0001:00011450       ?checkHullPolygons@ConvexHullBuilder@physx@@QEBA_NXZ 0000000180012450 f   ConvexHullBuilder.obj
 0001:00011a30       ?computeGeomCenter@ConvexHullBuilder@physx@@IEBA_NAEAVPxVec3@2@IPEAUHullTriangleData@2@@Z 0000000180012a30 f   ConvexHullBuilder.obj
 0001:00011cf0       ?copy@ConvexHullBuilder@physx@@QEAA_NAEAUConvexHullData@Gu@2@AEAI@Z 0000000180012cf0 f   ConvexHullBuilder.obj
 0001:00011f60       ?createEdgeList@ConvexHullBuilder@physx@@QEAA_N_NI@Z 0000000180012f60 f   ConvexHullBuilder.obj
 0001:000127b0       ?init@ConvexHullBuilder@physx@@QEAA_NIPEBVPxVec3@2@PEBIIIPEBUPxHullPolygon@2@_NPEAVConvexHullLib@2@@Z 00000001800137b0 f   ConvexHullBuilder.obj
 0001:000130f0       ?save@ConvexHullBuilder@physx@@QEBA_NAEAVPxOutputStream@2@_N@Z 00000001800140f0 f   ConvexHullBuilder.obj
 0001:00013410       ??1ConvexHullLib@physx@@UEAA@XZ 0000000180014410 f   ConvexHullLib.obj
 0001:00013470       ??_EConvexHullLib@physx@@UEAAPEAXI@Z 0000000180014470 f i ConvexHullLib.obj
 0001:00013470       ??_GConvexHullLib@physx@@UEAAPEAXI@Z 0000000180014470 f i ConvexHullLib.obj
 0001:000139d0       ?cleanupVertices@ConvexHullLib@physx@@IEAA_NIPEBVPxVec3@2@IAEAIPEAV32@AEAV32@3@Z 00000001800149d0 f   ConvexHullLib.obj
 0001:00013e60       ?shiftAndcleanupVertices@ConvexHullLib@physx@@IEAA_NIPEBVPxVec3@2@IAEAIPEAV32@AEAV32@3@Z 0000000180014e60 f   ConvexHullLib.obj
 0001:00014360       ?shiftConvexMeshDesc@ConvexHullLib@physx@@IEAAXAEAVPxConvexMeshDesc@2@@Z 0000000180015360 f   ConvexHullLib.obj
 0001:00014420       ?swapLargestFace@ConvexHullLib@physx@@IEAAXAEAVPxConvexMeshDesc@2@@Z 0000000180015420 f   ConvexHullLib.obj
 0001:00014610       ??0Box@Gu@physx@@QEAA@AEBV012@@Z 0000000180015610 f i ConvexHullUtils.obj
 0001:00014610       ??4Box@Gu@physx@@QEAAAEBV012@AEBV012@@Z 0000000180015610 f i ConvexHullUtils.obj
 0001:00014670       ??0Box@Gu@physx@@QEAA@AEBVPxVec3@2@0AEBVPxMat33@2@@Z 0000000180015670 f i ConvexHullUtils.obj
 0001:000146e0       ??0ConvexHull@physx@@QEAA@AEBVPxVec3@1@AEBVPxTransform@1@AEBV?$Array@VPxPlane@physx@@V?$ReflectionAllocator@VPxPlane@physx@@@shdfnd@2@@shdfnd@1@@Z 00000001800156e0 f   ConvexHullUtils.obj
 0001:00015830       ??0PxQuat@physx@@QEAA@AEBVPxMat33@1@@Z 0000000180016830 f i ConvexHullUtils.obj
 0001:00015a30       ?allocate@?$Array@VHalfEdge@ConvexHull@physx@@V?$ReflectionAllocator@VHalfEdge@ConvexHull@physx@@@shdfnd@3@@shdfnd@physx@@IEAAPEAVHalfEdge@ConvexHull@3@I@Z 0000000180016a30 f i ConvexHullUtils.obj
 0001:00015ad0       ?allocate@?$Array@VPxPlane@physx@@V?$ReflectionAllocator@VPxPlane@physx@@@shdfnd@2@@shdfnd@physx@@IEAAPEAVPxPlane@3@I@Z 0000000180016ad0 f i ConvexHullUtils.obj
 0001:00015b70       ?assertIntact@ConvexHull@physx@@QEBA_NM@Z 0000000180016b70 f   ConvexHullUtils.obj
 0001:00015e80       ?computeAABBExtent@Box@Gu@physx@@QEBA?AVPxVec3@3@XZ 0000000180016e80 f i ConvexHullUtils.obj
 0001:00015f40       ?computeBoxPoints@Box@Gu@physx@@QEBAXPEIAVPxVec3@3@@Z 0000000180016f40 f i ConvexHullUtils.obj
 0001:00015f80       ?computeOBBFromConvex@physx@@YA_NAEBVPxConvexMeshDesc@1@AEAVPxVec3@1@AEAVPxTransform@1@@Z 0000000180016f80 f   ConvexHullUtils.obj
 0001:00016660       ?computeOBBSIMD@local@@YAXIPEBT__m128@@AEAT2@AEBT2@1@Z 0000000180017660 f   ConvexHullUtils.obj
 0001:00016a70       ?convexHullCrop@physx@@YAPEAVConvexHull@1@AEBV21@AEBVPxPlane@1@M@Z 0000000180017a70 f   ConvexHullUtils.obj
 0001:00017860       ?copy@?$Array@VPxPlane@physx@@V?$ReflectionAllocator@VPxPlane@physx@@@shdfnd@2@@shdfnd@physx@@KAXPEAVPxPlane@3@0PEBV43@@Z 0000000180018860 f i ConvexHullUtils.obj
 0001:00017960       ?findCandidatePlane@ConvexHull@physx@@QEBAHMM@Z 0000000180018960 f   ConvexHullUtils.obj
 0001:00017db0       ?getInverse@PxMat33@physx@@QEBA?BV12@XZ 0000000180018db0 f i ConvexHullUtils.obj
 0001:00018000       ?getTransform@Box@Gu@physx@@QEBA?AVPxTransform@3@XZ 0000000180019000 f i ConvexHullUtils.obj
 0001:00018060       ?growAndPushBack@?$Array@VHalfEdge@ConvexHull@physx@@V?$ReflectionAllocator@VHalfEdge@ConvexHull@physx@@@shdfnd@3@@shdfnd@physx@@IEAAAEAVHalfEdge@ConvexHull@3@AEBV453@@Z 0000000180019060 f i ConvexHullUtils.obj
 0001:00018120       ?growAndPushBack@?$Array@VPxPlane@physx@@V?$ReflectionAllocator@VPxPlane@physx@@@shdfnd@2@@shdfnd@physx@@IEAAAEAVPxPlane@3@AEBV43@@Z 0000000180019120 f i ConvexHullUtils.obj
 0001:000181e0       ?isValid@Box@Gu@physx@@QEBA_NXZ 00000001800191e0 f i ConvexHullUtils.obj
 0001:00018200       ?maxNumVertsPerFace@ConvexHull@physx@@QEBAIXZ 0000000180019200 f   ConvexHullUtils.obj
 0001:00018270       ?recreate@?$Array@VHalfEdge@ConvexHull@physx@@V?$ReflectionAllocator@VHalfEdge@ConvexHull@physx@@@shdfnd@3@@shdfnd@physx@@IEAAXI@Z 0000000180019270 f i ConvexHullUtils.obj
 0001:00018310       ?recreate@?$Array@VPxPlane@physx@@V?$ReflectionAllocator@VPxPlane@physx@@@shdfnd@2@@shdfnd@physx@@IEAAXI@Z 0000000180019310 f i ConvexHullUtils.obj
 0001:000183a0       ?resize@?$Array@VHalfEdge@ConvexHull@physx@@V?$ReflectionAllocator@VHalfEdge@ConvexHull@physx@@@shdfnd@3@@shdfnd@physx@@QEAAXIAEBVHalfEdge@ConvexHull@3@@Z 00000001800193a0 f i ConvexHullUtils.obj
 0001:00018460       ?resize@?$Array@VPxPlane@physx@@V?$ReflectionAllocator@VPxPlane@physx@@@shdfnd@2@@shdfnd@physx@@QEAAXIAEBVPxPlane@3@@Z 0000000180019460 f i ConvexHullUtils.obj
 0001:00018580       ?resize@?$Array@VPxVec3@physx@@V?$ReflectionAllocator@VPxVec3@physx@@@shdfnd@2@@shdfnd@physx@@QEAAXIAEBVPxVec3@3@@Z 0000000180019580 f i ConvexHullUtils.obj
 0001:00018670       ?rotate@Box@Gu@physx@@QEBA?AVPxVec3@3@AEBV43@@Z 0000000180019670 f i ConvexHullUtils.obj
 0001:00018700       ?rotateInv@Box@Gu@physx@@QEBA?AVPxVec3@3@AEBV43@@Z 0000000180019700 f i ConvexHullUtils.obj
 0001:00018790       ?setAxes@Box@Gu@physx@@QEAAXAEBVPxVec3@3@00@Z 0000000180019790 f i ConvexHullUtils.obj
 0001:000187d0       ?setEmpty@Box@Gu@physx@@QEAAXXZ 00000001800197d0 f i ConvexHullUtils.obj
 0001:00018810       ?transform@Box@Gu@physx@@QEBA?AVPxVec3@3@AEBV43@@Z 0000000180019810 f i ConvexHullUtils.obj
 0001:000188b0       ??0ConvexMeshBuilder@physx@@QEAA@_N@Z 00000001800198b0 f   ConvexMeshBuilder.obj
 0001:00018910       ??1ConvexMeshBuilder@physx@@QEAA@XZ 0000000180019910 f   ConvexMeshBuilder.obj
 0001:00018d60       ?build@ConvexMeshBuilder@physx@@QEAA_NAEBVPxConvexMeshDesc@2@I_NPEAVConvexHullLib@2@@Z 0000000180019d60 f   ConvexMeshBuilder.obj
 0001:00019070       ?computeHullPolygons@ConvexMeshBuilder@physx@@QEAA_NAEBIPEBVPxVec3@2@0PEBIAEAVPxAllocatorCallback@2@AEAIAEAPEAV32@4AEAPEAI4AEAPEAUPxHullPolygon@2@@Z 000000018001a070 f   ConvexMeshBuilder.obj
 0001:00019290       ?computeMassInfo@ConvexMeshBuilder@physx@@QEAAX_N@Z 000000018001a290 f   ConvexMeshBuilder.obj
 0001:00019660       ?copy@ConvexMeshBuilder@physx@@QEAA_NAEAUConvexHullInitData@Gu@2@@Z 000000018001a660 f   ConvexMeshBuilder.obj
 0001:00019780       ?isFinite@PxVec3@physx@@QEBA_NXZ 000000018001a780 f i ConvexMeshBuilder.obj
 0001:000197e0       ?loadConvexHull@ConvexMeshBuilder@physx@@QEAA_NAEBVPxConvexMeshDesc@2@PEAVConvexHullLib@2@@Z 000000018001a7e0 f   ConvexMeshBuilder.obj
 0001:00019a50       ?save@ConvexMeshBuilder@physx@@QEBA_NAEAVPxOutputStream@2@_N@Z 000000018001aa50 f   ConvexMeshBuilder.obj
 0001:00019c60       ??$copy@V?$ReflectionAllocator@VPair@@@shdfnd@physx@@@?$Array@VPair@@V?$ReflectionAllocator@VPair@@@shdfnd@physx@@@shdfnd@physx@@IEAAXAEBV012@@Z 000000018001ac60 f i ConvexPolygonsBuilder.obj
 0001:00019ce0       ??0ConvexPolygonsBuilder@physx@@QEAA@PEAUConvexHullData@Gu@1@_N@Z 000000018001ace0 f   ConvexPolygonsBuilder.obj
 0001:00019d00       ??1ConvexPolygonsBuilder@physx@@QEAA@XZ 000000018001ad00 f   ConvexPolygonsBuilder.obj
 0001:0001a550       ?allocate@?$Array@VPair@@V?$ReflectionAllocator@VPair@@@shdfnd@physx@@@shdfnd@physx@@IEAAPEAVPair@@I@Z 000000018001b550 f i ConvexPolygonsBuilder.obj
 0001:0001ad80       ?computeHullPolygons@ConvexPolygonsBuilder@physx@@QEAA_NAEBIPEBVPxVec3@2@0PEBI@Z 000000018001bd80 f   ConvexPolygonsBuilder.obj
 0001:0001be60       ?createPolygonData@ConvexPolygonsBuilder@physx@@AEAA_NXZ 000000018001ce60 f   ConvexPolygonsBuilder.obj
 0001:0001ca50       ?createTrianglesFromPolygons@ConvexPolygonsBuilder@physx@@AEAA_NXZ 000000018001da50 f   ConvexPolygonsBuilder.obj
 0001:0001e0b0       ?growAndPushBack@?$Array@VPair@@V?$ReflectionAllocator@VPair@@@shdfnd@physx@@@shdfnd@physx@@IEAAAEAVPair@@AEBV4@@Z 000000018001f0b0 f i ConvexPolygonsBuilder.obj
 0001:0001e180       ??0QuickHull@local@@QEAA@AEBUPxCookingParams@physx@@AEBVPxConvexMeshDesc@3@@Z 000000018001f180 f   QuickHullConvexHullLib.obj
 0001:0001e230       ??0QuickHullConvexHullLib@physx@@QEAA@AEBVPxConvexMeshDesc@1@AEBUPxCookingParams@1@@Z 000000018001f230 f   QuickHullConvexHullLib.obj
 0001:0001e320       ??1?$MemBlock@UQuickHullFace@local@@$00@local@@QEAA@XZ 000000018001f320 f i QuickHullConvexHullLib.obj
 0001:0001e320       ??1?$MemBlock@UQuickHullHalfEdge@local@@$0A@@local@@QEAA@XZ 000000018001f320 f i QuickHullConvexHullLib.obj
 0001:0001e3b0       ??1QuickHull@local@@QEAA@XZ 000000018001f3b0 f   QuickHullConvexHullLib.obj
 0001:0001e4f0       ??_GConvexHull@physx@@QEAAPEAXI@Z 000000018001f4f0 f i QuickHullConvexHullLib.obj
 0001:0001e5d0       ??_GQuickHullConvexHullLib@physx@@UEAAPEAXI@Z 000000018001f5d0 f i QuickHullConvexHullLib.obj
 0001:0001e5d0       ??_EQuickHullConvexHullLib@physx@@UEAAPEAXI@Z 000000018001f5d0 f i QuickHullConvexHullLib.obj
 0001:0001e6d0       ?addPointToHull@QuickHull@local@@IEAA_NPEBUQuickHullVertex@2@AEAUQuickHullFace@2@AEA_N@Z 000000018001f6d0 f   QuickHullConvexHullLib.obj
 0001:0001e9a0       ?addSimplex@QuickHull@local@@IEAAXPEAUQuickHullVertex@2@_N@Z 000000018001f9a0 f   QuickHullConvexHullLib.obj
 0001:0001ee70       ?allocate@?$Array@PEAUQuickHullFace@local@@V?$ReflectionAllocator@PEAUQuickHullFace@local@@@shdfnd@physx@@@shdfnd@physx@@IEAAPEAPEAUQuickHullFace@local@@I@Z 000000018001fe70 f i QuickHullConvexHullLib.obj
 0001:0001ef10       ?allocate@?$Array@PEAUQuickHullHalfEdge@local@@V?$ReflectionAllocator@PEAUQuickHullHalfEdge@local@@@shdfnd@physx@@@shdfnd@physx@@IEAAPEAPEAUQuickHullHalfEdge@local@@I@Z 000000018001ff10 f i QuickHullConvexHullLib.obj
 0001:0001efb0       ?allocate@?$Array@PEAUQuickHullVertex@local@@V?$ReflectionAllocator@PEAUQuickHullVertex@local@@@shdfnd@physx@@@shdfnd@physx@@IEAAPEAPEAUQuickHullVertex@local@@I@Z 000000018001ffb0 f i QuickHullConvexHullLib.obj
 0001:0001f050       ?allocate@?$Array@UExpandPoint@local@@V?$ReflectionAllocator@UExpandPoint@local@@@shdfnd@physx@@@shdfnd@physx@@IEAAPEAUExpandPoint@local@@I@Z 0000000180020050 f i QuickHullConvexHullLib.obj
 0001:0001f0f0       ?buildHull@QuickHull@local@@QEAA?AW4Enum@QuickHullResult@2@XZ 00000001800200f0 f   QuickHullConvexHullLib.obj
 0001:0001f300       ?calculateHorizon@QuickHull@local@@IEAAXAEBVPxVec3@physx@@PEAUQuickHullHalfEdge@2@AEAUQuickHullFace@2@AEAV?$Array@PEAUQuickHullHalfEdge@local@@V?$ReflectionAllocator@PEAUQuickHullHalfEdge@local@@@shdfnd@physx@@@shdfnd@4@AEAV?$Array@PEAUQuickHullFace@local@@V?$ReflectionAllocator@PEAUQuickHullFace@local@@@shdfnd@physx@@@84@@Z 0000000180020300 f   QuickHullConvexHullLib.obj
 0001:0001f4b0       ?canMergeFaces@QuickHull@local@@IEAA_NAEBUQuickHullHalfEdge@2@@Z 00000001800204b0 f   QuickHullConvexHullLib.obj
 0001:0001fce0       ?cleanupForSimplex@QuickHullConvexHullLib@physx@@IEAA_NPEAVPxVec3@2@IPEAUQuickHullVertex@local@@1AEAM2@Z 0000000180020ce0 f   QuickHullConvexHullLib.obj
 0001:000208f0       ?computeMinMaxVerts@QuickHull@local@@IEAAXXZ 00000001800218f0 f   QuickHullConvexHullLib.obj
 0001:00020cc0       ?connectHalfEdges@QuickHullFace@local@@AEAAPEAU12@PEAUQuickHullHalfEdge@2@0@Z 0000000180021cc0 f   QuickHullConvexHullLib.obj
 0001:00021030       ?copy@?$Array@UExpandPoint@local@@V?$ReflectionAllocator@UExpandPoint@local@@@shdfnd@physx@@@shdfnd@physx@@KAXPEAUExpandPoint@local@@0PEBU45@@Z 0000000180022030 f i QuickHullConvexHullLib.obj
 0001:000210e0       ?createConvexHull@QuickHullConvexHullLib@physx@@UEAA?AW4Enum@PxConvexMeshCookingResult@2@XZ 00000001800220e0 f   QuickHullConvexHullLib.obj
 0001:000214e0       ?createEdgeList@QuickHullConvexHullLib@physx@@UEAA_NIPEBEPEAPEAEPEAPEAG2@Z 00000001800224e0 f   QuickHullConvexHullLib.obj
 0001:00021730       ?createTriangle@QuickHull@local@@IEAAPEAUQuickHullFace@2@AEBUQuickHullVertex@2@00@Z 0000000180022730 f   QuickHullConvexHullLib.obj
 0001:00021b10       ?doAdjacentMerge@QuickHull@local@@IEAA_NAEAUQuickHullFace@2@_NAEA_N@Z 0000000180022b10 f   QuickHullConvexHullLib.obj
 0001:00021e60       ?expandHull@QuickHullConvexHullLib@physx@@IEAA?AW4Enum@PxConvexMeshCookingResult@2@XZ 0000000180022e60 f   QuickHullConvexHullLib.obj
 0001:00022b20       ?expandHullOBB@QuickHullConvexHullLib@physx@@IEAA?AW4Enum@PxConvexMeshCookingResult@2@XZ 0000000180023b20 f   QuickHullConvexHullLib.obj
 0001:00022f30       ?fillConvexMeshDesc@QuickHullConvexHullLib@physx@@UEAAXAEAVPxConvexMeshDesc@2@@Z 0000000180023f30 f   QuickHullConvexHullLib.obj
 0001:00022f80       ?fillConvexMeshDescFromCroppedHull@QuickHullConvexHullLib@physx@@IEAAXAEAVPxConvexMeshDesc@2@@Z 0000000180023f80 f   QuickHullConvexHullLib.obj
 0001:00023170       ?fillConvexMeshDescFromQuickHull@QuickHullConvexHullLib@physx@@IEAAXAEAVPxConvexMeshDesc@2@@Z 0000000180024170 f   QuickHullConvexHullLib.obj
 0001:000234e0       ?findSimplex@QuickHull@local@@IEAA_NXZ 00000001800244e0 f   QuickHullConvexHullLib.obj
 0001:00024190       ?getFreeItem@?$MemBlock@UQuickHullFace@local@@$00@local@@QEAAPEAUQuickHullFace@2@XZ 0000000180025190 f i QuickHullConvexHullLib.obj
 0001:000242c0       ?getFreeItem@?$MemBlock@UQuickHullHalfEdge@local@@$0A@@local@@QEAAPEAUQuickHullHalfEdge@2@XZ 00000001800252c0 f i QuickHullConvexHullLib.obj
 0001:00024390       ?growAndPushBack@?$Array@PEAUQuickHullFace@local@@V?$ReflectionAllocator@PEAUQuickHullFace@local@@@shdfnd@physx@@@shdfnd@physx@@IEAAAEAPEAUQuickHullFace@local@@AEBQEAU45@@Z 0000000180025390 f i QuickHullConvexHullLib.obj
 0001:00024450       ?growAndPushBack@?$Array@PEAUQuickHullHalfEdge@local@@V?$ReflectionAllocator@PEAUQuickHullHalfEdge@local@@@shdfnd@physx@@@shdfnd@physx@@IEAAAEAPEAUQuickHullHalfEdge@local@@AEBQEAU45@@Z 0000000180025450 f i QuickHullConvexHullLib.obj
 0001:00024510       ?growAndPushBack@?$Array@PEAUQuickHullVertex@local@@V?$ReflectionAllocator@PEAUQuickHullVertex@local@@@shdfnd@physx@@@shdfnd@physx@@IEAAAEAPEAUQuickHullVertex@local@@AEBQEAU45@@Z 0000000180025510 f i QuickHullConvexHullLib.obj
 0001:000245d0       ?growAndPushBack@?$Array@UExpandPoint@local@@V?$ReflectionAllocator@UExpandPoint@local@@@shdfnd@physx@@@shdfnd@physx@@IEAAAEAUExpandPoint@local@@AEBU45@@Z 00000001800255d0 f i QuickHullConvexHullLib.obj
 0001:000246d0       ?init@?$MemBlock@UQuickHullFace@local@@$00@local@@QEAAXI@Z 00000001800256d0 f i QuickHullConvexHullLib.obj
 0001:000247c0       ?init@?$MemBlock@UQuickHullHalfEdge@local@@$0A@@local@@QEAAXI@Z 00000001800257c0 f i QuickHullConvexHullLib.obj
 0001:00024860       ?mergeAdjacentFace@QuickHullFace@local@@QEAA_NPEAUQuickHullHalfEdge@2@AEAV?$Array@PEAUQuickHullFace@local@@V?$ReflectionAllocator@PEAUQuickHullFace@local@@@shdfnd@physx@@@shdfnd@physx@@@Z 0000000180025860 f   QuickHullConvexHullLib.obj
 0001:00024cb0       ?nextPointToAdd@QuickHull@local@@IEAAPEAUQuickHullVertex@2@AEAPEAUQuickHullFace@2@@Z 0000000180025cb0 f   QuickHullConvexHullLib.obj
 0001:00024e30       ?parseInputVertices@QuickHull@local@@QEAAXPEBVPxVec3@physx@@I@Z 0000000180025e30 f   QuickHullConvexHullLib.obj
 0001:00024fb0       ?postMergeHull@QuickHull@local@@IEAAXXZ 0000000180025fb0 f   QuickHullConvexHullLib.obj
 0001:00025210       ?preallocate@QuickHull@local@@QEAAXI@Z 0000000180026210 f   QuickHullConvexHullLib.obj
 0001:00025350       ?recreate@?$Array@PEAUQuickHullFace@local@@V?$ReflectionAllocator@PEAUQuickHullFace@local@@@shdfnd@physx@@@shdfnd@physx@@IEAAXI@Z 0000000180026350 f i QuickHullConvexHullLib.obj
 0001:000253f0       ?recreate@?$Array@PEAUQuickHullHalfEdge@local@@V?$ReflectionAllocator@PEAUQuickHullHalfEdge@local@@@shdfnd@physx@@@shdfnd@physx@@IEAAXI@Z 00000001800263f0 f i QuickHullConvexHullLib.obj
 0001:00025490       ?recreate@?$Array@PEAUQuickHullVertex@local@@V?$ReflectionAllocator@PEAUQuickHullVertex@local@@@shdfnd@physx@@@shdfnd@physx@@IEAAXI@Z 0000000180026490 f i QuickHullConvexHullLib.obj
 0001:00025530       ?recreate@?$Array@UExpandPoint@local@@V?$ReflectionAllocator@UExpandPoint@local@@@shdfnd@physx@@@shdfnd@physx@@IEAAXI@Z 0000000180026530 f i QuickHullConvexHullLib.obj
 0001:000255c0       ?resolveUnclaimedPoints@QuickHull@local@@IEAAXAEBV?$Array@PEAUQuickHullFace@local@@V?$ReflectionAllocator@PEAUQuickHullFace@local@@@shdfnd@physx@@@shdfnd@physx@@@Z 00000001800265c0 f   QuickHullConvexHullLib.obj
 0001:000262c0       ?computeVolumeIntegralsEberly@physx@@YA_NAEBVPxConvexMeshDesc@1@MAEAUPxIntegrals@1@AEBVPxVec3@1@@Z 00000001800272c0 f   VolumeIntegration.obj
 0001:00026300       ?computeVolumeIntegralsEberlySIMD@physx@@YA_NAEBVPxConvexMeshDesc@1@MAEAUPxIntegrals@1@AEBVPxVec3@1@@Z 0000000180027300 f   VolumeIntegration.obj
 0001:00026950       ?cookingDelayHook@@YAP6A_JXZIPEAUDelayLoadInfo@@@Z 0000000180027950 f   WindowsCookingDelayLoadHook.obj
 0001:00026a30       PxSetPhysXCookingDelayLoadHook 0000000180027a30 f   WindowsCookingDelayLoadHook.obj
 0001:00026a38       __imp_load_??0RadixSortBuffered@Cm@physx@@QEAA@XZ 0000000180027a38 f   PhysXCommon_64:PhysXCommon_64.dll
 0001:00026a44       ??0RadixSortBuffered@Cm@physx@@QEAA@XZ 0000000180027a44 f   PhysXCommon_64:PhysXCommon_64.dll
 0001:00026a4a       __tailMerge_physxcommon_64_dll 0000000180027a4a     PhysXCommon_64:PhysXCommon_64.dll
 0001:00026ac3       __imp_load_??1RadixSortBuffered@Cm@physx@@UEAA@XZ 0000000180027ac3 f   PhysXCommon_64:PhysXCommon_64.dll
 0001:00026acf       ??1RadixSortBuffered@Cm@physx@@UEAA@XZ 0000000180027acf f   PhysXCommon_64:PhysXCommon_64.dll
 0001:00026ad5       __imp_load_?Sort@RadixSortBuffered@Cm@physx@@QEAAAEAV123@PEBIIW4RadixHint@23@@Z 0000000180027ad5 f   PhysXCommon_64:PhysXCommon_64.dll
 0001:00026ae1       ?Sort@RadixSortBuffered@Cm@physx@@QEAAAEAV123@PEBIIW4RadixHint@23@@Z 0000000180027ae1 f   PhysXCommon_64:PhysXCommon_64.dll
 0001:00026ae7       __imp_load_??0HeightField@Gu@physx@@QEAA@PEAVGuMeshFactory@2@@Z 0000000180027ae7 f   PhysXCommon_64:PhysXCommon_64.dll
 0001:00026af3       ??0HeightField@Gu@physx@@QEAA@PEAVGuMeshFactory@2@@Z 0000000180027af3 f   PhysXCommon_64:PhysXCommon_64.dll
 0001:00026af9       __imp_load_?loadFromDesc@HeightField@Gu@physx@@QEAA_NAEBVPxHeightFieldDesc@3@@Z 0000000180027af9 f   PhysXCommon_64:PhysXCommon_64.dll
 0001:00026b05       ?loadFromDesc@HeightField@Gu@physx@@QEAA_NAEBVPxHeightFieldDesc@3@@Z 0000000180027b05 f   PhysXCommon_64:PhysXCommon_64.dll
 0001:00026b0b       __imp_load_?computeCellCoordinates@HeightField@Gu@physx@@QEBAIMMAEAM0@Z 0000000180027b0b f   PhysXCommon_64:PhysXCommon_64.dll
 0001:00026b17       ?computeCellCoordinates@HeightField@Gu@physx@@QEBAIMMAEAM0@Z 0000000180027b17 f   PhysXCommon_64:PhysXCommon_64.dll
 0001:00026b1d       __imp_load_?releaseMemory@HeightField@Gu@physx@@QEAAXXZ 0000000180027b1d f   PhysXCommon_64:PhysXCommon_64.dll
 0001:00026b29       ?releaseMemory@HeightField@Gu@physx@@QEAAXXZ 0000000180027b29 f   PhysXCommon_64:PhysXCommon_64.dll
 0001:00026b2f       __imp_load_??1HeightField@Gu@physx@@UEAA@XZ 0000000180027b2f f   PhysXCommon_64:PhysXCommon_64.dll
 0001:00026b3b       ??1HeightField@Gu@physx@@UEAA@XZ 0000000180027b3b f   PhysXCommon_64:PhysXCommon_64.dll
 0001:00026b41       __imp_load_??0NodeAllocator@Gu@physx@@QEAA@XZ 0000000180027b41 f   PhysXCommon_64:PhysXCommon_64.dll
 0001:00026b4d       ??0NodeAllocator@Gu@physx@@QEAA@XZ 0000000180027b4d f   PhysXCommon_64:PhysXCommon_64.dll
 0001:00026b53       __imp_load_??1NodeAllocator@Gu@physx@@QEAA@XZ 0000000180027b53 f   PhysXCommon_64:PhysXCommon_64.dll
 0001:00026b5f       ??1NodeAllocator@Gu@physx@@QEAA@XZ 0000000180027b5f f   PhysXCommon_64:PhysXCommon_64.dll
 0001:00026b65       __imp_load_?release@NodeAllocator@Gu@physx@@QEAAXXZ 0000000180027b65 f   PhysXCommon_64:PhysXCommon_64.dll
 0001:00026b71       ?release@NodeAllocator@Gu@physx@@QEAAXXZ 0000000180027b71 f   PhysXCommon_64:PhysXCommon_64.dll
 0001:00026b77       __imp_load_?buildAABBTree@Gu@physx@@YA_NAEAVAABBTreeBuildParams@12@AEAVNodeAllocator@12@AEAUBuildStats@12@AEAPEAI@Z 0000000180027b77 f   PhysXCommon_64:PhysXCommon_64.dll
 0001:00026b83       ?buildAABBTree@Gu@physx@@YA_NAEAVAABBTreeBuildParams@12@AEAVNodeAllocator@12@AEAUBuildStats@12@AEAPEAI@Z 0000000180027b83 f   PhysXCommon_64:PhysXCommon_64.dll
 0001:00026b89       __imp_load_?writeDword@physx@@YAXI_NAEAVPxOutputStream@1@@Z 0000000180027b89 f   PhysXCommon_64:PhysXCommon_64.dll
 0001:00026b95       ?writeDword@physx@@YAXI_NAEAVPxOutputStream@1@@Z 0000000180027b95 f   PhysXCommon_64:PhysXCommon_64.dll
 0001:00026b9b       __imp_load_?writeFloatBuffer@physx@@YAXPEBMI_NAEAVPxOutputStream@1@@Z 0000000180027b9b f   PhysXCommon_64:PhysXCommon_64.dll
 0001:00026ba7       ?writeFloatBuffer@physx@@YAXPEBMI_NAEAVPxOutputStream@1@@Z 0000000180027ba7 f   PhysXCommon_64:PhysXCommon_64.dll
 0001:00026bad       __imp_load_?writeHeader@physx@@YA_NCCCCI_NAEAVPxOutputStream@1@@Z 0000000180027bad f   PhysXCommon_64:PhysXCommon_64.dll
 0001:00026bb9       ?writeHeader@physx@@YA_NCCCCI_NAEAVPxOutputStream@1@@Z 0000000180027bb9 f   PhysXCommon_64:PhysXCommon_64.dll
 0001:00026bbf       __imp_load_?writeWord@physx@@YAXG_NAEAVPxOutputStream@1@@Z 0000000180027bbf f   PhysXCommon_64:PhysXCommon_64.dll
 0001:00026bcb       ?writeWord@physx@@YAXG_NAEAVPxOutputStream@1@@Z 0000000180027bcb f   PhysXCommon_64:PhysXCommon_64.dll
 0001:00026bd1       __imp_load_?writeFloat@physx@@YAXM_NAEAVPxOutputStream@1@@Z 0000000180027bd1 f   PhysXCommon_64:PhysXCommon_64.dll
 0001:00026bdd       ?writeFloat@physx@@YAXM_NAEAVPxOutputStream@1@@Z 0000000180027bdd f   PhysXCommon_64:PhysXCommon_64.dll
 0001:00026be3       __imp_load_?computeBoundsAroundVertices@Gu@physx@@YAXAEAVPxBounds3@2@IPEIBVPxVec3@2@@Z 0000000180027be3 f   PhysXCommon_64:PhysXCommon_64.dll
 0001:00026bef       ?computeBoundsAroundVertices@Gu@physx@@YAXAEAVPxBounds3@2@IPEIBVPxVec3@2@@Z 0000000180027bef f   PhysXCommon_64:PhysXCommon_64.dll
 0001:00026bf5       __imp_load_??0SourceMesh@Gu@physx@@QEAA@XZ 0000000180027bf5 f   PhysXCommon_64:PhysXCommon_64.dll
 0001:00026c01       ??0SourceMesh@Gu@physx@@QEAA@XZ 0000000180027c01 f   PhysXCommon_64:PhysXCommon_64.dll
 0001:00026c07       __imp_load_??1SourceMesh@Gu@physx@@QEAA@XZ 0000000180027c07 f   PhysXCommon_64:PhysXCommon_64.dll
 0001:00026c13       ??1SourceMesh@Gu@physx@@QEAA@XZ 0000000180027c13 f   PhysXCommon_64:PhysXCommon_64.dll
 0001:00026c19       __imp_load_??0BV4Tree@Gu@physx@@QEAA@XZ 0000000180027c19 f   PhysXCommon_64:PhysXCommon_64.dll
 0001:00026c25       ??0BV4Tree@Gu@physx@@QEAA@XZ 0000000180027c25 f   PhysXCommon_64:PhysXCommon_64.dll
 0001:00026c2b       __imp_load_??1BV4Tree@Gu@physx@@QEAA@XZ 0000000180027c2b f   PhysXCommon_64:PhysXCommon_64.dll
 0001:00026c37       ??1BV4Tree@Gu@physx@@QEAA@XZ 0000000180027c37 f   PhysXCommon_64:PhysXCommon_64.dll
 0001:00026c3d       __imp_load_??0BV32Tree@Gu@physx@@QEAA@XZ 0000000180027c3d f   PhysXCommon_64:PhysXCommon_64.dll
 0001:00026c49       ??0BV32Tree@Gu@physx@@QEAA@XZ 0000000180027c49 f   PhysXCommon_64:PhysXCommon_64.dll
 0001:00026c4f       __imp_load_??1BV32Tree@Gu@physx@@QEAA@XZ 0000000180027c4f f   PhysXCommon_64:PhysXCommon_64.dll
 0001:00026c5b       ??1BV32Tree@Gu@physx@@QEAA@XZ 0000000180027c5b f   PhysXCommon_64:PhysXCommon_64.dll
 0001:00026c61       __imp_load_?writeWordBuffer@physx@@YAXPEBGI_NAEAVPxOutputStream@1@@Z 0000000180027c61 f   PhysXCommon_64:PhysXCommon_64.dll
 0001:00026c6d       ?writeWordBuffer@physx@@YAXPEBGI_NAEAVPxOutputStream@1@@Z 0000000180027c6d f   PhysXCommon_64:PhysXCommon_64.dll
 0001:00026c73       __imp_load_?computeMaxIndex@physx@@YAIPEBII@Z 0000000180027c73 f   PhysXCommon_64:PhysXCommon_64.dll
 0001:00026c7f       ?computeMaxIndex@physx@@YAIPEBII@Z 0000000180027c7f f   PhysXCommon_64:PhysXCommon_64.dll
 0001:00026c85       __imp_load_?storeIndices@physx@@YAXIIPEBIAEAVPxOutputStream@1@_N@Z 0000000180027c85 f   PhysXCommon_64:PhysXCommon_64.dll
 0001:00026c91       ?storeIndices@physx@@YAXIIPEBIAEAVPxOutputStream@1@_N@Z 0000000180027c91 f   PhysXCommon_64:PhysXCommon_64.dll
 0001:00026c97       __imp_load_?BuildBV4Ex@Gu@physx@@YA_NAEAVBV4Tree@12@AEAVSourceMesh@12@MI@Z 0000000180027c97 f   PhysXCommon_64:PhysXCommon_64.dll
 0001:00026ca3       ?BuildBV4Ex@Gu@physx@@YA_NAEAVBV4Tree@12@AEAVSourceMesh@12@MI@Z 0000000180027ca3 f   PhysXCommon_64:PhysXCommon_64.dll
 0001:00026ca9       __imp_load_?BuildBV32Ex@Gu@physx@@YA_NAEAVBV32Tree@12@AEAVSourceMesh@12@MI@Z 0000000180027ca9 f   PhysXCommon_64:PhysXCommon_64.dll
 0001:00026cb5       ?BuildBV32Ex@Gu@physx@@YA_NAEAVBV32Tree@12@AEAVSourceMesh@12@MI@Z 0000000180027cb5 f   PhysXCommon_64:PhysXCommon_64.dll
 0001:00026cbb       __imp_load_?computeMaxIndex@physx@@YAGPEBGI@Z 0000000180027cbb f   PhysXCommon_64:PhysXCommon_64.dll
 0001:00026cc7       ?computeMaxIndex@physx@@YAGPEBGI@Z 0000000180027cc7 f   PhysXCommon_64:PhysXCommon_64.dll
 0001:00026ccd       __imp_load_?WriteHeader@Gu@physx@@YA_NEEEEI_NAEAVPxOutputStream@2@@Z 0000000180027ccd f   PhysXCommon_64:PhysXCommon_64.dll
 0001:00026cd9       ?WriteHeader@Gu@physx@@YA_NEEEEI_NAEAVPxOutputStream@2@@Z 0000000180027cd9 f   PhysXCommon_64:PhysXCommon_64.dll
 0001:00026cdf       __imp_load_?StoreIndices@Gu@physx@@YAXGIPEBGAEAVPxOutputStream@2@_N@Z 0000000180027cdf f   PhysXCommon_64:PhysXCommon_64.dll
 0001:00026ceb       ?StoreIndices@Gu@physx@@YAXGIPEBGAEAVPxOutputStream@2@_N@Z 0000000180027ceb f   PhysXCommon_64:PhysXCommon_64.dll
 0001:00026cf1       __imp_load_?CreateOffsets@BigConvexData@physx@@IEAAXXZ 0000000180027cf1 f   PhysXCommon_64:PhysXCommon_64.dll
 0001:00026cfd       ?CreateOffsets@BigConvexData@physx@@IEAAXXZ 0000000180027cfd f   PhysXCommon_64:PhysXCommon_64.dll
 0001:00026d03       __imp_load_?computeOBBPoints@Gu@physx@@YAXPEIAVPxVec3@2@AEBV32@1111@Z 0000000180027d03 f   PhysXCommon_64:PhysXCommon_64.dll
 0001:00026d0f       ?computeOBBPoints@Gu@physx@@YAXPEIAVPxVec3@2@AEBV32@1111@Z 0000000180027d0f f   PhysXCommon_64:PhysXCommon_64.dll
 0001:00026d15       __imp_load_??0BigConvexData@physx@@QEAA@XZ 0000000180027d15 f   PhysXCommon_64:PhysXCommon_64.dll
 0001:00026d21       ??0BigConvexData@physx@@QEAA@XZ 0000000180027d21 f   PhysXCommon_64:PhysXCommon_64.dll
 0001:00026d27       __imp_load_??1BigConvexData@physx@@QEAA@XZ 0000000180027d27 f   PhysXCommon_64:PhysXCommon_64.dll
 0001:00026d33       ??1BigConvexData@physx@@QEAA@XZ 0000000180027d33 f   PhysXCommon_64:PhysXCommon_64.dll
 0001:00026d39       __imp_load_PxGetFoundation 0000000180027d39 f   PhysXFoundation_64:PhysXFoundation_64.dll
 0001:00026d45       PxGetFoundation            0000000180027d45 f   PhysXFoundation_64:PhysXFoundation_64.dll
 0001:00026d4b       __tailMerge_physxfoundation_64_dll 0000000180027d4b     PhysXFoundation_64:PhysXFoundation_64.dll
 0001:00026dc4       __imp_load_?getAllocator@shdfnd@physx@@YAAEAVPxAllocatorCallback@2@XZ 0000000180027dc4 f   PhysXFoundation_64:PhysXFoundation_64.dll
 0001:00026dd0       ?getAllocator@shdfnd@physx@@YAAEAVPxAllocatorCallback@2@XZ 0000000180027dd0 f   PhysXFoundation_64:PhysXFoundation_64.dll
 0001:00026dd6       __imp_load_?getInstance@Foundation@shdfnd@physx@@SAAEAV123@XZ 0000000180027dd6 f   PhysXFoundation_64:PhysXFoundation_64.dll
 0001:00026de2       ?getInstance@Foundation@shdfnd@physx@@SAAEAV123@XZ 0000000180027de2 f   PhysXFoundation_64:PhysXFoundation_64.dll
 0001:00026de8       __imp_load_?error@Foundation@shdfnd@physx@@QEAAXW4Enum@PxErrorCode@3@PEBDH1ZZ 0000000180027de8 f   PhysXFoundation_64:PhysXFoundation_64.dll
 0001:00026df4       ?error@Foundation@shdfnd@physx@@QEAAXW4Enum@PxErrorCode@3@PEBDH1ZZ 0000000180027df4 f   PhysXFoundation_64:PhysXFoundation_64.dll
 0001:00026dfa       __imp_load_?incRefCount@Foundation@shdfnd@physx@@SAXXZ 0000000180027dfa f   PhysXFoundation_64:PhysXFoundation_64.dll
 0001:00026e06       ?incRefCount@Foundation@shdfnd@physx@@SAXXZ 0000000180027e06 f   PhysXFoundation_64:PhysXFoundation_64.dll
 0001:00026e0c       __imp_load_?decRefCount@Foundation@shdfnd@physx@@SAXXZ 0000000180027e0c f   PhysXFoundation_64:PhysXFoundation_64.dll
 0001:00026e18       ?decRefCount@Foundation@shdfnd@physx@@SAXXZ 0000000180027e18 f   PhysXFoundation_64:PhysXFoundation_64.dll
 0001:00026e1e       __imp_load_??0FPUGuard@shdfnd@physx@@QEAA@XZ 0000000180027e1e f   PhysXFoundation_64:PhysXFoundation_64.dll
 0001:00026e2a       ??0FPUGuard@shdfnd@physx@@QEAA@XZ 0000000180027e2a f   PhysXFoundation_64:PhysXFoundation_64.dll
 0001:00026e30       __imp_load_??1FPUGuard@shdfnd@physx@@QEAA@XZ 0000000180027e30 f   PhysXFoundation_64:PhysXFoundation_64.dll
 0001:00026e3c       ??1FPUGuard@shdfnd@physx@@QEAA@XZ 0000000180027e3c f   PhysXFoundation_64:PhysXFoundation_64.dll
 0001:00026e42       __imp_load_?allocate@TempAllocator@shdfnd@physx@@QEAAPEAX_KPEBDH@Z 0000000180027e42 f   PhysXFoundation_64:PhysXFoundation_64.dll
 0001:00026e4e       ?allocate@TempAllocator@shdfnd@physx@@QEAAPEAX_KPEBDH@Z 0000000180027e4e f   PhysXFoundation_64:PhysXFoundation_64.dll
 0001:00026e54       __imp_load_?deallocate@TempAllocator@shdfnd@physx@@QEAAXPEAX@Z 0000000180027e54 f   PhysXFoundation_64:PhysXFoundation_64.dll
 0001:00026e60       ?deallocate@TempAllocator@shdfnd@physx@@QEAAXPEAX@Z 0000000180027e60 f   PhysXFoundation_64:PhysXFoundation_64.dll
 0001:00026e66       __imp_load_?PxDiagonalize@physx@@YA?AVPxVec3@1@AEBVPxMat33@1@AEAVPxQuat@1@@Z 0000000180027e66 f   PhysXFoundation_64:PhysXFoundation_64.dll
 0001:00026e72       ?PxDiagonalize@physx@@YA?AVPxVec3@1@AEBVPxMat33@1@AEAVPxQuat@1@@Z 0000000180027e72 f   PhysXFoundation_64:PhysXFoundation_64.dll
 0001:00026e78       ?DloadAcquireSectionWriteAccess@@YAXXZ 0000000180027e78 f i Delayimp:delayhlp.obj
 0001:00026f24       ?DloadGetSRWLockFunctionPointers@@YAEXZ 0000000180027f24 f i Delayimp:delayhlp.obj
 0001:00026fc4       ?DloadMakePermanentImageCommit@@YAXPEAX_K@Z 0000000180027fc4 f i Delayimp:delayhlp.obj
 0001:0002705c       ?DloadObtainSection@@YAPEAXPEAK0@Z 000000018002805c f i Delayimp:delayhlp.obj
 0001:000270f8       ?DloadProtectSection@@YAXKPEAK@Z 00000001800280f8 f i Delayimp:delayhlp.obj
 0001:00027188       ?DloadReleaseSectionWriteAccess@@YAXXZ 0000000180028188 f i Delayimp:delayhlp.obj
 0001:0002721c       __delayLoadHelper2         000000018002821c f   Delayimp:delayhlp.obj
 0001:000274f4       ??_V@YAXPEAX@Z             00000001800284f4 f   MSVCRT:delete_array.obj
 0001:000274f4       ??3@YAXPEAX_K@Z            00000001800284f4 f   MSVCRT:delete_scalar_size.obj
 0001:000274fc       ??_Gtype_info@@UEAAPEAXI@Z 00000001800284fc f i MSVCRT:std_type_info_static.obj
 0001:000274fc       ??_Etype_info@@UEAAPEAXI@Z 00000001800284fc f i MSVCRT:std_type_info_static.obj
 0001:00027528       ?__scrt_initialize_type_info@@YAXXZ 0000000180028528 f   MSVCRT:tncleanup.obj
 0001:00027538       ?__scrt_uninitialize_type_info@@YAXXZ 0000000180028538 f   MSVCRT:tncleanup.obj
 0001:00027560       _alloca_probe              0000000180028560 f   MSVCRT:chkstk.obj
 0001:00027560       __chkstk                   0000000180028560 f   MSVCRT:chkstk.obj
 0001:000275b0       ??3@YAXPEAX@Z              00000001800285b0 f   MSVCRT:delete_scalar.obj
 0001:000275c0       __vdecl_sinf4              00000001800285c0 f   MSVCRT:svml_ssinf4_dispatch.obj
 0001:000275e0       __libm_sse2_sincosf_       00000001800285e0 f   MSVCRT:svml_ssinf4_dispatch.obj
 0001:00027623       __libm_sse2_sincosf4_      0000000180028623 f   MSVCRT:svml_ssinf4_dispatch.obj
 0001:00027950       _DllMainCRTStartup         0000000180028950 f   MSVCRT:dll_dllmain.obj
 0001:00027990       __isa_available_init       0000000180028990 f   MSVCRT:cpu_disp.obj
 0001:00027b40       __sse2_sinf4@@16           0000000180028b40 f   MSVCRT:svml_ssinf4_sse2.obj
 0001:00028480       __sse4_sinf4@@16           0000000180029480 f   MSVCRT:svml_ssinf4_sse4.obj
 0001:00028bf4       __security_init_cookie     0000000180029bf4 f   MSVCRT:gs_support.obj
 0001:00028ca0       DllMain                    0000000180029ca0 f   MSVCRT:dll_dllmain_stub.obj
 0001:00028cc4       __local_stdio_printf_options 0000000180029cc4 f i MSVCRT:default_local_stdio_options.obj
 0001:00028ccc       __local_stdio_scanf_options 0000000180029ccc f i MSVCRT:default_local_stdio_options.obj
 0001:00028cd4       __scrt_initialize_default_local_stdio_options 0000000180029cd4 f   MSVCRT:default_local_stdio_options.obj
 0001:00028cf0       __scrt_acquire_startup_lock 0000000180029cf0 f   MSVCRT:utility.obj
 0001:00028d2c       __scrt_dllmain_after_initialize_c 0000000180029d2c f   MSVCRT:utility.obj
 0001:00028d60       __scrt_dllmain_before_initialize_c 0000000180029d60 f   MSVCRT:utility.obj
 0001:00028d78       __scrt_dllmain_crt_thread_attach 0000000180029d78 f   MSVCRT:utility.obj
 0001:00028da0       __scrt_dllmain_crt_thread_detach 0000000180029da0 f   MSVCRT:utility.obj
 0001:00028db8       __scrt_dllmain_exception_filter 0000000180029db8 f   MSVCRT:utility.obj
 0001:00028e18       __scrt_dllmain_uninitialize_c 0000000180029e18 f   MSVCRT:utility.obj
 0001:00028e48       __scrt_dllmain_uninitialize_critical 0000000180029e48 f   MSVCRT:utility.obj
 0001:00028e5c       __scrt_initialize_crt      0000000180029e5c f   MSVCRT:utility.obj
 0001:00028ea8       __scrt_initialize_onexit_tables 0000000180029ea8 f   MSVCRT:utility.obj
 0001:00028f34       __scrt_is_nonwritable_in_current_image 0000000180029f34 f   MSVCRT:utility.obj
 0001:00028fcc       __scrt_release_startup_lock 0000000180029fcc f   MSVCRT:utility.obj
 0001:00028ff0       __scrt_uninitialize_crt    0000000180029ff0 f   MSVCRT:utility.obj
 0001:0002901c       __scrt_get_dyn_tls_init_callback 000000018002a01c f   MSVCRT:dyn_tls_init.obj
 0001:00029024       __crt_debugger_hook        000000018002a024 f   MSVCRT:utility_desktop.obj
 0001:0002902c       __scrt_fastfail            000000018002a02c f   MSVCRT:utility_desktop.obj
 0001:00029178       _RTC_Initialize            000000018002a178 f   MSVCRT:initsect.obj
 0001:000291b4       _RTC_Terminate             000000018002a1b4 f   MSVCRT:initsect.obj
 0001:000291f0       __common_ssin_cout_rare    000000018002a1f0 f   MSVCRT:svml_s_sin_cout.obj
 0001:00029260       __scrt_is_ucrt_dll_in_use  000000018002a260 f   MSVCRT:ucrt_detection.obj
 0001:0002926c       _purecall                  000000018002a26c f   vcruntime:VCRUNTIME140.dll
 0001:00029272       __std_type_info_name       000000018002a272 f   vcruntime:VCRUNTIME140.dll
 0001:00029278       memset                     000000018002a278 f   vcruntime:VCRUNTIME140.dll
 0001:0002927e       memcpy                     000000018002a27e f   vcruntime:VCRUNTIME140.dll
 0001:00029284       strstr                     000000018002a284 f   vcruntime:VCRUNTIME140.dll
 0001:0002928a       __std_type_info_destroy_list 000000018002a28a f   vcruntime:VCRUNTIME140.dll
 0001:00029290       __C_specific_handler       000000018002a290 f   vcruntime:VCRUNTIME140.dll
 0001:00029296       strcmp                     000000018002a296 f   ucrt:api-ms-win-crt-string-l1-1-0.dll
 0001:0002929c       atan2f                     000000018002a29c f   ucrt:api-ms-win-crt-math-l1-1-0.dll
 0001:000292a2       free                       000000018002a2a2 f   ucrt:api-ms-win-crt-heap-l1-1-0.dll
 0001:000292a8       _initterm                  000000018002a2a8 f   ucrt:api-ms-win-crt-runtime-l1-1-0.dll
 0001:000292ae       _initterm_e                000000018002a2ae f   ucrt:api-ms-win-crt-runtime-l1-1-0.dll
 0001:000292b4       _seh_filter_dll            000000018002a2b4 f   ucrt:api-ms-win-crt-runtime-l1-1-0.dll
 0001:000292ba       _configure_narrow_argv     000000018002a2ba f   ucrt:api-ms-win-crt-runtime-l1-1-0.dll
 0001:000292c0       _initialize_narrow_environment 000000018002a2c0 f   ucrt:api-ms-win-crt-runtime-l1-1-0.dll
 0001:000292c6       _initialize_onexit_table   000000018002a2c6 f   ucrt:api-ms-win-crt-runtime-l1-1-0.dll
 0001:000292cc       _execute_onexit_table      000000018002a2cc f   ucrt:api-ms-win-crt-runtime-l1-1-0.dll
 0001:000292d2       _cexit                     000000018002a2d2 f   ucrt:api-ms-win-crt-runtime-l1-1-0.dll
 0001:000292d8       __vcrt_thread_attach       000000018002a2d8 f   MSVCRT:ucrt_stubs.obj
 0001:000292d8       __acrt_thread_attach       000000018002a2d8 f   MSVCRT:ucrt_stubs.obj
 0001:000292d8       __scrt_stub_for_acrt_uninitialize 000000018002a2d8 f   MSVCRT:ucrt_stubs.obj
 0001:000292d8       __acrt_uninitialize_critical 000000018002a2d8 f   MSVCRT:ucrt_stubs.obj
 0001:000292d8       __acrt_thread_detach       000000018002a2d8 f   MSVCRT:ucrt_stubs.obj
 0001:000292d8       __vcrt_initialize          000000018002a2d8 f   MSVCRT:ucrt_stubs.obj
 0001:000292d8       __vcrt_thread_detach       000000018002a2d8 f   MSVCRT:ucrt_stubs.obj
 0001:000292d8       __acrt_uninitialize        000000018002a2d8 f   MSVCRT:ucrt_stubs.obj
 0001:000292d8       __vcrt_uninitialize        000000018002a2d8 f   MSVCRT:ucrt_stubs.obj
 0001:000292d8       __scrt_stub_for_acrt_thread_attach 000000018002a2d8 f   MSVCRT:ucrt_stubs.obj
 0001:000292d8       __scrt_stub_for_acrt_thread_detach 000000018002a2d8 f   MSVCRT:ucrt_stubs.obj
 0001:000292d8       __acrt_initialize          000000018002a2d8 f   MSVCRT:ucrt_stubs.obj
 0001:000292d8       __scrt_stub_for_acrt_uninitialize_critical 000000018002a2d8 f   MSVCRT:ucrt_stubs.obj
 0001:000292d8       __vcrt_uninitialize_critical 000000018002a2d8 f   MSVCRT:ucrt_stubs.obj
 0001:000292d8       __scrt_stub_for_acrt_initialize 000000018002a2d8 f   MSVCRT:ucrt_stubs.obj
 0001:000292f0       _guard_dispatch_icall_nop  000000018002a2f0 f   MSVCRT:guard_dispatch.obj
 0001:00029310       _guard_xfg_dispatch_icall_nop 000000018002a310 f   MSVCRT:guard_xfg_dispatch.obj
 0002:00000000       __imp_LoadLibraryA         000000018002b000     kernel32:KERNEL32.dll
 0002:00000008       __imp_SetUnhandledExceptionFilter 000000018002b008     kernel32:KERNEL32.dll
 0002:00000010       __imp_UnhandledExceptionFilter 000000018002b010     kernel32:KERNEL32.dll
 0002:00000018       __imp_IsDebuggerPresent    000000018002b018     kernel32:KERNEL32.dll
 0002:00000020       __imp_RtlVirtualUnwind     000000018002b020     kernel32:KERNEL32.dll
 0002:00000028       __imp_RtlLookupFunctionEntry 000000018002b028     kernel32:KERNEL32.dll
 0002:00000030       __imp_RtlCaptureContext    000000018002b030     kernel32:KERNEL32.dll
 0002:00000038       __imp_DisableThreadLibraryCalls 000000018002b038     kernel32:KERNEL32.dll
 0002:00000040       __imp_GetSystemTimeAsFileTime 000000018002b040     kernel32:KERNEL32.dll
 0002:00000048       __imp_GetCurrentThreadId   000000018002b048     kernel32:KERNEL32.dll
 0002:00000050       __imp_GetCurrentProcessId  000000018002b050     kernel32:KERNEL32.dll
 0002:00000058       __imp_QueryPerformanceCounter 000000018002b058     kernel32:KERNEL32.dll
 0002:00000060       __imp_InitializeSListHead  000000018002b060     kernel32:KERNEL32.dll
 0002:00000068       __imp_LoadLibraryExA       000000018002b068     kernel32:KERNEL32.dll
 0002:00000070       __imp_GetProcAddress       000000018002b070     kernel32:KERNEL32.dll
 0002:00000078       __imp_GetModuleHandleW     000000018002b078     kernel32:KERNEL32.dll
 0002:00000080       __imp_FreeLibrary          000000018002b080     kernel32:KERNEL32.dll
 0002:00000088       __imp_VirtualQuery         000000018002b088     kernel32:KERNEL32.dll
 0002:00000090       __imp_VirtualProtect       000000018002b090     kernel32:KERNEL32.dll
 0002:00000098       __imp_GetSystemInfo        000000018002b098     kernel32:KERNEL32.dll
 0002:000000a0       __imp_GetLastError         000000018002b0a0     kernel32:KERNEL32.dll
 0002:000000a8       __imp_RaiseException       000000018002b0a8     kernel32:KERNEL32.dll
 0002:000000b0       __imp_IsProcessorFeaturePresent 000000018002b0b0     kernel32:KERNEL32.dll
 0002:000000b8       \177KERNEL32_NULL_THUNK_DATA 000000018002b0b8     kernel32:KERNEL32.dll
 0002:000000c0       __imp_memcpy               000000018002b0c0     vcruntime:VCRUNTIME140.dll
 0002:000000c8       __imp_strstr               000000018002b0c8     vcruntime:VCRUNTIME140.dll
 0002:000000d0       __imp___std_type_info_destroy_list 000000018002b0d0     vcruntime:VCRUNTIME140.dll
 0002:000000d8       __imp___C_specific_handler 000000018002b0d8     vcruntime:VCRUNTIME140.dll
[...]
 0002:000064a8       rgwOrd                     00000001800314a8     PhysXCooking_64.exp
 0002:0000659c       szName                     000000018003159c     PhysXCooking_64.exp
 0002:000065b0       $N00001                    00000001800315b0     PhysXCooking_64.exp
 0002:000065df       $N00002                    00000001800315df     PhysXCooking_64.exp
 0002:00006606       $N00003                    0000000180031606     PhysXCooking_64.exp
 0002:00006641       $N00004                    0000000180031641     PhysXCooking_64.exp
 0002:00006668       $N00005                    0000000180031668     PhysXCooking_64.exp
 0002:00006694       $N00006                    0000000180031694     PhysXCooking_64.exp
 0002:000066b5       $N00007                    00000001800316b5     PhysXCooking_64.exp
 0002:000066ea       $N00008                    00000001800316ea     PhysXCooking_64.exp
 0002:00006703       $N00009                    0000000180031703     PhysXCooking_64.exp
 0002:00006723       $N00010                    0000000180031723     PhysXCooking_64.exp
 0002:0000674c       $N00011                    000000018003174c     PhysXCooking_64.exp
 0002:00006773       $N00012                    0000000180031773     PhysXCooking_64.exp
 0002:000067a2       $N00013                    00000001800317a2     PhysXCooking_64.exp
 0002:000067cf       $N00014                    00000001800317cf     PhysXCooking_64.exp
 0002:00006800       $N00015                    0000000180031800     PhysXCooking_64.exp
 0002:00006825       $N00016                    0000000180031825     PhysXCooking_64.exp
 0002:00006850       $N00017                    0000000180031850     PhysXCooking_64.exp
 0002:00006876       $N00018                    0000000180031876     PhysXCooking_64.exp
 0002:00006895       $N00019                    0000000180031895     PhysXCooking_64.exp
 0002:000068cb       $N00020                    00000001800318cb     PhysXCooking_64.exp
 0002:000068f5       $N00021                    00000001800318f5     PhysXCooking_64.exp
 0002:0000691c       $N00022                    000000018003191c     PhysXCooking_64.exp
 0002:00006945       $N00023                    0000000180031945     PhysXCooking_64.exp
 0002:0000695e       $N00024                    000000018003195e     PhysXCooking_64.exp
 0002:00006983       $N00025                    0000000180031983     PhysXCooking_64.exp
 0002:000069a2       $N00026                    00000001800319a2     PhysXCooking_64.exp
 0002:000069c1       $N00027                    00000001800319c1     PhysXCooking_64.exp
 0002:000069e1       $N00028                    00000001800319e1     PhysXCooking_64.exp
 0002:00006a17       $N00029                    0000000180031a17     PhysXCooking_64.exp
 0002:00006a4f       $N00030                    0000000180031a4f     PhysXCooking_64.exp
 0002:00006a83       $N00031                    0000000180031a83     PhysXCooking_64.exp
 0002:00006ab5       $N00032                    0000000180031ab5     PhysXCooking_64.exp
 0002:00006ae2       $N00033                    0000000180031ae2     PhysXCooking_64.exp
 0002:00006b0a       $N00034                    0000000180031b0a     PhysXCooking_64.exp
 0002:00006b3b       $N00035                    0000000180031b3b     PhysXCooking_64.exp
 0002:00006b6a       $N00036                    0000000180031b6a     PhysXCooking_64.exp
 0002:00006b9a       $N00037                    0000000180031b9a     PhysXCooking_64.exp
 0002:00006bc8       $N00038                    0000000180031bc8     PhysXCooking_64.exp
 0002:00006bf9       $N00039                    0000000180031bf9     PhysXCooking_64.exp
 0002:00006c2f       $N00040                    0000000180031c2f     PhysXCooking_64.exp
 0002:00006c63       $N00041                    0000000180031c63     PhysXCooking_64.exp
 0002:00006c95       $N00042                    0000000180031c95     PhysXCooking_64.exp
 0002:00006cc7       $N00043                    0000000180031cc7     PhysXCooking_64.exp
 0002:00006cf3       $N00044                    0000000180031cf3     PhysXCooking_64.exp
 0002:00006d0f       $N00045                    0000000180031d0f     PhysXCooking_64.exp
 0002:00006d39       $N00046                    0000000180031d39     PhysXCooking_64.exp
 0002:00006d5d       $N00047                    0000000180031d5d     PhysXCooking_64.exp
 0002:00006d8f       $N00048                    0000000180031d8f     PhysXCooking_64.exp
 0002:00006db6       $N00049                    0000000180031db6     PhysXCooking_64.exp
 0002:00006de4       $N00050                    0000000180031de4     PhysXCooking_64.exp
 0002:00006e0f       $N00051                    0000000180031e0f     PhysXCooking_64.exp
 0002:00006e3c       $N00052                    0000000180031e3c     PhysXCooking_64.exp
 0002:00006e65       $N00053                    0000000180031e65     PhysXCooking_64.exp
 0002:00006e94       $N00054                    0000000180031e94     PhysXCooking_64.exp
 0002:00006ebd       $N00055                    0000000180031ebd     PhysXCooking_64.exp
 0002:00006ee6       $N00056                    0000000180031ee6     PhysXCooking_64.exp
 0002:00006f14       $N00057                    0000000180031f14     PhysXCooking_64.exp
 0002:00006f3c       $N00058                    0000000180031f3c     PhysXCooking_64.exp
 0002:00006f77       $N00059                    0000000180031f77     PhysXCooking_64.exp
 0002:00006fa1       $N00060                    0000000180031fa1     PhysXCooking_64.exp
 0002:00006fd5       $N00061                    0000000180031fd5     PhysXCooking_64.exp
 0002:0000700b       $N00062                    000000018003200b     PhysXCooking_64.exp
 0002:00007047       $N00063                    0000000180032047     PhysXCooking_64.exp
 0002:0000708f       $N00064                    000000018003208f     PhysXCooking_64.exp
 0002:000070df       $N00065                    00000001800320df     PhysXCooking_64.exp
 0002:00007113       $N00066                    0000000180032113     PhysXCooking_64.exp
 0002:00007148       $N00067                    0000000180032148     PhysXCooking_64.exp
 0002:0000717e       $N00068                    000000018003217e     PhysXCooking_64.exp
 0002:000071a5       $N00069                    00000001800321a5     PhysXCooking_64.exp
 0002:000071ed       $N00070                    00000001800321ed     PhysXCooking_64.exp
 0002:00007233       $N00071                    0000000180032233     PhysXCooking_64.exp
 0002:0000728b       $N00072                    000000018003228b     PhysXCooking_64.exp
 0002:000072d2       $N00073                    00000001800322d2     PhysXCooking_64.exp
 0002:000072fd       $N00074                    00000001800322fd     PhysXCooking_64.exp
 0002:0000732d       $N00075                    000000018003232d     PhysXCooking_64.exp
 0002:0000737d       $N00076                    000000018003237d     PhysXCooking_64.exp
 0002:0000742c       $N00077                    000000018003242c     PhysXCooking_64.exp
 0002:0000748a       $N00078                    000000018003248a     PhysXCooking_64.exp
 0002:000074b6       $N00079                    00000001800324b6     PhysXCooking_64.exp
 0002:000074e2       $N00080                    00000001800324e2     PhysXCooking_64.exp
 0002:00007517       $N00081                    0000000180032517     PhysXCooking_64.exp
 0002:00007540       $N00082                    0000000180032540     PhysXCooking_64.exp
 0002:0000757c       $N00083                    000000018003257c     PhysXCooking_64.exp
 0002:000075a8       $N00084                    00000001800325a8     PhysXCooking_64.exp
 0002:000075db       $N00085                    00000001800325db     PhysXCooking_64.exp
 0002:00007628       $N00086                    0000000180032628     PhysXCooking_64.exp
 0002:0000765b       $N00087                    000000018003265b     PhysXCooking_64.exp
 0002:00007695       $N00088                    0000000180032695     PhysXCooking_64.exp
 0002:000076cf       $N00089                    00000001800326cf     PhysXCooking_64.exp
 0002:0000770b       $N00090                    000000018003270b     PhysXCooking_64.exp
 0002:0000774f       $N00091                    000000018003274f     PhysXCooking_64.exp
 0002:0000777e       $N00092                    000000018003277e     PhysXCooking_64.exp
 0002:000077f8       $N00093                    00000001800327f8     PhysXCooking_64.exp
 0002:00007855       $N00094                    0000000180032855     PhysXCooking_64.exp
 0002:00007881       $N00095                    0000000180032881     PhysXCooking_64.exp
 0002:000078b5       $N00096                    00000001800328b5     PhysXCooking_64.exp
 0002:000078ee       $N00097                    00000001800328ee     PhysXCooking_64.exp
 0002:0000792b       $N00098                    000000018003292b     PhysXCooking_64.exp
 0002:00007961       $N00099                    0000000180032961     PhysXCooking_64.exp
 0002:0000798e       $N00100                    000000018003298e     PhysXCooking_64.exp
 0002:000079bb       $N00101                    00000001800329bb     PhysXCooking_64.exp
 0002:000079e6       $N00102                    00000001800329e6     PhysXCooking_64.exp
 0002:00007a12       $N00103                    0000000180032a12     PhysXCooking_64.exp
 0002:00007a3f       $N00104                    0000000180032a3f     PhysXCooking_64.exp
 0002:00007a5f       $N00105                    0000000180032a5f     PhysXCooking_64.exp
 0002:00007a9b       $N00106                    0000000180032a9b     PhysXCooking_64.exp
 0002:00007acc       $N00107                    0000000180032acc     PhysXCooking_64.exp
 0002:00007afe       $N00108                    0000000180032afe     PhysXCooking_64.exp
 0002:00007b40       $N00109                    0000000180032b40     PhysXCooking_64.exp
 0002:00007b6d       $N00110                    0000000180032b6d     PhysXCooking_64.exp
 0002:00007b91       $N00111                    0000000180032b91     PhysXCooking_64.exp
 0002:00007bc1       $N00112                    0000000180032bc1     PhysXCooking_64.exp
 0002:00007bf4       $N00113                    0000000180032bf4     PhysXCooking_64.exp
 0002:00007c19       $N00114                    0000000180032c19     PhysXCooking_64.exp
 0002:00007c47       $N00115                    0000000180032c47     PhysXCooking_64.exp
 0002:00007c6f       $N00116                    0000000180032c6f     PhysXCooking_64.exp
 0002:00007c8f       $N00117                    0000000180032c8f     PhysXCooking_64.exp
 0002:00007cd4       $N00118                    0000000180032cd4     PhysXCooking_64.exp
 0002:00007d11       $N00119                    0000000180032d11     PhysXCooking_64.exp
 0002:00007d4e       $N00120                    0000000180032d4e     PhysXCooking_64.exp
 0002:00007d81       $N00121                    0000000180032d81     PhysXCooking_64.exp
 0002:00007d91       $N00122                    0000000180032d91     PhysXCooking_64.exp
 0002:00007fd0       .idata$6                   0000000180032fd0     kernel32:KERNEL32.dll
 0002:00008058       .idata$6                   0000000180033058     vcruntime:VCRUNTIME140.dll
 0002:00008138       .idata$6                   0000000180033138     ucrt:api-ms-win-crt-string-l1-1-0.dll
 0002:0000815a       .idata$6                   000000018003315a     ucrt:api-ms-win-crt-math-l1-1-0.dll
 0002:0000817a       .idata$6                   000000018003317a     ucrt:api-ms-win-crt-heap-l1-1-0.dll
 0002:0000819a       .idata$6                   000000018003319a     ucrt:api-ms-win-crt-runtime-l1-1-0.dll
 0003:00000000       ?MAXDOT_MINANG@local@@3MB  0000000180034000     ConvexHullUtils.obj
 0003:00000004       ?MAXDOT_MINANG@local@@3MB  0000000180034004     QuickHullConvexHullLib.obj
 0003:000007b0       ?maxV3Error@_VecMathTests@aos@shdfnd@physx@@3T__m128@@B 00000001800347b0     Cooking.obj
 0003:000007c0       ?minFError@_VecMathTests@aos@shdfnd@physx@@3T__m128@@B 00000001800347c0     Cooking.obj
 0003:000007d0       ?maxV4Error@_VecMathTests@aos@shdfnd@physx@@3T__m128@@B 00000001800347d0     Cooking.obj
 0003:000007e0       ?minV4Error@_VecMathTests@aos@shdfnd@physx@@3T__m128@@B 00000001800347e0     Cooking.obj
 0003:000007f0       ?minV3Error@_VecMathTests@aos@shdfnd@physx@@3T__m128@@B 00000001800347f0     Cooking.obj
 0003:00000800       ?maxFError@_VecMathTests@aos@shdfnd@physx@@3T__m128@@B 0000000180034800     Cooking.obj
 0003:00000810       ?maxV3Error@_VecMathTests@aos@shdfnd@physx@@3T__m128@@B 0000000180034810     BVHStructureBuilder.obj
 0003:00000820       ?minFError@_VecMathTests@aos@shdfnd@physx@@3T__m128@@B 0000000180034820     BVHStructureBuilder.obj
 0003:00000830       ?maxV4Error@_VecMathTests@aos@shdfnd@physx@@3T__m128@@B 0000000180034830     BVHStructureBuilder.obj
 0003:00000840       ?minV4Error@_VecMathTests@aos@shdfnd@physx@@3T__m128@@B 0000000180034840     BVHStructureBuilder.obj
 0003:00000850       ?minV3Error@_VecMathTests@aos@shdfnd@physx@@3T__m128@@B 0000000180034850     BVHStructureBuilder.obj
 0003:00000860       ?maxFError@_VecMathTests@aos@shdfnd@physx@@3T__m128@@B 0000000180034860     BVHStructureBuilder.obj
 0003:00000870       ?maxV3Error@_VecMathTests@aos@shdfnd@physx@@3T__m128@@B 0000000180034870     RTreeCooking.obj
 0003:00000880       ?minFError@_VecMathTests@aos@shdfnd@physx@@3T__m128@@B 0000000180034880     RTreeCooking.obj
 0003:00000890       ?maxV4Error@_VecMathTests@aos@shdfnd@physx@@3T__m128@@B 0000000180034890     RTreeCooking.obj
 0003:000008a0       ?minV4Error@_VecMathTests@aos@shdfnd@physx@@3T__m128@@B 00000001800348a0     RTreeCooking.obj
 0003:000008b0       ?minV3Error@_VecMathTests@aos@shdfnd@physx@@3T__m128@@B 00000001800348b0     RTreeCooking.obj
 0003:000008c0       ?maxFError@_VecMathTests@aos@shdfnd@physx@@3T__m128@@B 00000001800348c0     RTreeCooking.obj
 0003:000008d0       ?maxV3Error@_VecMathTests@aos@shdfnd@physx@@3T__m128@@B 00000001800348d0     MeshBuilder.obj
 0003:000008e0       ?minFError@_VecMathTests@aos@shdfnd@physx@@3T__m128@@B 00000001800348e0     MeshBuilder.obj
 0003:000008f0       ?maxV4Error@_VecMathTests@aos@shdfnd@physx@@3T__m128@@B 00000001800348f0     MeshBuilder.obj
 0003:00000900       ?minV4Error@_VecMathTests@aos@shdfnd@physx@@3T__m128@@B 0000000180034900     MeshBuilder.obj
 0003:00000910       ?minV3Error@_VecMathTests@aos@shdfnd@physx@@3T__m128@@B 0000000180034910     MeshBuilder.obj
 0003:00000920       ?maxFError@_VecMathTests@aos@shdfnd@physx@@3T__m128@@B 0000000180034920     MeshBuilder.obj
 0003:00000930       ?maxV3Error@_VecMathTests@aos@shdfnd@physx@@3T__m128@@B 0000000180034930     TriangleMeshBuilder.obj
 0003:00000940       ?minFError@_VecMathTests@aos@shdfnd@physx@@3T__m128@@B 0000000180034940     TriangleMeshBuilder.obj
 0003:00000950       ?maxV4Error@_VecMathTests@aos@shdfnd@physx@@3T__m128@@B 0000000180034950     TriangleMeshBuilder.obj
 0003:00000960       ?minV4Error@_VecMathTests@aos@shdfnd@physx@@3T__m128@@B 0000000180034960     TriangleMeshBuilder.obj
 0003:00000970       ?minV3Error@_VecMathTests@aos@shdfnd@physx@@3T__m128@@B 0000000180034970     TriangleMeshBuilder.obj
 0003:00000980       ?maxFError@_VecMathTests@aos@shdfnd@physx@@3T__m128@@B 0000000180034980     TriangleMeshBuilder.obj
 0003:00000990       ?maxV3Error@_VecMathTests@aos@shdfnd@physx@@3T__m128@@B 0000000180034990     BigConvexDataBuilder.obj
 0003:000009a0       ?minFError@_VecMathTests@aos@shdfnd@physx@@3T__m128@@B 00000001800349a0     BigConvexDataBuilder.obj
 0003:000009b0       ?maxV4Error@_VecMathTests@aos@shdfnd@physx@@3T__m128@@B 00000001800349b0     BigConvexDataBuilder.obj
 0003:000009c0       ?minV4Error@_VecMathTests@aos@shdfnd@physx@@3T__m128@@B 00000001800349c0     BigConvexDataBuilder.obj
 0003:000009d0       ?minV3Error@_VecMathTests@aos@shdfnd@physx@@3T__m128@@B 00000001800349d0     BigConvexDataBuilder.obj
 0003:000009e0       ?maxFError@_VecMathTests@aos@shdfnd@physx@@3T__m128@@B 00000001800349e0     BigConvexDataBuilder.obj
 0003:000009f0       ?maxV3Error@_VecMathTests@aos@shdfnd@physx@@3T__m128@@B 00000001800349f0     ConvexHullBuilder.obj
 0003:00000a00       ?minFError@_VecMathTests@aos@shdfnd@physx@@3T__m128@@B 0000000180034a00     ConvexHullBuilder.obj
 0003:00000a10       ?maxV4Error@_VecMathTests@aos@shdfnd@physx@@3T__m128@@B 0000000180034a10     ConvexHullBuilder.obj
 0003:00000a20       ?minV4Error@_VecMathTests@aos@shdfnd@physx@@3T__m128@@B 0000000180034a20     ConvexHullBuilder.obj
 0003:00000a30       ?minV3Error@_VecMathTests@aos@shdfnd@physx@@3T__m128@@B 0000000180034a30     ConvexHullBuilder.obj
 0003:00000a40       ?maxFError@_VecMathTests@aos@shdfnd@physx@@3T__m128@@B 0000000180034a40     ConvexHullBuilder.obj
 0003:00000a50       ?maxV3Error@_VecMathTests@aos@shdfnd@physx@@3T__m128@@B 0000000180034a50     ConvexHullUtils.obj
 0003:00000a60       ?minFError@_VecMathTests@aos@shdfnd@physx@@3T__m128@@B 0000000180034a60     ConvexHullUtils.obj
 0003:00000a70       ?maxV4Error@_VecMathTests@aos@shdfnd@physx@@3T__m128@@B 0000000180034a70     ConvexHullUtils.obj
 0003:00000a80       ?minV4Error@_VecMathTests@aos@shdfnd@physx@@3T__m128@@B 0000000180034a80     ConvexHullUtils.obj
 0003:00000a90       ?minV3Error@_VecMathTests@aos@shdfnd@physx@@3T__m128@@B 0000000180034a90     ConvexHullUtils.obj
 0003:00000aa0       ?maxFError@_VecMathTests@aos@shdfnd@physx@@3T__m128@@B 0000000180034aa0     ConvexHullUtils.obj
 0003:00000ab0       ?maxV3Error@_VecMathTests@aos@shdfnd@physx@@3T__m128@@B 0000000180034ab0     ConvexMeshBuilder.obj
 0003:00000ac0       ?minFError@_VecMathTests@aos@shdfnd@physx@@3T__m128@@B 0000000180034ac0     ConvexMeshBuilder.obj
 0003:00000ad0       ?maxV4Error@_VecMathTests@aos@shdfnd@physx@@3T__m128@@B 0000000180034ad0     ConvexMeshBuilder.obj
 0003:00000ae0       ?minV4Error@_VecMathTests@aos@shdfnd@physx@@3T__m128@@B 0000000180034ae0     ConvexMeshBuilder.obj
 0003:00000af0       ?minV3Error@_VecMathTests@aos@shdfnd@physx@@3T__m128@@B 0000000180034af0     ConvexMeshBuilder.obj
 0003:00000b00       ?maxFError@_VecMathTests@aos@shdfnd@physx@@3T__m128@@B 0000000180034b00     ConvexMeshBuilder.obj
 0003:00000b10       ?maxV3Error@_VecMathTests@aos@shdfnd@physx@@3T__m128@@B 0000000180034b10     VolumeIntegration.obj
 0003:00000b20       ?minFError@_VecMathTests@aos@shdfnd@physx@@3T__m128@@B 0000000180034b20     VolumeIntegration.obj
 0003:00000b30       ?maxV4Error@_VecMathTests@aos@shdfnd@physx@@3T__m128@@B 0000000180034b30     VolumeIntegration.obj
 0003:00000b40       ?minV4Error@_VecMathTests@aos@shdfnd@physx@@3T__m128@@B 0000000180034b40     VolumeIntegration.obj
 0003:00000b50       ?minV3Error@_VecMathTests@aos@shdfnd@physx@@3T__m128@@B 0000000180034b50     VolumeIntegration.obj
 0003:00000b60       ?maxFError@_VecMathTests@aos@shdfnd@physx@@3T__m128@@B 0000000180034b60     VolumeIntegration.obj
 0003:00000b70       ?gCookingDelayLoadHook@@3PEBVPxDelayLoadHook@physx@@EB 0000000180034b70     WindowsCookingDelayLoadHook.obj
 0003:00000bd0       ?__proc_attached@@3HA      0000000180034bd0     MSVCRT:dll_dllmain.obj
 0003:00000bf8       ?is_initialized_as_dll@@3_NA 0000000180034bf8     MSVCRT:utility.obj
 0003:00000bf9       ?module_local_atexit_table_initialized@@3_NA 0000000180034bf9     MSVCRT:utility.obj
 0003:00000c00       ?module_local_atexit_table@@3U_onexit_table_t@@A 0000000180034c00     MSVCRT:utility.obj
 0003:00000c18       ?module_local_at_quick_exit_table@@3U_onexit_table_t@@A 0000000180034c18     MSVCRT:utility.obj
 0005:00000000       _2il0floatpacket$19        0000000180037000     MSVCRT:svml_ssinf4_sse2.obj
 0005:00002200       _vmlsSinHATab              0000000180039200     MSVCRT:svml_s_sin_cout.obj
 0006:000000a0       $R000000                   000000018003a0a0     PhysXCooking.res
 0006:000003d0       $R000330                   000000018003a3d0     PhysXCooking.res
