 PhysXCooking_64

 Timestamp is 61f80a1e (Mon Jan 31 17:11:10 2022)

 Preferred load address is 0000000180000000

 Start         Length     Name                   Class
 0001:00000000 000003c0H .text$di                CODE
 0001:000003c0 00028710H .text$mn                CODE
 0001:00028ad0 00000036H .text$mn$00             CODE
 0001:00028b06 00000092H .text$x                 CODE
 0002:00000000 00000180H .idata$5                DATA
 0002:00000180 00000030H .00cfg                  DATA
 0002:000001b0 00000008H .CRT$XCA                DATA
 0002:000001b8 000001e0H .CRT$XCU                DATA
 0002:00000398 00000008H .CRT$XCZ                DATA
 0002:000003a0 00000008H .CRT$XIA                DATA
 0002:000003a8 00000008H .CRT$XIZ                DATA
 0002:000003b0 00000008H .CRT$XPA                DATA
 0002:000003b8 00000008H .CRT$XPZ                DATA
 0002:000003c0 00000008H .CRT$XTA                DATA
 0002:000003c8 00000008H .CRT$XTZ                DATA
 0002:000003d0 00000000H .gehcont$y              DATA
 0002:000003d0 00000000H .gfids$y                DATA
 0002:000003d0 00001fb0H .rdata                  DATA
 0002:00002380 00000000H .rdata$CastGuardVftablesA DATA
 0002:00002380 00000000H .rdata$CastGuardVftablesC DATA
 0002:00002380 00000074H .rdata$r                DATA
 0002:000023f4 00000024H .rdata$voltmd           DATA
 0002:00002418 000003b8H .rdata$zzzdbg           DATA
 0002:000027d0 00000008H .rtc$IAA                DATA
 0002:000027d8 00000008H .rtc$IZZ                DATA
 0002:000027e0 00000008H .rtc$TAA                DATA
 0002:000027e8 00000008H .rtc$TZZ                DATA
 0002:000027f0 00002b98H .xdata                  DATA
 0002:00005388 00000040H .didat$2                DATA
 0002:000053c8 00000020H .didat$3                DATA
 0002:000053e8 000001b0H .didat$4                DATA
 0002:00005598 00000a50H .didat$6                DATA
 0002:00005fe8 000001b8H .didat$7                DATA
 0002:000061a0 00001d34H .edata                  DATA
 0002:00007ed4 00000078H .idata$2                DATA
 0002:00007f4c 00000014H .idata$3                DATA
 0002:00007f60 00000180H .idata$4                DATA
 0002:000080e0 000003d4H .idata$6                DATA
 0003:00000000 00000068H .data                   DATA
 0003:00000068 00000308H .data$r                 DATA
 0003:00000370 00000020H .data$rs                DATA
 0003:00000390 000001b0H .didat$5                DATA
 0003:00000540 00000490H .bss                    DATA
 0004:00000000 00001cf8H .pdata                  DATA
 0005:00000000 00002208H _RDATA                  DATA
 0006:00000000 000000a0H .rsrc$01                DATA
 0006:000000a0 000004b0H .rsrc$02                DATA

  Address         Publics by Value              Rva+Base               Lib:Object

 0000:00000000       __hybrid_auxiliary_iat_copy 0000000000000000     <absolute>
 0000:00000000       __hybrid_auxiliary_iat     0000000000000000     <absolute>
 0000:00000000       __guard_eh_cont_count      0000000000000000     <absolute>
 0000:00000000       ___safe_se_handler_count   0000000000000000     <absolute>
 0000:00000000       __dynamic_value_reloc_table 0000000000000000     <absolute>
 0000:00000000       __arm64x_extra_rfe_table_size 0000000000000000     <absolute>
 0000:00000000       __guard_longjmp_count      0000000000000000     <absolute>
 0000:00000000       __guard_iat_count          0000000000000000     <absolute>
 0000:00000000       __hybrid_code_map          0000000000000000     <absolute>
 0000:00000000       __guard_check_icall_a64n_fptr 0000000000000000     <absolute>
 0000:00000000       __guard_fids_table         0000000000000000     <absolute>
 0000:00000000       __arm64x_extra_rfe_table   0000000000000000     <absolute>
 0000:00000000       __guard_iat_table          0000000000000000     <absolute>
 0000:00000000       __arm64x_redirection_metadata 0000000000000000     <absolute>
 0000:00000000       __guard_fids_count         0000000000000000     <absolute>
 0000:00000000       __AbsoluteZero             0000000000000000     <absolute>
 0000:00000000       __x64_code_ranges_to_entry_points 0000000000000000     <absolute>
 0000:00000000       __x64_code_ranges_to_entry_points_count 0000000000000000     <absolute>
 0000:00000000       __arm64x_redirection_metadata_count 0000000000000000     <absolute>
 0000:00000000       __guard_longjmp_table      0000000000000000     <absolute>
 0000:00000000       __enclave_config           0000000000000000     <absolute>
 0000:00000000       ___safe_se_handler_table   0000000000000000     <absolute>
 0000:00000000       __guard_eh_cont_table      0000000000000000     <absolute>
 0000:00000000       __arm64x_native_entrypoint 0000000000000000     <absolute>
 0000:00000000       __hybrid_code_map_count    0000000000000000     <absolute>
 0000:00000100       __guard_flags              0000000000000100     <absolute>
 0000:00000000       __ImageBase                0000000180000000     <linker-defined>
 0001:000003c0       ??$?_UV?$ReflectionAllocator@VAdjTriangle@physx@@@shdfnd@physx@@@UserAllocated@shdfnd@physx@@SAPEAX_KV?$ReflectionAllocator@VAdjTriangle@physx@@@12@PEBDH@Z 00000001800013c0 f i Adjacencies.obj
 0001:00000460       ??0AdjacenciesBuilder@physx@@QEAA@XZ 0000000180001460 f   Adjacencies.obj
 0001:00000470       ??4Allocator@shdfnd@physx@@QEAAAEAV012@AEBV012@@Z 0000000180001470 f i Adjacencies.obj
 0001:00000470       ??4Allocator@shdfnd@physx@@QEAAAEAV012@$$QEAV012@@Z 0000000180001470 f i Adjacencies.obj
 0001:00000470       ??0HeightFieldData@Gu@physx@@QEAA@W4PxEMPTY@2@@Z 0000000180001470 f i Cooking.obj
 0001:00000470       ??0AABBTreeBuildNode@Gu@physx@@QEAA@XZ 0000000180001470 f i BVHStructureBuilder.obj
 0001:00000470       ??0Box@Gu@physx@@QEAA@XZ   0000000180001470 f i ConvexHullUtils.obj
 0001:00000470       ??4MutexImpl@shdfnd@physx@@QEAAAEAV012@AEBV012@@Z 0000000180001470 f i Adjacencies.obj
 0001:00000470       ?getAABB@AABBTreeBuildNode@Gu@physx@@QEBAAEBVPxBounds3@3@XZ 0000000180001470 f i BVHStructureBuilder.obj
 0001:00000470       ??0BigConvexData@physx@@QEAA@W4PxEMPTY@1@@Z 0000000180001470 f i BigConvexDataBuilder.obj
 0001:00000470       ??4PxFoundation@physx@@QEAAAEAV01@AEBV01@@Z 0000000180001470 f i Adjacencies.obj
 0001:00000470       ?getPaddedBounds@HeightFieldData@Gu@physx@@QEBAAEBVCenterExtentsPadded@23@XZ 0000000180001470 f i Cooking.obj
 0001:00000470       ??0Allocator@shdfnd@physx@@QEAA@PEBD@Z 0000000180001470 f i Adjacencies.obj
 0001:00000480       ??0PxFoundation@physx@@QEAA@AEBV01@@Z 0000000180001480 f i Adjacencies.obj
 0001:00000480       ??0PxFoundation@physx@@QEAA@XZ 0000000180001480 f i Adjacencies.obj
 0001:00000490       ??1Adjacencies@physx@@QEAA@XZ 0000000180001490 f   Adjacencies.obj
 0001:00000500       ??1AdjacenciesBuilder@physx@@QEAA@XZ 0000000180001500 f   Adjacencies.obj
 0001:00000510       ??1PxFoundation@physx@@MEAA@XZ 0000000180001510 f i Adjacencies.obj
 0001:00000520       ??_EPxFoundation@physx@@MEAAPEAXI@Z 0000000180001520 f i Adjacencies.obj
 0001:000005b0       ??1Box@Gu@physx@@QEAA@XZ   00000001800015b0 f i ConvexHullUtils.obj
 0001:000005b0       ??1AABBTreeBuildNode@Gu@physx@@QEAA@XZ 00000001800015b0 f i BVHStructureBuilder.obj
 0001:000005b0       ?onMeshIndexFormatChange@TriangleMeshBuilder@physx@@UEAAXXZ 00000001800015b0 f i TriangleMeshBuilder.obj
 0001:000005b0       ??1BigConvexDataBuilder@physx@@QEAA@XZ 00000001800015b0 f i BigConvexDataBuilder.obj
 0001:000005b0       ??1HeightFieldData@Gu@physx@@QEAA@XZ 00000001800015b0 f i Cooking.obj
 0001:000005b0       ??_FAllocator@shdfnd@physx@@QEAAXXZ 00000001800015b0 f i Adjacencies.obj
 0001:000005b0       _guard_check_icall_nop     00000001800015b0 f i MSVCRT:guard_support.obj
 0001:000005c0       ??_FNamedAllocator@shdfnd@physx@@QEAAXXZ 00000001800015c0 f i Adjacencies.obj
 0001:000006d0       ?ComputeNbBoundaryEdges@Adjacencies@physx@@QEBAIXZ 00000001800016d0 f   Adjacencies.obj
 0001:000009b0       ?GetNbHits@RadixSort@Cm@physx@@QEBAIXZ 00000001800019b0 f i Adjacencies.obj
 0001:000009c0       ?GetNbTotalCalls@RadixSort@Cm@physx@@QEBAIXZ 00000001800019c0 f i Adjacencies.obj
 0001:000009d0       ?getErrorCallback@Foundation@shdfnd@physx@@UEAAAEAVPxErrorCallback@3@XZ 00000001800019d0 f i Adjacencies.obj
 0001:000009d0       ?GetRanks@RadixSort@Cm@physx@@QEBAPEBIXZ 00000001800019d0 f i Adjacencies.obj
 0001:000009e0       ?GetRecyclable@RadixSort@Cm@physx@@QEBAPEAIXZ 00000001800019e0 f i Adjacencies.obj
 0001:000009e0       ?GetValencies@BigConvexData@physx@@QEBAPEBUValency@Gu@2@XZ 00000001800019e0 f i BigConvexDataBuilder.obj
 0001:000009e0       ?getPos@AABBTreeBuildNode@Gu@physx@@QEBAPEBV123@XZ 00000001800019e0 f i BVHStructureBuilder.obj
 0001:000009f0       ?Init@AdjacenciesBuilder@physx@@QEAA_NAEBUADJACENCIESCREATE@2@@Z 00000001800019f0 f   Adjacencies.obj
 0001:00000f30       ?getAllocator@Foundation@shdfnd@physx@@QEAAAEAVPxAllocatorCallback@3@XZ 0000000180001f30 f i Adjacencies.obj
 0001:00000f40       ?getAllocatorCallback@Foundation@shdfnd@physx@@UEAAAEAVPxAllocatorCallback@3@XZ 0000000180001f40 f i Adjacencies.obj
 0001:00000f50       ?getErrorLevel@Foundation@shdfnd@physx@@UEBA?AW4Enum@PxErrorCode@3@XZ 0000000180001f50 f i Adjacencies.obj
 0001:00000f60       ?getInternalErrorCallback@Foundation@shdfnd@physx@@QEAAAEAVPxErrorCallback@3@XZ 0000000180001f60 f i Adjacencies.obj
 0001:00000f70       ?getNamedAllocMap@Foundation@shdfnd@physx@@QEAAAEAV?$HashMap@PEBVNamedAllocator@shdfnd@physx@@PEBDU?$Hash@PEBVNamedAllocator@shdfnd@physx@@@23@VNonTrackingAllocator@23@@23@XZ 0000000180001f70 f i Adjacencies.obj
 0001:00000f80       ?getNamedAllocMutex@Foundation@shdfnd@physx@@QEAAAEAV?$MutexT@VAllocator@shdfnd@physx@@@23@XZ 0000000180001f80 f i Adjacencies.obj
 0001:00000f90       ?getReportAllocationNames@Foundation@shdfnd@physx@@UEBA_NXZ 0000000180001f90 f i Adjacencies.obj
 0001:00000fa0       ?getTempAllocFreeTable@Foundation@shdfnd@physx@@QEAAAEAV?$Array@PEATTempAllocatorChunk@shdfnd@physx@@VAllocator@23@@23@XZ 0000000180001fa0 f i Adjacencies.obj
 0001:00000fb0       ?getTempAllocMutex@Foundation@shdfnd@physx@@QEAAAEAV?$MutexT@VAllocator@shdfnd@physx@@@23@XZ 0000000180001fb0 f i Adjacencies.obj
 0001:00000fc0       ?invalidateRanks@RadixSort@Cm@physx@@QEAAXXZ 0000000180001fc0 f i Adjacencies.obj
 0001:00000fd0       ?setErrorLevel@Foundation@shdfnd@physx@@UEAAXW4Enum@PxErrorCode@3@@Z 0000000180001fd0 f i Adjacencies.obj
 0001:00000fe0       ?setReportAllocationNames@Foundation@shdfnd@physx@@UEAAX_N@Z 0000000180001fe0 f i Adjacencies.obj
 0001:00000ff0       ??0DebugText@Cm@physx@@QEAA@$$QEAU012@@Z 0000000180001ff0 f i Cooking.obj
 0001:00000ff0       ??0DebugText@Cm@physx@@QEAA@AEBU012@@Z 0000000180001ff0 f i Cooking.obj
 0001:000010d0       ??4HeightFieldData@Gu@physx@@QEAAAEAU012@AEBU012@@Z 00000001800020d0 f i Cooking.obj
 0001:000010d0       ??0HeightFieldData@Gu@physx@@QEAA@$$QEAU012@@Z 00000001800020d0 f i Cooking.obj
 0001:000010d0       ??0HeightFieldData@Gu@physx@@QEAA@AEBU012@@Z 00000001800020d0 f i Cooking.obj
 0001:000010d0       ??4HeightFieldData@Gu@physx@@QEAAAEAU012@$$QEAU012@@Z 00000001800020d0 f i Cooking.obj
 0001:00001130       ??0HeightFieldData@Gu@physx@@QEAA@XZ 0000000180002130 f i Cooking.obj
 0001:00001140       ??0RenderOutput@Cm@physx@@QEAA@AEAVRenderBuffer@12@@Z 0000000180002140 f i Cooking.obj
 0001:00001190       ??0RenderOutput@Cm@physx@@QEAA@AEBV012@@Z 0000000180002190 f i Cooking.obj
 0001:00001230       ??1PxHeightField@physx@@MEAA@XZ 0000000180002230 f i Cooking.obj
 0001:00001230       ??1PxConvexMesh@physx@@MEAA@XZ 0000000180002230 f i Cooking.obj
 0001:00001240       ??4DebugText@Cm@physx@@QEAAAEAU012@AEBU012@@Z 0000000180002240 f i Cooking.obj
 0001:00001240       ??4DebugText@Cm@physx@@QEAAAEAU012@$$QEAU012@@Z 0000000180002240 f i Cooking.obj
 0001:00001370       ??4FPUGuard@shdfnd@physx@@QEAAAEAV012@AEBV012@@Z 0000000180002370 f i Cooking.obj
 0001:00001390       ??_ECooking@physx@@UEAAPEAXI@Z 0000000180002390 f i Cooking.obj
 0001:00001390       ??_GCooking@physx@@UEAAPEAXI@Z 0000000180002390 f i Cooking.obj
 0001:000013e0       ??_EPxBase@physx@@MEAAPEAXI@Z 00000001800023e0 f i Cooking.obj
 0001:000013e0       ??_GPxBase@physx@@MEAAPEAXI@Z 00000001800023e0 f i Cooking.obj
 0001:00001410       ??_GPxCooking@physx@@MEAAPEAXI@Z 0000000180002410 f i Cooking.obj
 0001:00001410       ??_EPxCooking@physx@@MEAAPEAXI@Z 0000000180002410 f i Cooking.obj
 0001:00001440       ?computeHullPolygons@Cooking@physx@@UEBA_NAEBVPxSimpleTriangleMesh@2@AEAVPxAllocatorCallback@2@AEAIAEAPEAVPxVec3@2@2AEAPEAI2AEAPEAUPxHullPolygon@2@@Z 0000000180002440 f   Cooking.obj
 0001:00001620       ?cookBVHStructure@Cooking@physx@@UEBA_NAEBVPxBVHStructureDesc@2@AEAVPxOutputStream@2@@Z 0000000180002620 f   Cooking.obj
 0001:00001700       ?cookConvexMesh@Cooking@physx@@UEBA_NAEBVPxConvexMeshDesc@2@AEAVPxOutputStream@2@PEAW4Enum@PxConvexMeshCookingResult@2@@Z 0000000180002700 f   Cooking.obj
 0001:000018e0       ?cookConvexMeshInternal@Cooking@physx@@AEBA_NAEBVPxConvexMeshDesc@2@AEAVConvexMeshBuilder@2@PEAVConvexHullLib@2@PEAW4Enum@PxConvexMeshCookingResult@2@@Z 00000001800028e0 f   Cooking.obj
 0001:00001b50       ?cookHeightField@Cooking@physx@@UEBA_NAEBVPxHeightFieldDesc@2@AEAVPxOutputStream@2@@Z 0000000180002b50 f   Cooking.obj
 0001:00001c50       ?cookTriangleMesh@Cooking@physx@@UEBA_NAEBVPxTriangleMeshDesc@2@AEAVPxOutputStream@2@PEAW4Enum@PxTriangleMeshCookingResult@2@@Z 0000000180002c50 f   Cooking.obj
 0001:00001d90       ?copy@?$Array@UPxDebugLine@physx@@VNamedAllocator@shdfnd@2@@shdfnd@physx@@KAXPEAUPxDebugLine@3@0PEBU43@@Z 0000000180002d90 f i Cooking.obj
 0001:00001f40       ?createBVHStructure@Cooking@physx@@UEBAPEAVPxBVHStructure@2@AEBVPxBVHStructureDesc@2@AEAVPxPhysicsInsertionCallback@2@@Z 0000000180002f40 f   Cooking.obj
 0001:00002020       ?createConvexMesh@Cooking@physx@@UEBAPEAVPxConvexMesh@2@AEBVPxConvexMeshDesc@2@AEAVPxPhysicsInsertionCallback@2@PEAW4Enum@PxConvexMeshCookingResult@2@@Z 0000000180003020 f   Cooking.obj
 0001:00002220       ?createHeightField@Cooking@physx@@UEBAPEAVPxHeightField@2@AEBVPxHeightFieldDesc@2@AEAVPxPhysicsInsertionCallback@2@@Z 0000000180003220 f   Cooking.obj
 0001:000023e0       ?createTriangleMesh@Cooking@physx@@UEBAPEAVPxTriangleMesh@2@AEBVPxTriangleMeshDesc@2@AEAVPxPhysicsInsertionCallback@2@PEAW4Enum@PxTriangleMeshCookingResult@2@@Z 00000001800033e0 f   Cooking.obj
 0001:00002530       ?getConcreteTypeName@PxConvexMesh@physx@@UEBAPEBDXZ 0000000180003530 f i Cooking.obj
 0001:00002540       ?getConcreteTypeName@PxHeightField@physx@@UEBAPEBDXZ 0000000180003540 f i Cooking.obj
 0001:00002550       ?getConvexEdgeThreshold@HeightField@Gu@physx@@UEBAMXZ 0000000180003550 f i Cooking.obj
 0001:00002560       ?getFlags@HeightField@Gu@physx@@UEBA?AV?$PxFlags@W4Enum@PxHeightFieldFlag@physx@@G@3@XZ 0000000180003560 f i Cooking.obj
 0001:00002570       ?getFormat@HeightField@Gu@physx@@UEBA?AW4Enum@PxHeightFieldFormat@3@XZ 0000000180003570 f i Cooking.obj
 0001:00002580       ?getHeight@HeightField@Gu@physx@@UEBAMMM@Z 0000000180003580 f i Cooking.obj
 0001:000025c0       ?getHeightInternal2@HeightField@Gu@physx@@QEBAMIMM@Z 00000001800035c0 f i Cooking.obj
 0001:00002730       ?getIndexBuffer@ConvexMesh@Gu@physx@@UEBAPEBEXZ 0000000180003730 f i Cooking.obj
 0001:00002770       ?getNbColumns@HeightField@Gu@physx@@UEBAIXZ 0000000180003770 f i Cooking.obj
 0001:00002780       ?getNbPolygons@ConvexMesh@Gu@physx@@UEBAIXZ 0000000180003780 f i Cooking.obj
 0001:00002790       ?getNbRows@HeightField@Gu@physx@@UEBAIXZ 0000000180003790 f i Cooking.obj
 0001:000027a0       ?getNbVertices@ConvexMesh@Gu@physx@@UEBAIXZ 00000001800037a0 f i Cooking.obj
 0001:000027b0       ?getParams@Cooking@physx@@UEBAAEBUPxCookingParams@2@XZ 00000001800037b0 f   Cooking.obj
 0001:000027b0       ?getDenormalizeScale@QuantizerImpl@@UEBAAEBVPxVec3@physx@@XZ 00000001800037b0 f   Quantizer.obj
 0001:000027c0       ?getSample@HeightField@Gu@physx@@UEBAAEBUPxHeightFieldSample@3@II@Z 00000001800037c0 f i Cooking.obj
 0001:000027d0       ?getSampleStride@HeightField@Gu@physx@@UEBAIXZ 00000001800037d0 f i Cooking.obj
 0001:000027e0       ?getTimestamp@HeightField@Gu@physx@@UEBAIXZ 00000001800037e0 f i Cooking.obj
 0001:000027f0       ?getTriangleMaterialIndex@HeightField@Gu@physx@@UEBAGI@Z 00000001800037f0 f i Cooking.obj
 0001:00002820       ?getTriangleNormal@HeightField@Gu@physx@@UEBA?AVPxVec3@3@I@Z 0000000180003820 f i Cooking.obj
 0001:00002840       ?getTriangleNormalInternal@HeightField@Gu@physx@@QEBA?AVPxVec3@3@I@Z 0000000180003840 f i Cooking.obj
 0001:00002990       ?getVertices@ConvexMesh@Gu@physx@@UEBAPEBVPxVec3@3@XZ 0000000180003990 f i Cooking.obj
 0001:000029b0       ?isKindOf@PxBase@physx@@MEBA_NPEBD@Z 00000001800039b0 f i Cooking.obj
 0001:000029e0       ?isKindOf@PxConvexMesh@physx@@MEBA_NPEBD@Z 00000001800039e0 f i Cooking.obj
 0001:00002a30       ?isKindOf@PxHeightField@physx@@MEBA_NPEBD@Z 0000000180003a30 f i Cooking.obj
 0001:00002a80       ?isReleasable@PxBase@physx@@UEBA_NXZ 0000000180003a80 f i Cooking.obj
 0001:00002a90       ?outputSegment@RenderOutput@Cm@physx@@QEAAXAEBVPxVec3@3@0@Z 0000000180003a90 f i Cooking.obj
 0001:00002b50       ?platformMismatch@Cooking@physx@@UEBA_NXZ 0000000180003b50 f   Cooking.obj
 0001:00002b60       ?preExportDataReset@ConvexMesh@Gu@physx@@QEAAXXZ 0000000180003b60 f i Cooking.obj
 0001:00002b60       ?preExportDataReset@HeightField@Gu@physx@@QEAAXXZ 0000000180003b60 f i Cooking.obj
 0001:00002b70       ?recreate@?$Array@UPxDebugLine@physx@@VNamedAllocator@shdfnd@2@@shdfnd@physx@@IEAAXI@Z 0000000180003b70 f i Cooking.obj
 0001:00002c10       ?release@Cooking@physx@@UEAAXXZ 0000000180003c10 f   Cooking.obj
 0001:00002c30       ?reserveSegments@RenderOutput@Cm@physx@@QEAAPEAUPxDebugLine@3@I@Z 0000000180003c30 f i Cooking.obj
 0001:00002c90       ?setParams@Cooking@physx@@UEAAXAEBUPxCookingParams@2@@Z 0000000180003c90 f   Cooking.obj
 0001:00002cf0       ?validateConvexMesh@Cooking@physx@@UEBA_NAEBVPxConvexMeshDesc@2@@Z 0000000180003cf0 f   Cooking.obj
 0001:00002d50       ?validateTriangleMesh@Cooking@physx@@UEBA_NAEBVPxTriangleMeshDesc@2@@Z 0000000180003d50 f   Cooking.obj
 0001:00002e60       PxCreateCooking            0000000180003e60 f   Cooking.obj
 0001:00002f50       ??0ReducedVertexCloud@physx@@QEAA@PEBVPxVec3@1@I@Z 0000000180003f50 f   CookingUtils.obj
 0001:00002f70       ??1ReducedVertexCloud@physx@@QEAA@XZ 0000000180003f70 f   CookingUtils.obj
 0001:00002f80       ?Clean@ReducedVertexCloud@physx@@QEAAAEAV12@XZ 0000000180003f80 f   CookingUtils.obj
 0001:00002ff0       ?Reduce@ReducedVertexCloud@physx@@QEAA_NPEAUREDUCEDCLOUD@2@@Z 0000000180003ff0 f   CookingUtils.obj
 0001:00003300       ??$?_UI@@YAPEAX_KV?$ReflectionAllocator@I@shdfnd@physx@@PEBDH@Z 0000000180004300 f i EdgeList.obj
 0001:000033a0       ??0EdgeListBuilder@Gu@physx@@QEAA@XZ 00000001800043a0 f   EdgeList.obj
 0001:000033c0       ??1EdgeList@Gu@physx@@QEAA@XZ 00000001800043c0 f   EdgeList.obj
 0001:00003460       ??1EdgeListBuilder@Gu@physx@@QEAA@XZ 0000000180004460 f   EdgeList.obj
 0001:00003470       ?computeActiveEdges@EdgeListBuilder@Gu@physx@@AEAA_NIPEBIPEBGPEBVPxVec3@3@M@Z 0000000180004470 f   EdgeList.obj
 0001:00004ac0       ?createEdgesToFaces@EdgeListBuilder@Gu@physx@@AEAA_NIPEBIPEBG@Z 0000000180005ac0 f   EdgeList.obj
 0001:00004d20       ?createFacesToEdges@EdgeListBuilder@Gu@physx@@AEAA_NIPEBIPEBG@Z 0000000180005d20 f   EdgeList.obj
 0001:00005150       ?init@EdgeListBuilder@Gu@physx@@QEAA_NAEBUEDGELISTCREATE@23@@Z 0000000180006150 f   EdgeList.obj
 0001:00005270       ??0MeshCleaner@physx@@QEAA@IPEBVPxVec3@1@IPEBIM@Z 0000000180006270 f   MeshCleaner.obj
 0001:00005c10       ??1MeshCleaner@physx@@QEAA@XZ 0000000180006c10 f   MeshCleaner.obj
 0001:00005ca0       ??$kmeans_cluster@VPxVec3@physx@@M@@YAIPEBVPxVec3@physx@@IIPEAV01@PEAIMM@Z 0000000180006ca0 f i Quantizer.obj
 0001:00006570       ??_GQuantizer@physx@@MEAAPEAXI@Z 0000000180007570 f i Quantizer.obj
 0001:00006570       ??_EQuantizer@physx@@MEAAPEAXI@Z 0000000180007570 f i Quantizer.obj
 0001:000065a0       ??_EQuantizerImpl@@EEAAPEAXI@Z 00000001800075a0 f i Quantizer.obj
 0001:000065a0       ??_GQuantizerImpl@@EEAAPEAXI@Z 00000001800075a0 f i Quantizer.obj
 0001:00006670       ?createQuantizer@physx@@YAPEAVQuantizer@1@XZ 0000000180007670 f   Quantizer.obj
 0001:00006790       ?getDenormalizeCenter@QuantizerImpl@@UEBAAEBVPxVec3@physx@@XZ 0000000180007790 f i Quantizer.obj
 0001:000067a0       ?growAndPushBack@?$Array@VPxVec3@physx@@VNamedAllocator@shdfnd@2@@shdfnd@physx@@IEAAAEAVPxVec3@3@AEBV43@@Z 00000001800077a0 f i Quantizer.obj
 0001:00006950       ?kmeansQuantize3D@QuantizerImpl@@UEAAPEBVPxVec3@physx@@IPEBV23@I_NIAEAI@Z 0000000180007950 f i Quantizer.obj
 0001:00006bc0       ?normalizeInput@QuantizerImpl@@AEAAXIPEBVPxVec3@physx@@I@Z 0000000180007bc0 f i Quantizer.obj
 0001:00007010       ?release@QuantizerImpl@@UEAAXXZ 0000000180008010 f i Quantizer.obj
 0001:00007030       ??$copy@VNamedAllocator@shdfnd@physx@@@?$Array@USlab@NodeAllocator@Gu@physx@@VNamedAllocator@shdfnd@4@@shdfnd@physx@@IEAAXAEBV012@@Z 0000000180008030 f i BVHStructureBuilder.obj
 0001:000070b0       ??0AABBTreeBuildNode@Gu@physx@@QEAA@AEBV012@@Z 00000001800080b0 f i BVHStructureBuilder.obj
 0001:000070b0       ??4AABBTreeBuildNode@Gu@physx@@QEAAAEAV012@AEBV012@@Z 00000001800080b0 f i BVHStructureBuilder.obj
 0001:000070f0       ??0AABBTreeBuildParams@Gu@physx@@QEAA@IIPEBVPxBounds3@2@@Z 00000001800080f0 f i BVHStructureBuilder.obj
 0001:00007110       ??0BVHStructureBuilder@physx@@QEAA@XZ 0000000180008110 f   BVHStructureBuilder.obj
 0001:00007130       ??0BuildStats@Gu@physx@@QEAA@XZ 0000000180008130 f i BVHStructureBuilder.obj
 0001:00007140       ??0NodeAllocator@Gu@physx@@QEAA@AEBV012@@Z 0000000180008140 f i BVHStructureBuilder.obj
 0001:000071b0       ?reset@AABBTreeBuildParams@Gu@physx@@QEAAXXZ 00000001800081b0 f i BVHStructureBuilder.obj
 0001:000071b0       ??1AABBTreeBuildParams@Gu@physx@@QEAA@XZ 00000001800081b0 f i BVHStructureBuilder.obj
 0001:00007210       ??1BVHStructureBuilder@physx@@QEAA@XZ 0000000180008210 f   BVHStructureBuilder.obj
 0001:00007290       ??4AABBTreeBuildParams@Gu@physx@@QEAAAEAV012@AEBV012@@Z 0000000180008290 f i BVHStructureBuilder.obj
 0001:000072b0       ??4BuildStats@Gu@physx@@QEAAAEAU012@$$QEAU012@@Z 00000001800082b0 f i BVHStructureBuilder.obj
 0001:000072c0       ??4BuildStats@Gu@physx@@QEAAAEAU012@AEBU012@@Z 00000001800082c0 f i BVHStructureBuilder.obj
 0001:000072d0       ??4NodeAllocator@Gu@physx@@QEAAAEAV012@AEBV012@@Z 00000001800082d0 f i BVHStructureBuilder.obj
 0001:00007380       ??_FAABBTreeBuildParams@Gu@physx@@QEAAXXZ 0000000180008380 f i BVHStructureBuilder.obj
 0001:000073a0       ?__global_delete@@YAXPEAX_K@Z 00000001800083a0 f i BVHStructureBuilder.obj
 0001:000073a0       ??_V@YAXPEAX_K@Z           00000001800083a0 f i MSVCRT:delete_array_size.obj
 0001:000073b0       ?allocate@?$Array@USlab@NodeAllocator@Gu@physx@@VNamedAllocator@shdfnd@4@@shdfnd@physx@@IEAAPEAUSlab@NodeAllocator@Gu@3@I@Z 00000001800083b0 f i BVHStructureBuilder.obj
 0001:00007410       ?flatten@@YAXAEBVNodeAllocator@Gu@physx@@PEAUBVHNode@23@@Z 0000000180008410 f   BVHStructureBuilder.obj
 0001:000075e0       ?getCount@BuildStats@Gu@physx@@QEBAIXZ 00000001800085e0 f i BVHStructureBuilder.obj
 0001:000075f0       ?getNbPrimitives@AABBTreeBuildNode@Gu@physx@@QEBAIXZ 00000001800085f0 f i BVHStructureBuilder.obj
 0001:000075f0       ?getNbRuntimePrimitives@AABBTreeBuildNode@Gu@physx@@QEBAIXZ 00000001800085f0 f i BVHStructureBuilder.obj
 0001:00007600       ?getNeg@AABBTreeBuildNode@Gu@physx@@QEBAPEBV123@XZ 0000000180008600 f i BVHStructureBuilder.obj
 0001:00007620       ?getPrimitives@AABBTreeBuildNode@Gu@physx@@QEBAPEBIPEBI@Z 0000000180008620 f i BVHStructureBuilder.obj
 0001:00007620       ?getPrimitives@AABBTreeBuildNode@Gu@physx@@QEAAPEAIPEAI@Z 0000000180008620 f i BVHStructureBuilder.obj
 0001:00007630       ?increaseCount@BuildStats@Gu@physx@@QEAAXI@Z 0000000180008630 f i BVHStructureBuilder.obj
 0001:00007640       ?isLeaf@AABBTreeBuildNode@Gu@physx@@QEBA_NXZ 0000000180008640 f i BVHStructureBuilder.obj
 0001:00007650       ?loadFromDesc@BVHStructureBuilder@physx@@QEAA_NAEBVPxBVHStructureDesc@2@@Z 0000000180008650 f   BVHStructureBuilder.obj
 0001:00007960       ?moveData@BVHStructureBuilder@physx@@QEAAXAEAUBVHStructureData@Gu@2@@Z 0000000180008960 f   BVHStructureBuilder.obj
 0001:000079a0       ?recreate@?$Array@USlab@NodeAllocator@Gu@physx@@VNamedAllocator@shdfnd@4@@shdfnd@physx@@IEAAXI@Z 00000001800089a0 f i BVHStructureBuilder.obj
 0001:00007a50       ?reset@BuildStats@Gu@physx@@QEAAXXZ 0000000180008a50 f i BVHStructureBuilder.obj
 0001:00007a60       ?save@BVHStructureBuilder@physx@@QEBA_NAEAVPxOutputStream@2@_N@Z 0000000180008a60 f   BVHStructureBuilder.obj
 0001:00007be0       ?setCount@BuildStats@Gu@physx@@QEAAXI@Z 0000000180008be0 f i BVHStructureBuilder.obj
 0001:00007bf0       ?setNbRunTimePrimitives@AABBTreeBuildNode@Gu@physx@@QEAAXI@Z 0000000180008bf0 f i BVHStructureBuilder.obj
 0001:00007c00       ?saveHeightField@physx@@YA_NAEBVHeightField@Gu@1@AEAVPxOutputStream@1@_N@Z 0000000180008c00 f   HeightFieldCooking.obj
 0001:00007e40       ??$quickSelectFirstK@UBoundsLTE@physx@@@quickSelect@physx@@YAXPEIAIIIIAEBUBoundsLTE@1@@Z 0000000180008e40 f i RTreeCooking.obj
 0001:00008020       ??$smallSort@I$$CBUSortBoundsPredicate@physx@@@internal@shdfnd@physx@@YAXPEAIHHAEBUSortBoundsPredicate@2@@Z 0000000180009020 f i RTreeCooking.obj
 0001:000082c0       ??$sort@IU?$Less@I@shdfnd@physx@@VNamedAllocator@23@@shdfnd@physx@@YAXPEAIIAEBU?$Less@I@01@AEBVNamedAllocator@01@I@Z 00000001800092c0 f i RTreeCooking.obj
 0001:00008680       ??$sort@IUSortBoundsPredicate@physx@@VNamedAllocator@shdfnd@2@@shdfnd@physx@@YAXPEAIIAEBUSortBoundsPredicate@1@AEBVNamedAllocator@01@I@Z 0000000180009680 f i RTreeCooking.obj
 0001:00008ad0       ??0?$InlineArray@UInterval@physx@@$0EAA@VNamedAllocator@shdfnd@2@@shdfnd@physx@@QEAA@AEBVNamedAllocator@12@@Z 0000000180009ad0 f i RTreeCooking.obj
 0001:00008ba0       ?allocate@?$Array@UInterval@physx@@V?$InlineAllocator@$0CAAA@VNamedAllocator@shdfnd@physx@@@shdfnd@2@@shdfnd@physx@@IEAAPEAUInterval@3@I@Z 0000000180009ba0 f i RTreeCooking.obj
 0001:000099b0       ?buildFromTriangles@RTreeCooker@physx@@SAXAEAURTree@Gu@2@PEBVPxVec3@2@IPEBGPEBIIAEAV?$Array@IVNamedAllocator@shdfnd@physx@@@shdfnd@2@PEAURemapCallback@12@MW4Enum@PxMeshCookingHint@2@@Z 000000018000a9b0 f   RTreeCooking.obj
 0001:00009c60       ?copy@?$Array@URTreeNodeNQ@physx@@VNamedAllocator@shdfnd@2@@shdfnd@physx@@KAXPEAURTreeNodeNQ@3@0PEBU43@@Z 000000018000ac60 f i RTreeCooking.obj
 0001:00009e20       ?copy@?$Array@VPxVec3@physx@@VNamedAllocator@shdfnd@2@@shdfnd@physx@@KAXPEAVPxVec3@3@0PEBV43@@Z 000000018000ae20 f i RTreeCooking.obj
 0001:00009ef0       ?growAndPushBack@?$Array@VHalfEdge@ConvexHull@physx@@VNamedAllocator@shdfnd@3@@shdfnd@physx@@IEAAAEAVHalfEdge@ConvexHull@3@AEBV453@@Z 000000018000aef0 f i ConvexHullUtils.obj
 0001:00009ef0       ?growAndPushBack@?$Array@IVNamedAllocator@shdfnd@physx@@@shdfnd@physx@@IEAAAEAIAEBI@Z 000000018000aef0 f i RTreeCooking.obj
 0001:00009fe0       ?growAndPushBack@?$Array@UInterval@physx@@V?$InlineAllocator@$0CAAA@VNamedAllocator@shdfnd@physx@@@shdfnd@2@@shdfnd@physx@@IEAAAEAUInterval@3@AEBU43@@Z 000000018000afe0 f i RTreeCooking.obj
 0001:0000a0c0       ?growAndPushBack@?$Array@UPxBounds3V@physx@@VNamedAllocator@shdfnd@2@@shdfnd@physx@@IEAAAEAUPxBounds3V@3@AEBU43@@Z 000000018000b0c0 f i RTreeCooking.obj
 0001:0000a1d0       ?growAndPushBack@?$Array@URTreeNodeNQ@physx@@VNamedAllocator@shdfnd@2@@shdfnd@physx@@IEAAAEAURTreeNodeNQ@3@AEBU43@@Z 000000018000b1d0 f i RTreeCooking.obj
 0001:0000a2e0       ?growAndPushBack@?$Array@URTreeNodeQ@Gu@physx@@VNamedAllocator@shdfnd@3@@shdfnd@physx@@IEAAAEAURTreeNodeQ@Gu@3@AEBU453@@Z 000000018000b2e0 f i RTreeCooking.obj
 0001:0000a400       ?recreate@?$Array@IVNamedAllocator@shdfnd@physx@@@shdfnd@physx@@IEAAXI@Z 000000018000b400 f i RTreeCooking.obj
 0001:0000a400       ?recreate@?$Array@VHalfEdge@ConvexHull@physx@@VNamedAllocator@shdfnd@3@@shdfnd@physx@@IEAAXI@Z 000000018000b400 f i ConvexHullUtils.obj
 0001:0000a4b0       ?recreate@?$Array@UPxBounds3V@physx@@VNamedAllocator@shdfnd@2@@shdfnd@physx@@IEAAXI@Z 000000018000b4b0 f i RTreeCooking.obj
 0001:0000a570       ?recreate@?$Array@URTreeNodeNQ@physx@@VNamedAllocator@shdfnd@2@@shdfnd@physx@@IEAAXI@Z 000000018000b570 f i RTreeCooking.obj
 0001:0000a610       ?recreate@?$Array@URTreeNodeQ@Gu@physx@@VNamedAllocator@shdfnd@3@@shdfnd@physx@@IEAAXI@Z 000000018000b610 f i RTreeCooking.obj
 0001:0000a6d0       ?recreate@?$Array@VPxVec3@physx@@VNamedAllocator@shdfnd@2@@shdfnd@physx@@IEAAXI@Z 000000018000b6d0 f i RTreeCooking.obj
 0001:0000a770       ?resize@?$Array@IVNamedAllocator@shdfnd@physx@@@shdfnd@physx@@QEAAXIAEBI@Z 000000018000b770 f i RTreeCooking.obj
 0001:0000a830       ?resizeUninitialized@?$Array@URTreeNodeNQ@physx@@VNamedAllocator@shdfnd@2@@shdfnd@physx@@QEAAXI@Z 000000018000b830 f i RTreeCooking.obj
 0001:0000a870       ?sort4@SubSortQuick@physx@@QEAAXPEIAIIAEAV?$Array@URTreeNodeNQ@physx@@VNamedAllocator@shdfnd@2@@shdfnd@2@AEAIAEAUPxBounds3V@2@I@Z 000000018000b870 f i RTreeCooking.obj
 0001:0000ac00       ?sort4@SubSortSAH@physx@@QEAAXPEAIIAEAV?$Array@URTreeNodeNQ@physx@@VNamedAllocator@shdfnd@2@@shdfnd@2@AEAIIPEAURTreeNodeNQ@2@@Z 000000018000bc00 f i RTreeCooking.obj
 0001:0000b4c0       ?split@SubSortSAH@physx@@QEAAIPEAII@Z 000000018000c4c0 f i RTreeCooking.obj
 0001:0000bf30       ?computeLocalBounds@MeshBulider@physx@@IEAAXAEAVMeshDataBase@Gu@2@@Z 000000018000cf30 f   MeshBuilder.obj
 0001:0000bfc0       ??$?_UG@@YAPEAX_KV?$ReflectionAllocator@G@shdfnd@physx@@PEBDH@Z 000000018000cfc0 f i TriangleMeshBuilder.obj
 0001:0000c060       ??$sort@UEdgeTriLookup@physx@@U?$Less@UEdgeTriLookup@physx@@@shdfnd@2@VNamedAllocator@42@@shdfnd@physx@@YAXPEAUEdgeTriLookup@1@IAEBU?$Less@UEdgeTriLookup@physx@@@01@AEBVNamedAllocator@01@I@Z 000000018000d060 f i TriangleMeshBuilder.obj
 0001:0000c540       ??0BV4TriangleMeshBuilder@physx@@QEAA@AEBUPxCookingParams@1@@Z 000000018000d540 f   TriangleMeshBuilder.obj
 0001:0000c610       ??0RTreeTriangleMeshBuilder@physx@@QEAA@AEBUPxCookingParams@1@@Z 000000018000d610 f   TriangleMeshBuilder.obj
 0001:0000c6d0       ??1BV4TriangleMeshBuilder@physx@@UEAA@XZ 000000018000d6d0 f   TriangleMeshBuilder.obj
 0001:0000c730       ??1MeshDataBase@Gu@physx@@UEAA@XZ 000000018000d730 f i TriangleMeshBuilder.obj
 0001:0000c810       ??1RTreeTriangleData@Gu@physx@@UEAA@XZ 000000018000d810 f i TriangleMeshBuilder.obj
 0001:0000c880       ??1RTreeTriangleMeshBuilder@physx@@UEAA@XZ 000000018000d880 f   TriangleMeshBuilder.obj
 0001:0000c8b0       ??1TriangleMeshBuilder@physx@@UEAA@XZ 000000018000d8b0 f   TriangleMeshBuilder.obj
 0001:0000c910       ??1TriangleMeshData@Gu@physx@@UEAA@XZ 000000018000d910 f i TriangleMeshBuilder.obj
 0001:0000c9e0       ??_EBV4TriangleData@Gu@physx@@UEAAPEAXI@Z 000000018000d9e0 f i TriangleMeshBuilder.obj
 0001:0000c9e0       ??_GBV4TriangleData@Gu@physx@@UEAAPEAXI@Z 000000018000d9e0 f i TriangleMeshBuilder.obj
 0001:0000ca60       ??_EBV4TriangleMeshBuilder@physx@@UEAAPEAXI@Z 000000018000da60 f i TriangleMeshBuilder.obj
 0001:0000ca60       ??_GBV4TriangleMeshBuilder@physx@@UEAAPEAXI@Z 000000018000da60 f i TriangleMeshBuilder.obj
 0001:0000cae0       ??_GMeshDataBase@Gu@physx@@UEAAPEAXI@Z 000000018000dae0 f i TriangleMeshBuilder.obj
 0001:0000cae0       ??_EMeshDataBase@Gu@physx@@UEAAPEAXI@Z 000000018000dae0 f i TriangleMeshBuilder.obj
 0001:0000cb40       ??_GRTreeCookerRemap@physx@@UEAAPEAXI@Z 000000018000db40 f i TriangleMeshBuilder.obj
 0001:0000cb40       ??_ERTreeCookerRemap@physx@@UEAAPEAXI@Z 000000018000db40 f i TriangleMeshBuilder.obj
 0001:0000cb70       ??_GRTreeTriangleData@Gu@physx@@UEAAPEAXI@Z 000000018000db70 f i TriangleMeshBuilder.obj
 0001:0000cb70       ??_ERTreeTriangleData@Gu@physx@@UEAAPEAXI@Z 000000018000db70 f i TriangleMeshBuilder.obj
 0001:0000cbd0       ??_ERTreeTriangleMeshBuilder@physx@@UEAAPEAXI@Z 000000018000dbd0 f i TriangleMeshBuilder.obj
 0001:0000cbd0       ??_GRTreeTriangleMeshBuilder@physx@@UEAAPEAXI@Z 000000018000dbd0 f i TriangleMeshBuilder.obj
 0001:0000cc20       ??_GRemapCallback@RTreeCooker@physx@@UEAAPEAXI@Z 000000018000dc20 f i TriangleMeshBuilder.obj
 0001:0000cc20       ??_ERemapCallback@RTreeCooker@physx@@UEAAPEAXI@Z 000000018000dc20 f i TriangleMeshBuilder.obj
 0001:0000cc50       ??_GTriangleMeshBuilder@physx@@UEAAPEAXI@Z 000000018000dc50 f i TriangleMeshBuilder.obj
 0001:0000cc50       ??_ETriangleMeshBuilder@physx@@UEAAPEAXI@Z 000000018000dc50 f i TriangleMeshBuilder.obj
 0001:0000cc90       ??_GTriangleMeshData@Gu@physx@@UEAAPEAXI@Z 000000018000dc90 f i TriangleMeshBuilder.obj
 0001:0000cc90       ??_ETriangleMeshData@Gu@physx@@UEAAPEAXI@Z 000000018000dc90 f i TriangleMeshBuilder.obj
 0001:0000ccf0       ?allocateTriangles@TriangleMeshData@Gu@physx@@QEAAPEAXI_NI@Z 000000018000dcf0 f i TriangleMeshBuilder.obj
 0001:0000cdc0       ?allocateVertices@MeshDataBase@Gu@physx@@QEAAPEAVPxVec3@3@I@Z 000000018000ddc0 f i TriangleMeshBuilder.obj
 0001:0000d2c0       ?checkMeshIndicesSize@TriangleMeshBuilder@physx@@QEAAXXZ 000000018000e2c0 f   TriangleMeshBuilder.obj
 0001:0000d3d0       ?cleanMesh@TriangleMeshBuilder@physx@@QEAA_N_NPEAW4Enum@PxTriangleMeshCookingResult@2@@Z 000000018000e3d0 f   TriangleMeshBuilder.obj
 0001:0000d8a0       ?createGRBMidPhaseAndData@TriangleMeshBuilder@physx@@QEAAXI@Z 000000018000e8a0 f   TriangleMeshBuilder.obj
 0001:0000dc20       ?createMidPhaseStructure@BV4TriangleMeshBuilder@physx@@UEAAXXZ 000000018000ec20 f   TriangleMeshBuilder.obj
 0001:0000dee0       ?createMidPhaseStructure@RTreeTriangleMeshBuilder@physx@@UEAAXXZ 000000018000eee0 f   TriangleMeshBuilder.obj
 0001:0000e000       ?createSharedEdgeData@TriangleMeshBuilder@physx@@QEAAX_N0@Z 000000018000f000 f   TriangleMeshBuilder.obj
 0001:0000e660       _get_startup_argv_mode     000000018000f660 f i MSVCRT:argv_mode.obj
 0001:0000e660       ?getMidphaseID@BV4TriangleMeshBuilder@physx@@UEBA?AW4Enum@PxMeshMidPhase@2@XZ 000000018000f660 f i TriangleMeshBuilder.obj
 0001:0000e670       __scrt_stub_for_is_c_termination_complete 000000018000f670 f i MSVCRT:ucrt_stubs.obj
 0001:0000e670       ?getMidphaseID@RTreeTriangleMeshBuilder@physx@@UEBA?AW4Enum@PxMeshMidPhase@2@XZ 000000018000f670 f i TriangleMeshBuilder.obj
 0001:0000e670       _is_c_termination_complete 000000018000f670 f i MSVCRT:ucrt_stubs.obj
 0001:0000e680       ?importMesh@TriangleMeshBuilder@physx@@IEAA_NAEBVPxTriangleMeshDesc@2@AEBUPxCookingParams@2@PEAW4Enum@PxTriangleMeshCookingResult@2@_N@Z 000000018000f680 f   TriangleMeshBuilder.obj
 0001:0000ea30       ?loadFromDesc@TriangleMeshBuilder@physx@@QEAA_NAEBVPxTriangleMeshDesc@2@PEAW4Enum@PxTriangleMeshCookingResult@2@_N@Z 000000018000fa30 f   TriangleMeshBuilder.obj
 0001:0000ee00       ?onMeshIndexFormatChange@BV4TriangleMeshBuilder@physx@@UEAAXXZ 000000018000fe00 f   TriangleMeshBuilder.obj
 0001:0000ee40       ?remap@RTreeCookerRemap@physx@@UEAAXPEAIII@Z 000000018000fe40 f i TriangleMeshBuilder.obj
 0001:0000ee60       ?remapTopology@TriangleMeshBuilder@physx@@QEAAXPEBI@Z 000000018000fe60 f   TriangleMeshBuilder.obj
 0001:0000f150       ?save@TriangleMeshBuilder@physx@@QEBA_NAEAVPxOutputStream@2@_NAEBUPxCookingParams@2@@Z 0000000180010150 f   TriangleMeshBuilder.obj
 0001:0000f720       ?saveMidPhaseStructure@BV4TriangleMeshBuilder@physx@@UEBAXAEAVPxOutputStream@2@_N@Z 0000000180010720 f   TriangleMeshBuilder.obj
 0001:0000f8c0       ?saveMidPhaseStructure@RTreeTriangleMeshBuilder@physx@@UEBAXAEAVPxOutputStream@2@_N@Z 00000001800108c0 f   TriangleMeshBuilder.obj
 0001:0000fb00       ??0BigConvexDataBuilder@physx@@QEAA@PEBUConvexHullData@Gu@1@PEAVBigConvexData@1@PEBVPxVec3@1@@Z 0000000180010b00 f   BigConvexDataBuilder.obj
 0001:0000fb10       ??4BigConvexData@physx@@QEAAAEAV01@AEBV01@@Z 0000000180010b10 f i BigConvexDataBuilder.obj
 0001:0000fb30       ?GetAdjacentVerts@BigConvexData@physx@@QEBAPEBEXZ 0000000180010b30 f i BigConvexDataBuilder.obj
 0001:0000fb40       ?GetNbNeighbors@BigConvexData@physx@@QEBAGI@Z 0000000180010b40 f i BigConvexDataBuilder.obj
 0001:0000fb40       ?GetValency@BigConvexData@physx@@QEBAGI@Z 0000000180010b40 f i BigConvexDataBuilder.obj
 0001:0000fb50       ?GetNbSamples@BigConvexData@physx@@QEBAIXZ 0000000180010b50 f i BigConvexDataBuilder.obj
 0001:0000fb60       ?GetNbVerts@BigConvexData@physx@@QEBAIXZ 0000000180010b60 f i BigConvexDataBuilder.obj
 0001:0000fb70       ?GetNeighbors@BigConvexData@physx@@QEBAPEBEI@Z 0000000180010b70 f i BigConvexDataBuilder.obj
 0001:0000fb80       ?GetOffset@BigConvexData@physx@@QEBAGI@Z 0000000180010b80 f i BigConvexDataBuilder.obj
 0001:0000fb90       ?GetSubdiv@BigConvexData@physx@@QEBAIXZ 0000000180010b90 f i BigConvexDataBuilder.obj
 0001:0000fba0       ?computeValencies@BigConvexDataBuilder@physx@@QEAA_NAEBVConvexHullBuilder@2@@Z 0000000180010ba0 f   BigConvexDataBuilder.obj
 0001:0000ffc0       ?precompute@BigConvexDataBuilder@physx@@QEAA_NI@Z 0000000180010fc0 f   BigConvexDataBuilder.obj
 0001:00010bf0       ?save@BigConvexDataBuilder@physx@@QEBA_NAEAVPxOutputStream@2@_N@Z 0000000180011bf0 f   BigConvexDataBuilder.obj
 0001:00010cd0       ?saveValencies@BigConvexDataBuilder@physx@@QEBA_NAEAVPxOutputStream@2@_N@Z 0000000180011cd0 f   BigConvexDataBuilder.obj
 0001:00010e70       ??$?_UE@@YAPEAX_KV?$ReflectionAllocator@E@shdfnd@physx@@PEBDH@Z 0000000180011e70 f i ConvexHullBuilder.obj
 0001:00010f10       ??0ConvexHullBuilder@physx@@QEAA@PEAUConvexHullData@Gu@1@_N@Z 0000000180011f10 f   ConvexHullBuilder.obj
 0001:00010f40       ??1ConvexHullBuilder@physx@@QEAA@XZ 0000000180011f40 f   ConvexHullBuilder.obj
 0001:00011040       ?calculateVertexMapTable@ConvexHullBuilder@physx@@QEAA_NI_N@Z 0000000180012040 f   ConvexHullBuilder.obj
 0001:00011250       ?checkHullPolygons@ConvexHullBuilder@physx@@QEBA_NXZ 0000000180012250 f   ConvexHullBuilder.obj
 0001:00011830       ?computeGeomCenter@ConvexHullBuilder@physx@@IEBA_NAEAVPxVec3@2@IPEAUHullTriangleData@2@@Z 0000000180012830 f   ConvexHullBuilder.obj
 0001:00011af0       ?copy@ConvexHullBuilder@physx@@QEAA_NAEAUConvexHullData@Gu@2@AEAI@Z 0000000180012af0 f   ConvexHullBuilder.obj
 0001:00011d60       ?createEdgeList@ConvexHullBuilder@physx@@QEAA_N_NI@Z 0000000180012d60 f   ConvexHullBuilder.obj
 0001:000125b0       ?init@ConvexHullBuilder@physx@@QEAA_NIPEBVPxVec3@2@PEBIIIPEBUPxHullPolygon@2@_NPEAVConvexHullLib@2@@Z 00000001800135b0 f   ConvexHullBuilder.obj
 0001:00012f10       ?save@ConvexHullBuilder@physx@@QEBA_NAEAVPxOutputStream@2@_N@Z 0000000180013f10 f   ConvexHullBuilder.obj
 0001:00013230       ??1ConvexHullLib@physx@@UEAA@XZ 0000000180014230 f   ConvexHullLib.obj
 0001:00013290       ??_GConvexHullLib@physx@@UEAAPEAXI@Z 0000000180014290 f i ConvexHullLib.obj
 0001:00013290       ??_EConvexHullLib@physx@@UEAAPEAXI@Z 0000000180014290 f i ConvexHullLib.obj
 0001:000137f0       ?cleanupVertices@ConvexHullLib@physx@@IEAA_NIPEBVPxVec3@2@IAEAIPEAV32@AEAV32@3@Z 00000001800147f0 f   ConvexHullLib.obj
 0001:00013c80       ?shiftAndcleanupVertices@ConvexHullLib@physx@@IEAA_NIPEBVPxVec3@2@IAEAIPEAV32@AEAV32@3@Z 0000000180014c80 f   ConvexHullLib.obj
 0001:00014170       ?shiftConvexMeshDesc@ConvexHullLib@physx@@IEAAXAEAVPxConvexMeshDesc@2@@Z 0000000180015170 f   ConvexHullLib.obj
 0001:00014230       ?swapLargestFace@ConvexHullLib@physx@@IEAAXAEAVPxConvexMeshDesc@2@@Z 0000000180015230 f   ConvexHullLib.obj
 0001:00014420       ??0Box@Gu@physx@@QEAA@AEBV012@@Z 0000000180015420 f i ConvexHullUtils.obj
 0001:00014420       ??4Box@Gu@physx@@QEAAAEBV012@AEBV012@@Z 0000000180015420 f i ConvexHullUtils.obj
 0001:00014480       ??0Box@Gu@physx@@QEAA@AEBVPxVec3@2@0AEBVPxMat33@2@@Z 0000000180015480 f i ConvexHullUtils.obj
 0001:000144f0       ??0ConvexHull@physx@@QEAA@AEBVPxVec3@1@AEBVPxTransform@1@AEBV?$Array@VPxPlane@physx@@VNamedAllocator@shdfnd@2@@shdfnd@1@@Z 00000001800154f0 f   ConvexHullUtils.obj
 0001:00015810       ??0PxQuat@physx@@QEAA@AEBVPxMat33@1@@Z 0000000180016810 f i ConvexHullUtils.obj
 0001:00015a10       ?assertIntact@ConvexHull@physx@@QEBA_NM@Z 0000000180016a10 f   ConvexHullUtils.obj
 0001:00015d20       ?computeAABBExtent@Box@Gu@physx@@QEBA?AVPxVec3@3@XZ 0000000180016d20 f i ConvexHullUtils.obj
 0001:00015de0       ?computeBoxPoints@Box@Gu@physx@@QEBAXPEIAVPxVec3@3@@Z 0000000180016de0 f i ConvexHullUtils.obj
 0001:00015e20       ?computeOBBFromConvex@physx@@YA_NAEBVPxConvexMeshDesc@1@AEAVPxVec3@1@AEAVPxTransform@1@@Z 0000000180016e20 f   ConvexHullUtils.obj
 0001:00016510       ?computeOBBSIMD@local@@YAXIPEBT__m128@@AEAT2@AEBT2@1@Z 0000000180017510 f   ConvexHullUtils.obj
 0001:00016920       ?convexHullCrop@physx@@YAPEAVConvexHull@1@AEBV21@AEBVPxPlane@1@M@Z 0000000180017920 f   ConvexHullUtils.obj
 0001:00017800       ?copy@?$Array@VPxPlane@physx@@VNamedAllocator@shdfnd@2@@shdfnd@physx@@KAXPEAVPxPlane@3@0PEBV43@@Z 0000000180018800 f i ConvexHullUtils.obj
 0001:00017900       ?findCandidatePlane@ConvexHull@physx@@QEBAHMM@Z 0000000180018900 f   ConvexHullUtils.obj
 0001:00017d50       ?getInverse@PxMat33@physx@@QEBA?BV12@XZ 0000000180018d50 f i ConvexHullUtils.obj
 0001:00017fa0       ?getTransform@Box@Gu@physx@@QEBA?AVPxTransform@3@XZ 0000000180018fa0 f i ConvexHullUtils.obj
 0001:00018000       ?growAndPushBack@?$Array@VPxPlane@physx@@VNamedAllocator@shdfnd@2@@shdfnd@physx@@IEAAAEAVPxPlane@3@AEBV43@@Z 0000000180019000 f i ConvexHullUtils.obj
 0001:000180f0       ?isValid@Box@Gu@physx@@QEBA_NXZ 00000001800190f0 f i ConvexHullUtils.obj
 0001:00018110       ?maxNumVertsPerFace@ConvexHull@physx@@QEBAIXZ 0000000180019110 f   ConvexHullUtils.obj
 0001:00018180       ?recreate@?$Array@VPxPlane@physx@@VNamedAllocator@shdfnd@2@@shdfnd@physx@@IEAAXI@Z 0000000180019180 f i ConvexHullUtils.obj
 0001:00018220       ?resize@?$Array@VHalfEdge@ConvexHull@physx@@VNamedAllocator@shdfnd@3@@shdfnd@physx@@QEAAXIAEBVHalfEdge@ConvexHull@3@@Z 0000000180019220 f i ConvexHullUtils.obj
 0001:000182e0       ?resize@?$Array@VPxPlane@physx@@VNamedAllocator@shdfnd@2@@shdfnd@physx@@QEAAXIAEBVPxPlane@3@@Z 00000001800192e0 f i ConvexHullUtils.obj
 0001:00018400       ?resize@?$Array@VPxVec3@physx@@VNamedAllocator@shdfnd@2@@shdfnd@physx@@QEAAXIAEBVPxVec3@3@@Z 0000000180019400 f i ConvexHullUtils.obj
 0001:000184f0       ?rotate@Box@Gu@physx@@QEBA?AVPxVec3@3@AEBV43@@Z 00000001800194f0 f i ConvexHullUtils.obj
 0001:00018580       ?rotateInv@Box@Gu@physx@@QEBA?AVPxVec3@3@AEBV43@@Z 0000000180019580 f i ConvexHullUtils.obj
 0001:00018610       ?setAxes@Box@Gu@physx@@QEAAXAEBVPxVec3@3@00@Z 0000000180019610 f i ConvexHullUtils.obj
 0001:00018650       ?setEmpty@Box@Gu@physx@@QEAAXXZ 0000000180019650 f i ConvexHullUtils.obj
 0001:00018690       ?transform@Box@Gu@physx@@QEBA?AVPxVec3@3@AEBV43@@Z 0000000180019690 f i ConvexHullUtils.obj
 0001:00018730       ??0ConvexMeshBuilder@physx@@QEAA@_N@Z 0000000180019730 f   ConvexMeshBuilder.obj
 0001:00018790       ??1ConvexMeshBuilder@physx@@QEAA@XZ 0000000180019790 f   ConvexMeshBuilder.obj
 0001:00018be0       ?build@ConvexMeshBuilder@physx@@QEAA_NAEBVPxConvexMeshDesc@2@I_NPEAVConvexHullLib@2@@Z 0000000180019be0 f   ConvexMeshBuilder.obj
 0001:00018f00       ?computeHullPolygons@ConvexMeshBuilder@physx@@QEAA_NAEBIPEBVPxVec3@2@0PEBIAEAVPxAllocatorCallback@2@AEAIAEAPEAV32@4AEAPEAI4AEAPEAUPxHullPolygon@2@@Z 0000000180019f00 f   ConvexMeshBuilder.obj
 0001:00019120       ?computeMassInfo@ConvexMeshBuilder@physx@@QEAAX_N@Z 000000018001a120 f   ConvexMeshBuilder.obj
 0001:000194f0       ?copy@ConvexMeshBuilder@physx@@QEAA_NAEAUConvexHullInitData@Gu@2@@Z 000000018001a4f0 f   ConvexMeshBuilder.obj
 0001:00019610       ?isFinite@PxVec3@physx@@QEBA_NXZ 000000018001a610 f i ConvexMeshBuilder.obj
 0001:00019670       ?loadConvexHull@ConvexMeshBuilder@physx@@QEAA_NAEBVPxConvexMeshDesc@2@PEAVConvexHullLib@2@@Z 000000018001a670 f   ConvexMeshBuilder.obj
 0001:000198e0       ?save@ConvexMeshBuilder@physx@@QEBA_NAEAVPxOutputStream@2@_N@Z 000000018001a8e0 f   ConvexMeshBuilder.obj
 0001:00019af0       ??$copy@VNamedAllocator@shdfnd@physx@@@?$Array@VPair@@VNamedAllocator@shdfnd@physx@@@shdfnd@physx@@IEAAXAEBV012@@Z 000000018001aaf0 f i ConvexPolygonsBuilder.obj
 0001:00019b70       ??0ConvexPolygonsBuilder@physx@@QEAA@PEAUConvexHullData@Gu@1@_N@Z 000000018001ab70 f   ConvexPolygonsBuilder.obj
 0001:00019b90       ??1ConvexPolygonsBuilder@physx@@QEAA@XZ 000000018001ab90 f   ConvexPolygonsBuilder.obj
 0001:0001a3e0       ?allocate@?$Array@VPair@@VNamedAllocator@shdfnd@physx@@@shdfnd@physx@@IEAAPEAVPair@@I@Z 000000018001b3e0 f i ConvexPolygonsBuilder.obj
 0001:0001abe0       ?computeHullPolygons@ConvexPolygonsBuilder@physx@@QEAA_NAEBIPEBVPxVec3@2@0PEBI@Z 000000018001bbe0 f   ConvexPolygonsBuilder.obj
 0001:0001bcb0       ?createPolygonData@ConvexPolygonsBuilder@physx@@AEAA_NXZ 000000018001ccb0 f   ConvexPolygonsBuilder.obj
 0001:0001c8d0       ?createTrianglesFromPolygons@ConvexPolygonsBuilder@physx@@AEAA_NXZ 000000018001d8d0 f   ConvexPolygonsBuilder.obj
 0001:0001dfa0       ?growAndPushBack@?$Array@VPair@@VNamedAllocator@shdfnd@physx@@@shdfnd@physx@@IEAAAEAVPair@@AEBV4@@Z 000000018001efa0 f i ConvexPolygonsBuilder.obj
 0001:0001e0a0       ??0QuickHull@local@@QEAA@AEBUPxCookingParams@physx@@AEBVPxConvexMeshDesc@3@@Z 000000018001f0a0 f   QuickHullConvexHullLib.obj
 0001:0001e290       ??0QuickHullConvexHullLib@physx@@QEAA@AEBVPxConvexMeshDesc@1@AEBUPxCookingParams@1@@Z 000000018001f290 f   QuickHullConvexHullLib.obj
 0001:0001e380       ??1?$MemBlock@UQuickHullFace@local@@$00@local@@QEAA@XZ 000000018001f380 f i QuickHullConvexHullLib.obj
 0001:0001e380       ??1?$MemBlock@UQuickHullHalfEdge@local@@$0A@@local@@QEAA@XZ 000000018001f380 f i QuickHullConvexHullLib.obj
 0001:0001e410       ??_GConvexHull@physx@@QEAAPEAXI@Z 000000018001f410 f i QuickHullConvexHullLib.obj
 0001:0001e4e0       ??_GQuickHull@local@@QEAAPEAXI@Z 000000018001f4e0 f i QuickHullConvexHullLib.obj
 0001:0001e680       ??_GQuickHullConvexHullLib@physx@@UEAAPEAXI@Z 000000018001f680 f i QuickHullConvexHullLib.obj
 0001:0001e680       ??_EQuickHullConvexHullLib@physx@@UEAAPEAXI@Z 000000018001f680 f i QuickHullConvexHullLib.obj
 0001:0001e770       ?addPointToHull@QuickHull@local@@IEAA_NPEBUQuickHullVertex@2@AEAUQuickHullFace@2@AEA_N@Z 000000018001f770 f   QuickHullConvexHullLib.obj
 0001:0001ea40       ?addSimplex@QuickHull@local@@IEAAXPEAUQuickHullVertex@2@_N@Z 000000018001fa40 f   QuickHullConvexHullLib.obj
 0001:0001ef10       ?buildHull@QuickHull@local@@QEAA?AW4Enum@QuickHullResult@2@XZ 000000018001ff10 f   QuickHullConvexHullLib.obj
 0001:0001f120       ?calculateHorizon@QuickHull@local@@IEAAXAEBVPxVec3@physx@@PEAUQuickHullHalfEdge@2@AEAUQuickHullFace@2@AEAV?$Array@PEAUQuickHullHalfEdge@local@@VNamedAllocator@shdfnd@physx@@@shdfnd@4@AEAV?$Array@PEAUQuickHullFace@local@@VNamedAllocator@shdfnd@physx@@@84@@Z 0000000180020120 f   QuickHullConvexHullLib.obj
 0001:0001f2d0       ?canMergeFaces@QuickHull@local@@IEAA_NAEBUQuickHullHalfEdge@2@@Z 00000001800202d0 f   QuickHullConvexHullLib.obj
 0001:0001fb00       ?cleanupForSimplex@QuickHullConvexHullLib@physx@@IEAA_NPEAVPxVec3@2@IPEAUQuickHullVertex@local@@1AEAM2@Z 0000000180020b00 f   QuickHullConvexHullLib.obj
 0001:00020710       ?computeMinMaxVerts@QuickHull@local@@IEAAXXZ 0000000180021710 f   QuickHullConvexHullLib.obj
 0001:00020ae0       ?connectHalfEdges@QuickHullFace@local@@AEAAPEAU12@PEAUQuickHullHalfEdge@2@0@Z 0000000180021ae0 f   QuickHullConvexHullLib.obj
 0001:00020e50       ?copy@?$Array@UExpandPoint@local@@VNamedAllocator@shdfnd@physx@@@shdfnd@physx@@KAXPEAUExpandPoint@local@@0PEBU45@@Z 0000000180021e50 f i QuickHullConvexHullLib.obj
 0001:00020f00       ?createConvexHull@QuickHullConvexHullLib@physx@@UEAA?AW4Enum@PxConvexMeshCookingResult@2@XZ 0000000180021f00 f   QuickHullConvexHullLib.obj
 0001:000212f0       ?createEdgeList@QuickHullConvexHullLib@physx@@UEAA_NIPEBEPEAPEAEPEAPEAG2@Z 00000001800222f0 f   QuickHullConvexHullLib.obj
 0001:00021540       ?createTriangle@QuickHull@local@@IEAAPEAUQuickHullFace@2@AEBUQuickHullVertex@2@00@Z 0000000180022540 f   QuickHullConvexHullLib.obj
 0001:00021920       ?doAdjacentMerge@QuickHull@local@@IEAA_NAEAUQuickHullFace@2@_NAEA_N@Z 0000000180022920 f   QuickHullConvexHullLib.obj
 0001:00021c70       ?expandHull@QuickHullConvexHullLib@physx@@IEAA?AW4Enum@PxConvexMeshCookingResult@2@XZ 0000000180022c70 f   QuickHullConvexHullLib.obj
 0001:000224d0       ?expandHullOBB@QuickHullConvexHullLib@physx@@IEAA?AW4Enum@PxConvexMeshCookingResult@2@XZ 00000001800234d0 f   QuickHullConvexHullLib.obj
 0001:000228f0       ?fillConvexMeshDesc@QuickHullConvexHullLib@physx@@UEAAXAEAVPxConvexMeshDesc@2@@Z 00000001800238f0 f   QuickHullConvexHullLib.obj
 0001:00022940       ?fillConvexMeshDescFromCroppedHull@QuickHullConvexHullLib@physx@@IEAAXAEAVPxConvexMeshDesc@2@@Z 0000000180023940 f   QuickHullConvexHullLib.obj
 0001:00022b30       ?fillConvexMeshDescFromQuickHull@QuickHullConvexHullLib@physx@@IEAAXAEAVPxConvexMeshDesc@2@@Z 0000000180023b30 f   QuickHullConvexHullLib.obj
 0001:00022ea0       ?findSimplex@QuickHull@local@@IEAA_NXZ 0000000180023ea0 f   QuickHullConvexHullLib.obj
 0001:00023b50       ?getFreeItem@?$MemBlock@UQuickHullFace@local@@$00@local@@QEAAPEAUQuickHullFace@2@XZ 0000000180024b50 f i QuickHullConvexHullLib.obj
 0001:00023c80       ?getFreeItem@?$MemBlock@UQuickHullHalfEdge@local@@$0A@@local@@QEAAPEAUQuickHullHalfEdge@2@XZ 0000000180024c80 f i QuickHullConvexHullLib.obj
 0001:00023d60       ?growAndPushBack@?$Array@PEAUQuickHullHalfEdge@local@@VNamedAllocator@shdfnd@physx@@@shdfnd@physx@@IEAAAEAPEAUQuickHullHalfEdge@local@@AEBQEAU45@@Z 0000000180024d60 f i QuickHullConvexHullLib.obj
 0001:00023d60       ?growAndPushBack@?$Array@PEAUQuickHullFace@local@@VNamedAllocator@shdfnd@physx@@@shdfnd@physx@@IEAAAEAPEAUQuickHullFace@local@@AEBQEAU45@@Z 0000000180024d60 f i QuickHullConvexHullLib.obj
 0001:00023d60       ?growAndPushBack@?$Array@PEAUQuickHullVertex@local@@VNamedAllocator@shdfnd@physx@@@shdfnd@physx@@IEAAAEAPEAUQuickHullVertex@local@@AEBQEAU45@@Z 0000000180024d60 f i QuickHullConvexHullLib.obj
 0001:00023e50       ?growAndPushBack@?$Array@UExpandPoint@local@@VNamedAllocator@shdfnd@physx@@@shdfnd@physx@@IEAAAEAUExpandPoint@local@@AEBU45@@Z 0000000180024e50 f i QuickHullConvexHullLib.obj
 0001:00023f90       ?init@?$MemBlock@UQuickHullFace@local@@$00@local@@QEAAXI@Z 0000000180024f90 f i QuickHullConvexHullLib.obj
 0001:00024070       ?init@?$MemBlock@UQuickHullHalfEdge@local@@$0A@@local@@QEAAXI@Z 0000000180025070 f i QuickHullConvexHullLib.obj
 0001:00024110       ?mergeAdjacentFace@QuickHullFace@local@@QEAA_NPEAUQuickHullHalfEdge@2@AEAV?$Array@PEAUQuickHullFace@local@@VNamedAllocator@shdfnd@physx@@@shdfnd@physx@@@Z 0000000180025110 f   QuickHullConvexHullLib.obj
 0001:00024560       ?nextPointToAdd@QuickHull@local@@IEAAPEAUQuickHullVertex@2@AEAPEAUQuickHullFace@2@@Z 0000000180025560 f   QuickHullConvexHullLib.obj
 0001:000246e0       ?parseInputVertices@QuickHull@local@@QEAAXPEBVPxVec3@physx@@I@Z 00000001800256e0 f   QuickHullConvexHullLib.obj
 0001:00024860       ?postMergeHull@QuickHull@local@@IEAAXXZ 0000000180025860 f   QuickHullConvexHullLib.obj
 0001:00024ad0       ?preallocate@QuickHull@local@@QEAAXI@Z 0000000180025ad0 f   QuickHullConvexHullLib.obj
 0001:00024c10       ?recreate@?$Array@PEAUQuickHullFace@local@@VNamedAllocator@shdfnd@physx@@@shdfnd@physx@@IEAAXI@Z 0000000180025c10 f i QuickHullConvexHullLib.obj
 0001:00024c10       ?recreate@?$Array@PEAUQuickHullVertex@local@@VNamedAllocator@shdfnd@physx@@@shdfnd@physx@@IEAAXI@Z 0000000180025c10 f i QuickHullConvexHullLib.obj
 0001:00024c10       ?recreate@?$Array@PEAUQuickHullHalfEdge@local@@VNamedAllocator@shdfnd@physx@@@shdfnd@physx@@IEAAXI@Z 0000000180025c10 f i QuickHullConvexHullLib.obj
 0001:00024cc0       ?recreate@?$Array@UExpandPoint@local@@VNamedAllocator@shdfnd@physx@@@shdfnd@physx@@IEAAXI@Z 0000000180025cc0 f i QuickHullConvexHullLib.obj
 0001:00024d60       ?resolveUnclaimedPoints@QuickHull@local@@IEAAXAEBV?$Array@PEAUQuickHullFace@local@@VNamedAllocator@shdfnd@physx@@@shdfnd@physx@@@Z 0000000180025d60 f   QuickHullConvexHullLib.obj
 0001:00025a60       ?computeVolumeIntegralsEberly@physx@@YA_NAEBVPxConvexMeshDesc@1@MAEAUPxIntegrals@1@AEBVPxVec3@1@@Z 0000000180026a60 f   VolumeIntegration.obj
 0001:00025aa0       ?computeVolumeIntegralsEberlySIMD@physx@@YA_NAEBVPxConvexMeshDesc@1@MAEAUPxIntegrals@1@AEBVPxVec3@1@@Z 0000000180026aa0 f   VolumeIntegration.obj
 0001:000260f0       ?cookingDelayHook@@YAP6A_JXZIPEAUDelayLoadInfo@@@Z 00000001800270f0 f   WindowsCookingDelayLoadHook.obj
 0001:000261d0       PxSetPhysXCookingDelayLoadHook 00000001800271d0 f   WindowsCookingDelayLoadHook.obj
 0001:000261d8       __imp_load_??0RadixSortBuffered@Cm@physx@@QEAA@XZ 00000001800271d8 f   PhysXCommon_64:PhysXCommon_64.dll
 0001:000261e4       ??0RadixSortBuffered@Cm@physx@@QEAA@XZ 00000001800271e4 f   PhysXCommon_64:PhysXCommon_64.dll
 0001:000261ea       __tailMerge_physxcommon_64_dll 00000001800271ea     PhysXCommon_64:PhysXCommon_64.dll
 0001:00026263       __imp_load_??1RadixSortBuffered@Cm@physx@@UEAA@XZ 0000000180027263 f   PhysXCommon_64:PhysXCommon_64.dll
 0001:0002626f       ??1RadixSortBuffered@Cm@physx@@UEAA@XZ 000000018002726f f   PhysXCommon_64:PhysXCommon_64.dll
 0001:00026275       __imp_load_?Sort@RadixSortBuffered@Cm@physx@@QEAAAEAV123@PEBIIW4RadixHint@23@@Z 0000000180027275 f   PhysXCommon_64:PhysXCommon_64.dll
 0001:00026281       ?Sort@RadixSortBuffered@Cm@physx@@QEAAAEAV123@PEBIIW4RadixHint@23@@Z 0000000180027281 f   PhysXCommon_64:PhysXCommon_64.dll
 0001:00026287       __imp_load_??0HeightField@Gu@physx@@QEAA@PEAVGuMeshFactory@2@@Z 0000000180027287 f   PhysXCommon_64:PhysXCommon_64.dll
 0001:00026293       ??0HeightField@Gu@physx@@QEAA@PEAVGuMeshFactory@2@@Z 0000000180027293 f   PhysXCommon_64:PhysXCommon_64.dll
 0001:00026299       __imp_load_?loadFromDesc@HeightField@Gu@physx@@QEAA_NAEBVPxHeightFieldDesc@3@@Z 0000000180027299 f   PhysXCommon_64:PhysXCommon_64.dll
 0001:000262a5       ?loadFromDesc@HeightField@Gu@physx@@QEAA_NAEBVPxHeightFieldDesc@3@@Z 00000001800272a5 f   PhysXCommon_64:PhysXCommon_64.dll
 0001:000262ab       __imp_load_?computeCellCoordinates@HeightField@Gu@physx@@QEBAIMMAEAM0@Z 00000001800272ab f   PhysXCommon_64:PhysXCommon_64.dll
 0001:000262b7       ?computeCellCoordinates@HeightField@Gu@physx@@QEBAIMMAEAM0@Z 00000001800272b7 f   PhysXCommon_64:PhysXCommon_64.dll
 0001:000262bd       __imp_load_?releaseMemory@HeightField@Gu@physx@@QEAAXXZ 00000001800272bd f   PhysXCommon_64:PhysXCommon_64.dll
 0001:000262c9       ?releaseMemory@HeightField@Gu@physx@@QEAAXXZ 00000001800272c9 f   PhysXCommon_64:PhysXCommon_64.dll
 0001:000262cf       __imp_load_??1HeightField@Gu@physx@@UEAA@XZ 00000001800272cf f   PhysXCommon_64:PhysXCommon_64.dll
 0001:000262db       ??1HeightField@Gu@physx@@UEAA@XZ 00000001800272db f   PhysXCommon_64:PhysXCommon_64.dll
 0001:000262e1       __imp_load_??0NodeAllocator@Gu@physx@@QEAA@XZ 00000001800272e1 f   PhysXCommon_64:PhysXCommon_64.dll
 0001:000262ed       ??0NodeAllocator@Gu@physx@@QEAA@XZ 00000001800272ed f   PhysXCommon_64:PhysXCommon_64.dll
 0001:000262f3       __imp_load_??1NodeAllocator@Gu@physx@@QEAA@XZ 00000001800272f3 f   PhysXCommon_64:PhysXCommon_64.dll
 0001:000262ff       ??1NodeAllocator@Gu@physx@@QEAA@XZ 00000001800272ff f   PhysXCommon_64:PhysXCommon_64.dll
 0001:00026305       __imp_load_?release@NodeAllocator@Gu@physx@@QEAAXXZ 0000000180027305 f   PhysXCommon_64:PhysXCommon_64.dll
 0001:00026311       ?release@NodeAllocator@Gu@physx@@QEAAXXZ 0000000180027311 f   PhysXCommon_64:PhysXCommon_64.dll
 0001:00026317       __imp_load_?buildAABBTree@Gu@physx@@YA_NAEAVAABBTreeBuildParams@12@AEAVNodeAllocator@12@AEAUBuildStats@12@AEAPEAI@Z 0000000180027317 f   PhysXCommon_64:PhysXCommon_64.dll
 0001:00026323       ?buildAABBTree@Gu@physx@@YA_NAEAVAABBTreeBuildParams@12@AEAVNodeAllocator@12@AEAUBuildStats@12@AEAPEAI@Z 0000000180027323 f   PhysXCommon_64:PhysXCommon_64.dll
 0001:00026329       __imp_load_?writeDword@physx@@YAXI_NAEAVPxOutputStream@1@@Z 0000000180027329 f   PhysXCommon_64:PhysXCommon_64.dll
 0001:00026335       ?writeDword@physx@@YAXI_NAEAVPxOutputStream@1@@Z 0000000180027335 f   PhysXCommon_64:PhysXCommon_64.dll
 0001:0002633b       __imp_load_?writeFloatBuffer@physx@@YAXPEBMI_NAEAVPxOutputStream@1@@Z 000000018002733b f   PhysXCommon_64:PhysXCommon_64.dll
 0001:00026347       ?writeFloatBuffer@physx@@YAXPEBMI_NAEAVPxOutputStream@1@@Z 0000000180027347 f   PhysXCommon_64:PhysXCommon_64.dll
 0001:0002634d       __imp_load_?writeHeader@physx@@YA_NCCCCI_NAEAVPxOutputStream@1@@Z 000000018002734d f   PhysXCommon_64:PhysXCommon_64.dll
 0001:00026359       ?writeHeader@physx@@YA_NCCCCI_NAEAVPxOutputStream@1@@Z 0000000180027359 f   PhysXCommon_64:PhysXCommon_64.dll
 0001:0002635f       __imp_load_?writeWord@physx@@YAXG_NAEAVPxOutputStream@1@@Z 000000018002735f f   PhysXCommon_64:PhysXCommon_64.dll
 0001:0002636b       ?writeWord@physx@@YAXG_NAEAVPxOutputStream@1@@Z 000000018002736b f   PhysXCommon_64:PhysXCommon_64.dll
 0001:00026371       __imp_load_?writeFloat@physx@@YAXM_NAEAVPxOutputStream@1@@Z 0000000180027371 f   PhysXCommon_64:PhysXCommon_64.dll
 0001:0002637d       ?writeFloat@physx@@YAXM_NAEAVPxOutputStream@1@@Z 000000018002737d f   PhysXCommon_64:PhysXCommon_64.dll
 0001:00026383       __imp_load_?computeBoundsAroundVertices@Gu@physx@@YAXAEAVPxBounds3@2@IPEIBVPxVec3@2@@Z 0000000180027383 f   PhysXCommon_64:PhysXCommon_64.dll
 0001:0002638f       ?computeBoundsAroundVertices@Gu@physx@@YAXAEAVPxBounds3@2@IPEIBVPxVec3@2@@Z 000000018002738f f   PhysXCommon_64:PhysXCommon_64.dll
 0001:00026395       __imp_load_??0SourceMesh@Gu@physx@@QEAA@XZ 0000000180027395 f   PhysXCommon_64:PhysXCommon_64.dll
 0001:000263a1       ??0SourceMesh@Gu@physx@@QEAA@XZ 00000001800273a1 f   PhysXCommon_64:PhysXCommon_64.dll
 0001:000263a7       __imp_load_??1SourceMesh@Gu@physx@@QEAA@XZ 00000001800273a7 f   PhysXCommon_64:PhysXCommon_64.dll
 0001:000263b3       ??1SourceMesh@Gu@physx@@QEAA@XZ 00000001800273b3 f   PhysXCommon_64:PhysXCommon_64.dll
 0001:000263b9       __imp_load_??0BV4Tree@Gu@physx@@QEAA@XZ 00000001800273b9 f   PhysXCommon_64:PhysXCommon_64.dll
 0001:000263c5       ??0BV4Tree@Gu@physx@@QEAA@XZ 00000001800273c5 f   PhysXCommon_64:PhysXCommon_64.dll
 0001:000263cb       __imp_load_??1BV4Tree@Gu@physx@@QEAA@XZ 00000001800273cb f   PhysXCommon_64:PhysXCommon_64.dll
 0001:000263d7       ??1BV4Tree@Gu@physx@@QEAA@XZ 00000001800273d7 f   PhysXCommon_64:PhysXCommon_64.dll
 0001:000263dd       __imp_load_??0BV32Tree@Gu@physx@@QEAA@XZ 00000001800273dd f   PhysXCommon_64:PhysXCommon_64.dll
 0001:000263e9       ??0BV32Tree@Gu@physx@@QEAA@XZ 00000001800273e9 f   PhysXCommon_64:PhysXCommon_64.dll
 0001:000263ef       __imp_load_??1BV32Tree@Gu@physx@@QEAA@XZ 00000001800273ef f   PhysXCommon_64:PhysXCommon_64.dll
 0001:000263fb       ??1BV32Tree@Gu@physx@@QEAA@XZ 00000001800273fb f   PhysXCommon_64:PhysXCommon_64.dll
 0001:00026401       __imp_load_?writeWordBuffer@physx@@YAXPEBGI_NAEAVPxOutputStream@1@@Z 0000000180027401 f   PhysXCommon_64:PhysXCommon_64.dll
 0001:0002640d       ?writeWordBuffer@physx@@YAXPEBGI_NAEAVPxOutputStream@1@@Z 000000018002740d f   PhysXCommon_64:PhysXCommon_64.dll
 0001:00026413       __imp_load_?computeMaxIndex@physx@@YAIPEBII@Z 0000000180027413 f   PhysXCommon_64:PhysXCommon_64.dll
 0001:0002641f       ?computeMaxIndex@physx@@YAIPEBII@Z 000000018002741f f   PhysXCommon_64:PhysXCommon_64.dll
 0001:00026425       __imp_load_?storeIndices@physx@@YAXIIPEBIAEAVPxOutputStream@1@_N@Z 0000000180027425 f   PhysXCommon_64:PhysXCommon_64.dll
 0001:00026431       ?storeIndices@physx@@YAXIIPEBIAEAVPxOutputStream@1@_N@Z 0000000180027431 f   PhysXCommon_64:PhysXCommon_64.dll
 0001:00026437       __imp_load_?BuildBV4Ex@Gu@physx@@YA_NAEAVBV4Tree@12@AEAVSourceMesh@12@MI@Z 0000000180027437 f   PhysXCommon_64:PhysXCommon_64.dll
 0001:00026443       ?BuildBV4Ex@Gu@physx@@YA_NAEAVBV4Tree@12@AEAVSourceMesh@12@MI@Z 0000000180027443 f   PhysXCommon_64:PhysXCommon_64.dll
 0001:00026449       __imp_load_?BuildBV32Ex@Gu@physx@@YA_NAEAVBV32Tree@12@AEAVSourceMesh@12@MI@Z 0000000180027449 f   PhysXCommon_64:PhysXCommon_64.dll
 0001:00026455       ?BuildBV32Ex@Gu@physx@@YA_NAEAVBV32Tree@12@AEAVSourceMesh@12@MI@Z 0000000180027455 f   PhysXCommon_64:PhysXCommon_64.dll
 0001:0002645b       __imp_load_?computeMaxIndex@physx@@YAGPEBGI@Z 000000018002745b f   PhysXCommon_64:PhysXCommon_64.dll
 0001:00026467       ?computeMaxIndex@physx@@YAGPEBGI@Z 0000000180027467 f   PhysXCommon_64:PhysXCommon_64.dll
 0001:0002646d       __imp_load_?WriteHeader@Gu@physx@@YA_NEEEEI_NAEAVPxOutputStream@2@@Z 000000018002746d f   PhysXCommon_64:PhysXCommon_64.dll
 0001:00026479       ?WriteHeader@Gu@physx@@YA_NEEEEI_NAEAVPxOutputStream@2@@Z 0000000180027479 f   PhysXCommon_64:PhysXCommon_64.dll
 0001:0002647f       __imp_load_?StoreIndices@Gu@physx@@YAXGIPEBGAEAVPxOutputStream@2@_N@Z 000000018002747f f   PhysXCommon_64:PhysXCommon_64.dll
 0001:0002648b       ?StoreIndices@Gu@physx@@YAXGIPEBGAEAVPxOutputStream@2@_N@Z 000000018002748b f   PhysXCommon_64:PhysXCommon_64.dll
 0001:00026491       __imp_load_?CreateOffsets@BigConvexData@physx@@IEAAXXZ 0000000180027491 f   PhysXCommon_64:PhysXCommon_64.dll
 0001:0002649d       ?CreateOffsets@BigConvexData@physx@@IEAAXXZ 000000018002749d f   PhysXCommon_64:PhysXCommon_64.dll
 0001:000264a3       __imp_load_?computeOBBPoints@Gu@physx@@YAXPEIAVPxVec3@2@AEBV32@1111@Z 00000001800274a3 f   PhysXCommon_64:PhysXCommon_64.dll
 0001:000264af       ?computeOBBPoints@Gu@physx@@YAXPEIAVPxVec3@2@AEBV32@1111@Z 00000001800274af f   PhysXCommon_64:PhysXCommon_64.dll
 0001:000264b5       __imp_load_??0BigConvexData@physx@@QEAA@XZ 00000001800274b5 f   PhysXCommon_64:PhysXCommon_64.dll
 0001:000264c1       ??0BigConvexData@physx@@QEAA@XZ 00000001800274c1 f   PhysXCommon_64:PhysXCommon_64.dll
 0001:000264c7       __imp_load_??1BigConvexData@physx@@QEAA@XZ 00000001800274c7 f   PhysXCommon_64:PhysXCommon_64.dll
 0001:000264d3       ??1BigConvexData@physx@@QEAA@XZ 00000001800274d3 f   PhysXCommon_64:PhysXCommon_64.dll
 0001:000264d9       __imp_load_PxGetFoundation 00000001800274d9 f   PhysXFoundation_64:PhysXFoundation_64.dll
 0001:000264e5       PxGetFoundation            00000001800274e5 f   PhysXFoundation_64:PhysXFoundation_64.dll
 0001:000264eb       __tailMerge_physxfoundation_64_dll 00000001800274eb     PhysXFoundation_64:PhysXFoundation_64.dll
 0001:00026564       __imp_load_?getAllocator@shdfnd@physx@@YAAEAVPxAllocatorCallback@2@XZ 0000000180027564 f   PhysXFoundation_64:PhysXFoundation_64.dll
 0001:00026570       ?getAllocator@shdfnd@physx@@YAAEAVPxAllocatorCallback@2@XZ 0000000180027570 f   PhysXFoundation_64:PhysXFoundation_64.dll
 0001:00026576       __imp_load_??0NamedAllocator@shdfnd@physx@@QEAA@PEBD@Z 0000000180027576 f   PhysXFoundation_64:PhysXFoundation_64.dll
 0001:00026582       ??0NamedAllocator@shdfnd@physx@@QEAA@PEBD@Z 0000000180027582 f   PhysXFoundation_64:PhysXFoundation_64.dll
 0001:00026588       __imp_load_?getInstance@Foundation@shdfnd@physx@@SAAEAV123@XZ 0000000180027588 f   PhysXFoundation_64:PhysXFoundation_64.dll
 0001:00026594       ?getInstance@Foundation@shdfnd@physx@@SAAEAV123@XZ 0000000180027594 f   PhysXFoundation_64:PhysXFoundation_64.dll
 0001:0002659a       __imp_load_?error@Foundation@shdfnd@physx@@QEAAXW4Enum@PxErrorCode@3@PEBDH1ZZ 000000018002759a f   PhysXFoundation_64:PhysXFoundation_64.dll
 0001:000265a6       ?error@Foundation@shdfnd@physx@@QEAAXW4Enum@PxErrorCode@3@PEBDH1ZZ 00000001800275a6 f   PhysXFoundation_64:PhysXFoundation_64.dll
 0001:000265ac       __imp_load_?allocate@NamedAllocator@shdfnd@physx@@QEAAPEAX_KPEBDH@Z 00000001800275ac f   PhysXFoundation_64:PhysXFoundation_64.dll
 0001:000265b8       ?allocate@NamedAllocator@shdfnd@physx@@QEAAPEAX_KPEBDH@Z 00000001800275b8 f   PhysXFoundation_64:PhysXFoundation_64.dll
 0001:000265be       __imp_load_?deallocate@NamedAllocator@shdfnd@physx@@QEAAXPEAX@Z 00000001800275be f   PhysXFoundation_64:PhysXFoundation_64.dll
 0001:000265ca       ?deallocate@NamedAllocator@shdfnd@physx@@QEAAXPEAX@Z 00000001800275ca f   PhysXFoundation_64:PhysXFoundation_64.dll
 0001:000265d0       __imp_load_?incRefCount@Foundation@shdfnd@physx@@SAXXZ 00000001800275d0 f   PhysXFoundation_64:PhysXFoundation_64.dll
 0001:000265dc       ?incRefCount@Foundation@shdfnd@physx@@SAXXZ 00000001800275dc f   PhysXFoundation_64:PhysXFoundation_64.dll
 0001:000265e2       __imp_load_?decRefCount@Foundation@shdfnd@physx@@SAXXZ 00000001800275e2 f   PhysXFoundation_64:PhysXFoundation_64.dll
 0001:000265ee       ?decRefCount@Foundation@shdfnd@physx@@SAXXZ 00000001800275ee f   PhysXFoundation_64:PhysXFoundation_64.dll
 0001:000265f4       __imp_load_??0FPUGuard@shdfnd@physx@@QEAA@XZ 00000001800275f4 f   PhysXFoundation_64:PhysXFoundation_64.dll
 0001:00026600       ??0FPUGuard@shdfnd@physx@@QEAA@XZ 0000000180027600 f   PhysXFoundation_64:PhysXFoundation_64.dll
 0001:00026606       __imp_load_??1FPUGuard@shdfnd@physx@@QEAA@XZ 0000000180027606 f   PhysXFoundation_64:PhysXFoundation_64.dll
 0001:00026612       ??1FPUGuard@shdfnd@physx@@QEAA@XZ 0000000180027612 f   PhysXFoundation_64:PhysXFoundation_64.dll
 0001:00026618       __imp_load_??1NamedAllocator@shdfnd@physx@@QEAA@XZ 0000000180027618 f   PhysXFoundation_64:PhysXFoundation_64.dll
 0001:00026624       ??1NamedAllocator@shdfnd@physx@@QEAA@XZ 0000000180027624 f   PhysXFoundation_64:PhysXFoundation_64.dll
 0001:0002662a       __imp_load_??0NamedAllocator@shdfnd@physx@@QEAA@AEBV012@@Z 000000018002762a f   PhysXFoundation_64:PhysXFoundation_64.dll
 0001:00026636       ??0NamedAllocator@shdfnd@physx@@QEAA@AEBV012@@Z 0000000180027636 f   PhysXFoundation_64:PhysXFoundation_64.dll
 0001:0002663c       __imp_load_?allocate@TempAllocator@shdfnd@physx@@QEAAPEAX_KPEBDH@Z 000000018002763c f   PhysXFoundation_64:PhysXFoundation_64.dll
 0001:00026648       ?allocate@TempAllocator@shdfnd@physx@@QEAAPEAX_KPEBDH@Z 0000000180027648 f   PhysXFoundation_64:PhysXFoundation_64.dll
 0001:0002664e       __imp_load_?deallocate@TempAllocator@shdfnd@physx@@QEAAXPEAX@Z 000000018002764e f   PhysXFoundation_64:PhysXFoundation_64.dll
 0001:0002665a       ?deallocate@TempAllocator@shdfnd@physx@@QEAAXPEAX@Z 000000018002765a f   PhysXFoundation_64:PhysXFoundation_64.dll
 0001:00026660       __imp_load_?PxDiagonalize@physx@@YA?AVPxVec3@1@AEBVPxMat33@1@AEAVPxQuat@1@@Z 0000000180027660 f   PhysXFoundation_64:PhysXFoundation_64.dll
 0001:0002666c       ?PxDiagonalize@physx@@YA?AVPxVec3@1@AEBVPxMat33@1@AEAVPxQuat@1@@Z 000000018002766c f   PhysXFoundation_64:PhysXFoundation_64.dll
 0001:00026674       ?DloadAcquireSectionWriteAccess@@YAXXZ 0000000180027674 f i Delayimp:delayhlp.obj
 0001:00026720       ?DloadGetSRWLockFunctionPointers@@YAEXZ 0000000180027720 f i Delayimp:delayhlp.obj
 0001:000267c0       ?DloadMakePermanentImageCommit@@YAXPEAX_K@Z 00000001800277c0 f i Delayimp:delayhlp.obj
 0001:00026858       ?DloadObtainSection@@YAPEAXPEAK0@Z 0000000180027858 f i Delayimp:delayhlp.obj
 0001:000268f4       ?DloadProtectSection@@YAXKPEAK@Z 00000001800278f4 f i Delayimp:delayhlp.obj
 0001:00026984       ?DloadReleaseSectionWriteAccess@@YAXXZ 0000000180027984 f i Delayimp:delayhlp.obj
 0001:00026a18       __delayLoadHelper2         0000000180027a18 f   Delayimp:delayhlp.obj
 0001:00026cf0       ??3@YAXPEAX_K@Z            0000000180027cf0 f   MSVCRT:delete_scalar_size.obj
 0001:00026cf0       ??_V@YAXPEAX@Z             0000000180027cf0 f   MSVCRT:delete_array.obj
 0001:00026cf8       ??_Gtype_info@@UEAAPEAXI@Z 0000000180027cf8 f i MSVCRT:std_type_info_static.obj
 0001:00026cf8       ??_Etype_info@@UEAAPEAXI@Z 0000000180027cf8 f i MSVCRT:std_type_info_static.obj
 0001:00026d24       ?__scrt_initialize_type_info@@YAXXZ 0000000180027d24 f   MSVCRT:tncleanup.obj
 0001:00026d34       ?__scrt_uninitialize_type_info@@YAXXZ 0000000180027d34 f   MSVCRT:tncleanup.obj
 0001:00026d50       _alloca_probe              0000000180027d50 f   MSVCRT:chkstk.obj
 0001:00026d50       __chkstk                   0000000180027d50 f   MSVCRT:chkstk.obj
 0001:00026da0       ??3@YAXPEAX@Z              0000000180027da0 f   MSVCRT:delete_scalar.obj
 0001:00026db0       __vdecl_sinf4              0000000180027db0 f   MSVCRT:svml_ssinf4_dispatch.obj
 0001:00026dd0       __libm_sse2_sincosf_       0000000180027dd0 f   MSVCRT:svml_ssinf4_dispatch.obj
 0001:00026e13       __libm_sse2_sincosf4_      0000000180027e13 f   MSVCRT:svml_ssinf4_dispatch.obj
 0001:00027140       _DllMainCRTStartup         0000000180028140 f   MSVCRT:dll_dllmain.obj
 0001:00027180       __isa_available_init       0000000180028180 f   MSVCRT:cpu_disp.obj
 0001:00027330       __sse2_sinf4@@16           0000000180028330 f   MSVCRT:svml_ssinf4_sse2.obj
 0001:00027c70       __sse4_sinf4@@16           0000000180028c70 f   MSVCRT:svml_ssinf4_sse4.obj
 0001:000283e4       __security_init_cookie     00000001800293e4 f   MSVCRT:gs_support.obj
 0001:00028490       DllMain                    0000000180029490 f   MSVCRT:dll_dllmain_stub.obj
 0001:000284b4       __local_stdio_printf_options 00000001800294b4 f i MSVCRT:default_local_stdio_options.obj
 0001:000284bc       __local_stdio_scanf_options 00000001800294bc f i MSVCRT:default_local_stdio_options.obj
 0001:000284c4       __scrt_initialize_default_local_stdio_options 00000001800294c4 f   MSVCRT:default_local_stdio_options.obj
 0001:000284e0       __scrt_acquire_startup_lock 00000001800294e0 f   MSVCRT:utility.obj
 0001:0002851c       __scrt_dllmain_after_initialize_c 000000018002951c f   MSVCRT:utility.obj
 0001:00028550       __scrt_dllmain_before_initialize_c 0000000180029550 f   MSVCRT:utility.obj
 0001:00028568       __scrt_dllmain_crt_thread_attach 0000000180029568 f   MSVCRT:utility.obj
 0001:00028590       __scrt_dllmain_crt_thread_detach 0000000180029590 f   MSVCRT:utility.obj
 0001:000285a8       __scrt_dllmain_exception_filter 00000001800295a8 f   MSVCRT:utility.obj
 0001:00028608       __scrt_dllmain_uninitialize_c 0000000180029608 f   MSVCRT:utility.obj
 0001:00028638       __scrt_dllmain_uninitialize_critical 0000000180029638 f   MSVCRT:utility.obj
 0001:0002864c       __scrt_initialize_crt      000000018002964c f   MSVCRT:utility.obj
 0001:00028698       __scrt_initialize_onexit_tables 0000000180029698 f   MSVCRT:utility.obj
 0001:00028724       __scrt_is_nonwritable_in_current_image 0000000180029724 f   MSVCRT:utility.obj
 0001:000287bc       __scrt_release_startup_lock 00000001800297bc f   MSVCRT:utility.obj
 0001:000287e0       __scrt_uninitialize_crt    00000001800297e0 f   MSVCRT:utility.obj
 0001:0002880c       __scrt_get_dyn_tls_init_callback 000000018002980c f   MSVCRT:dyn_tls_init.obj
 0001:00028814       __crt_debugger_hook        0000000180029814 f   MSVCRT:utility_desktop.obj
 0001:0002881c       __scrt_fastfail            000000018002981c f   MSVCRT:utility_desktop.obj
 0001:00028968       _RTC_Initialize            0000000180029968 f   MSVCRT:initsect.obj
 0001:000289a4       _RTC_Terminate             00000001800299a4 f   MSVCRT:initsect.obj
 0001:000289e0       __common_ssin_cout_rare    00000001800299e0 f   MSVCRT:svml_s_sin_cout.obj
 0001:00028a50       __scrt_is_ucrt_dll_in_use  0000000180029a50 f   MSVCRT:ucrt_detection.obj
 0001:00028a5c       _purecall                  0000000180029a5c f   vcruntime:VCRUNTIME140.dll
 0001:00028a62       __std_type_info_name       0000000180029a62 f   vcruntime:VCRUNTIME140.dll
 0001:00028a68       memset                     0000000180029a68 f   vcruntime:VCRUNTIME140.dll
 0001:00028a6e       memcpy                     0000000180029a6e f   vcruntime:VCRUNTIME140.dll
 0001:00028a74       strstr                     0000000180029a74 f   vcruntime:VCRUNTIME140.dll
 0001:00028a7a       __std_type_info_destroy_list 0000000180029a7a f   vcruntime:VCRUNTIME140.dll
 0001:00028a80       __C_specific_handler       0000000180029a80 f   vcruntime:VCRUNTIME140.dll
 0001:00028a86       strcmp                     0000000180029a86 f   ucrt:api-ms-win-crt-string-l1-1-0.dll
 0001:00028a8c       atan2f                     0000000180029a8c f   ucrt:api-ms-win-crt-math-l1-1-0.dll
 0001:00028a92       free                       0000000180029a92 f   ucrt:api-ms-win-crt-heap-l1-1-0.dll
 0001:00028a98       _initterm                  0000000180029a98 f   ucrt:api-ms-win-crt-runtime-l1-1-0.dll
 0001:00028a9e       _initterm_e                0000000180029a9e f   ucrt:api-ms-win-crt-runtime-l1-1-0.dll
 0001:00028aa4       _seh_filter_dll            0000000180029aa4 f   ucrt:api-ms-win-crt-runtime-l1-1-0.dll
 0001:00028aaa       _configure_narrow_argv     0000000180029aaa f   ucrt:api-ms-win-crt-runtime-l1-1-0.dll
 0001:00028ab0       _initialize_narrow_environment 0000000180029ab0 f   ucrt:api-ms-win-crt-runtime-l1-1-0.dll
 0001:00028ab6       _initialize_onexit_table   0000000180029ab6 f   ucrt:api-ms-win-crt-runtime-l1-1-0.dll
 0001:00028abc       _execute_onexit_table      0000000180029abc f   ucrt:api-ms-win-crt-runtime-l1-1-0.dll
 0001:00028ac2       _cexit                     0000000180029ac2 f   ucrt:api-ms-win-crt-runtime-l1-1-0.dll
 0001:00028ac8       __vcrt_uninitialize_critical 0000000180029ac8 f   MSVCRT:ucrt_stubs.obj
 0001:00028ac8       __acrt_thread_detach       0000000180029ac8 f   MSVCRT:ucrt_stubs.obj
 0001:00028ac8       __scrt_stub_for_acrt_uninitialize 0000000180029ac8 f   MSVCRT:ucrt_stubs.obj
 0001:00028ac8       __scrt_stub_for_acrt_uninitialize_critical 0000000180029ac8 f   MSVCRT:ucrt_stubs.obj
 0001:00028ac8       __acrt_thread_attach       0000000180029ac8 f   MSVCRT:ucrt_stubs.obj
 0001:00028ac8       __vcrt_thread_detach       0000000180029ac8 f   MSVCRT:ucrt_stubs.obj
 0001:00028ac8       __acrt_uninitialize        0000000180029ac8 f   MSVCRT:ucrt_stubs.obj
 0001:00028ac8       __vcrt_thread_attach       0000000180029ac8 f   MSVCRT:ucrt_stubs.obj
 0001:00028ac8       __scrt_stub_for_acrt_thread_attach 0000000180029ac8 f   MSVCRT:ucrt_stubs.obj
 0001:00028ac8       __scrt_stub_for_acrt_thread_detach 0000000180029ac8 f   MSVCRT:ucrt_stubs.obj
 0001:00028ac8       __acrt_uninitialize_critical 0000000180029ac8 f   MSVCRT:ucrt_stubs.obj
 0001:00028ac8       __scrt_stub_for_acrt_initialize 0000000180029ac8 f   MSVCRT:ucrt_stubs.obj
 0001:00028ac8       __vcrt_initialize          0000000180029ac8 f   MSVCRT:ucrt_stubs.obj
 0001:00028ac8       __vcrt_uninitialize        0000000180029ac8 f   MSVCRT:ucrt_stubs.obj
 0001:00028ac8       __acrt_initialize          0000000180029ac8 f   MSVCRT:ucrt_stubs.obj
 0001:00028ae0       _guard_dispatch_icall_nop  0000000180029ae0 f   MSVCRT:guard_dispatch.obj
 0001:00028b00       _guard_xfg_dispatch_icall_nop 0000000180029b00 f   MSVCRT:guard_xfg_dispatch.obj
 0002:00000000       __imp_LoadLibraryA         000000018002a000     kernel32:KERNEL32.dll
 0002:00000008       __imp_SetUnhandledExceptionFilter 000000018002a008     kernel32:KERNEL32.dll
 0002:00000010       __imp_UnhandledExceptionFilter 000000018002a010     kernel32:KERNEL32.dll
 0002:00000018       __imp_IsDebuggerPresent    000000018002a018     kernel32:KERNEL32.dll
 0002:00000020       __imp_RtlVirtualUnwind     000000018002a020     kernel32:KERNEL32.dll
 0002:00000028       __imp_RtlLookupFunctionEntry 000000018002a028     kernel32:KERNEL32.dll
 0002:00000030       __imp_RtlCaptureContext    000000018002a030     kernel32:KERNEL32.dll
 0002:00000038       __imp_DisableThreadLibraryCalls 000000018002a038     kernel32:KERNEL32.dll
 0002:00000040       __imp_GetSystemTimeAsFileTime 000000018002a040     kernel32:KERNEL32.dll
 0002:00000048       __imp_GetCurrentThreadId   000000018002a048     kernel32:KERNEL32.dll
 0002:00000050       __imp_GetCurrentProcessId  000000018002a050     kernel32:KERNEL32.dll
 0002:00000058       __imp_QueryPerformanceCounter 000000018002a058     kernel32:KERNEL32.dll
 0002:00000060       __imp_InitializeSListHead  000000018002a060     kernel32:KERNEL32.dll
 0002:00000068       __imp_LoadLibraryExA       000000018002a068     kernel32:KERNEL32.dll
 0002:00000070       __imp_GetProcAddress       000000018002a070     kernel32:KERNEL32.dll
 0002:00000078       __imp_GetModuleHandleW     000000018002a078     kernel32:KERNEL32.dll
 0002:00000080       __imp_FreeLibrary          000000018002a080     kernel32:KERNEL32.dll
 0002:00000088       __imp_VirtualQuery         000000018002a088     kernel32:KERNEL32.dll
 0002:00000090       __imp_VirtualProtect       000000018002a090     kernel32:KERNEL32.dll
 0002:00000098       __imp_GetSystemInfo        000000018002a098     kernel32:KERNEL32.dll
 0002:000000a0       __imp_GetLastError         000000018002a0a0     kernel32:KERNEL32.dll
 0002:000000a8       __imp_RaiseException       000000018002a0a8     kernel32:KERNEL32.dll
 0002:000000b0       __imp_IsProcessorFeaturePresent 000000018002a0b0     kernel32:KERNEL32.dll
 0002:000000b8       \177KERNEL32_NULL_THUNK_DATA 000000018002a0b8     kernel32:KERNEL32.dll
 0002:000000c0       __imp_memcpy               000000018002a0c0     vcruntime:VCRUNTIME140.dll
 0002:000000c8       __imp_strstr               000000018002a0c8     vcruntime:VCRUNTIME140.dll
 0002:000000d0       __imp___std_type_info_destroy_list 000000018002a0d0     vcruntime:VCRUNTIME140.dll
 0002:000000d8       __imp___C_specific_handler 000000018002a0d8     vcruntime:VCRUNTIME140.dll
 0002:000000e0       __imp_memset               000000018002a0e0     vcruntime:VCRUNTIME140.dll
 0002:000000e8       __imp__purecall            000000018002a0e8     vcruntime:VCRUNTIME140.dll
 0002:000000f0       __imp___std_type_info_name 000000018002a0f0     vcruntime:VCRUNTIME140.dll
 0002:000000f8       \177VCRUNTIME140_NULL_THUNK_DATA 000000018002a0f8     vcruntime:VCRUNTIME140.dll
 0002:00000100       __imp_free                 000000018002a100     ucrt:api-ms-win-crt-heap-l1-1-0.dll
 0002:00000108       \177api-ms-win-crt-heap-l1-1-0_NULL_THUNK_DATA 000000018002a108     ucrt:api-ms-win-crt-heap-l1-1-0.dll
 0002:00000110       __imp__fpclass             000000018002a110     ucrt:api-ms-win-crt-math-l1-1-0.dll
 0002:00000118       __imp_atan2f               000000018002a118     ucrt:api-ms-win-crt-math-l1-1-0.dll
 0002:00000120       \177api-ms-win-crt-math-l1-1-0_NULL_THUNK_DATA 000000018002a120     ucrt:api-ms-win-crt-math-l1-1-0.dll
 0002:00000128       __imp__seh_filter_dll      000000018002a128     ucrt:api-ms-win-crt-runtime-l1-1-0.dll
 0002:00000130       __imp__configure_narrow_argv 000000018002a130     ucrt:api-ms-win-crt-runtime-l1-1-0.dll
 0002:00000138       __imp__initialize_narrow_environment 000000018002a138     ucrt:api-ms-win-crt-runtime-l1-1-0.dll
 0002:00000140       __imp__initterm_e          000000018002a140     ucrt:api-ms-win-crt-runtime-l1-1-0.dll
 0002:00000148       __imp__initialize_onexit_table 000000018002a148     ucrt:api-ms-win-crt-runtime-l1-1-0.dll
 0002:00000150       __imp__execute_onexit_table 000000018002a150     ucrt:api-ms-win-crt-runtime-l1-1-0.dll
 0002:00000158       __imp__initterm            000000018002a158     ucrt:api-ms-win-crt-runtime-l1-1-0.dll
 0002:00000160       __imp__cexit               000000018002a160     ucrt:api-ms-win-crt-runtime-l1-1-0.dll
 0002:00000168       \177api-ms-win-crt-runtime-l1-1-0_NULL_THUNK_DATA 000000018002a168     ucrt:api-ms-win-crt-runtime-l1-1-0.dll
 0002:00000170       __imp_strcmp               000000018002a170     ucrt:api-ms-win-crt-string-l1-1-0.dll
 0002:00000178       \177api-ms-win-crt-string-l1-1-0_NULL_THUNK_DATA 000000018002a178     ucrt:api-ms-win-crt-string-l1-1-0.dll
 0002:00000180       __guard_check_icall_fptr   000000018002a180     MSVCRT:guard_support.obj
[...]
 0002:00006696       szName                     0000000180030696     PhysXCooking_64.exp
 0002:000066aa       $N00001                    00000001800306aa     PhysXCooking_64.exp
 0002:000066d9       $N00002                    00000001800306d9     PhysXCooking_64.exp
 0002:00006700       $N00003                    0000000180030700     PhysXCooking_64.exp
 0002:0000673b       $N00004                    000000018003073b     PhysXCooking_64.exp
 0002:00006762       $N00005                    0000000180030762     PhysXCooking_64.exp
 0002:0000678e       $N00006                    000000018003078e     PhysXCooking_64.exp
 0002:000067af       $N00007                    00000001800307af     PhysXCooking_64.exp
 0002:000067e4       $N00008                    00000001800307e4     PhysXCooking_64.exp
 0002:000067fd       $N00009                    00000001800307fd     PhysXCooking_64.exp
 0002:0000681d       $N00010                    000000018003081d     PhysXCooking_64.exp
 0002:00006846       $N00011                    0000000180030846     PhysXCooking_64.exp
 0002:0000686d       $N00012                    000000018003086d     PhysXCooking_64.exp
 0002:0000689c       $N00013                    000000018003089c     PhysXCooking_64.exp
 0002:000068c9       $N00014                    00000001800308c9     PhysXCooking_64.exp
 0002:000068fa       $N00015                    00000001800308fa     PhysXCooking_64.exp
 0002:0000691f       $N00016                    000000018003091f     PhysXCooking_64.exp
 0002:0000694a       $N00017                    000000018003094a     PhysXCooking_64.exp
 0002:00006970       $N00018                    0000000180030970     PhysXCooking_64.exp
 0002:0000698f       $N00019                    000000018003098f     PhysXCooking_64.exp
 0002:000069c5       $N00020                    00000001800309c5     PhysXCooking_64.exp
 0002:000069ef       $N00021                    00000001800309ef     PhysXCooking_64.exp
 0002:00006a16       $N00022                    0000000180030a16     PhysXCooking_64.exp
 0002:00006a3f       $N00023                    0000000180030a3f     PhysXCooking_64.exp
 0002:00006a58       $N00024                    0000000180030a58     PhysXCooking_64.exp
 0002:00006a7d       $N00025                    0000000180030a7d     PhysXCooking_64.exp
 0002:00006a9c       $N00026                    0000000180030a9c     PhysXCooking_64.exp
 0002:00006abb       $N00027                    0000000180030abb     PhysXCooking_64.exp
 0002:00006adb       $N00028                    0000000180030adb     PhysXCooking_64.exp
 0002:00006b11       $N00029                    0000000180030b11     PhysXCooking_64.exp
 0002:00006b49       $N00030                    0000000180030b49     PhysXCooking_64.exp
 0002:00006b7d       $N00031                    0000000180030b7d     PhysXCooking_64.exp
 0002:00006baf       $N00032                    0000000180030baf     PhysXCooking_64.exp
 0002:00006bdc       $N00033                    0000000180030bdc     PhysXCooking_64.exp
 0002:00006c04       $N00034                    0000000180030c04     PhysXCooking_64.exp
 0002:00006c35       $N00035                    0000000180030c35     PhysXCooking_64.exp
 0002:00006c64       $N00036                    0000000180030c64     PhysXCooking_64.exp
 0002:00006c94       $N00037                    0000000180030c94     PhysXCooking_64.exp
 0002:00006cc2       $N00038                    0000000180030cc2     PhysXCooking_64.exp
 0002:00006cf3       $N00039                    0000000180030cf3     PhysXCooking_64.exp
 0002:00006d29       $N00040                    0000000180030d29     PhysXCooking_64.exp
 0002:00006d5d       $N00041                    0000000180030d5d     PhysXCooking_64.exp
 0002:00006d8f       $N00042                    0000000180030d8f     PhysXCooking_64.exp
 0002:00006dc1       $N00043                    0000000180030dc1     PhysXCooking_64.exp
 0002:00006ded       $N00044                    0000000180030ded     PhysXCooking_64.exp
 0002:00006e09       $N00045                    0000000180030e09     PhysXCooking_64.exp
 0002:00006e33       $N00046                    0000000180030e33     PhysXCooking_64.exp
 0002:00006e57       $N00047                    0000000180030e57     PhysXCooking_64.exp
 0002:00006e80       $N00048                    0000000180030e80     PhysXCooking_64.exp
 0002:00006eb2       $N00049                    0000000180030eb2     PhysXCooking_64.exp
 0002:00006ed9       $N00050                    0000000180030ed9     PhysXCooking_64.exp
 0002:00006f07       $N00051                    0000000180030f07     PhysXCooking_64.exp
 0002:00006f32       $N00052                    0000000180030f32     PhysXCooking_64.exp
 0002:00006f5f       $N00053                    0000000180030f5f     PhysXCooking_64.exp
 0002:00006f88       $N00054                    0000000180030f88     PhysXCooking_64.exp
 0002:00006fb7       $N00055                    0000000180030fb7     PhysXCooking_64.exp
 0002:00006fe0       $N00056                    0000000180030fe0     PhysXCooking_64.exp
 0002:00007009       $N00057                    0000000180031009     PhysXCooking_64.exp
 0002:00007037       $N00058                    0000000180031037     PhysXCooking_64.exp
 0002:0000705f       $N00059                    000000018003105f     PhysXCooking_64.exp
 0002:0000709a       $N00060                    000000018003109a     PhysXCooking_64.exp
 0002:000070c4       $N00061                    00000001800310c4     PhysXCooking_64.exp
 0002:000070f8       $N00062                    00000001800310f8     PhysXCooking_64.exp
 0002:0000712e       $N00063                    000000018003112e     PhysXCooking_64.exp
 0002:0000716a       $N00064                    000000018003116a     PhysXCooking_64.exp
 0002:000071b2       $N00065                    00000001800311b2     PhysXCooking_64.exp
 0002:00007202       $N00066                    0000000180031202     PhysXCooking_64.exp
 0002:00007236       $N00067                    0000000180031236     PhysXCooking_64.exp
 0002:0000726b       $N00068                    000000018003126b     PhysXCooking_64.exp
 0002:000072a1       $N00069                    00000001800312a1     PhysXCooking_64.exp
 0002:000072c8       $N00070                    00000001800312c8     PhysXCooking_64.exp
 0002:00007310       $N00071                    0000000180031310     PhysXCooking_64.exp
 0002:00007356       $N00072                    0000000180031356     PhysXCooking_64.exp
 0002:000073ae       $N00073                    00000001800313ae     PhysXCooking_64.exp
 0002:000073f5       $N00074                    00000001800313f5     PhysXCooking_64.exp
 0002:00007420       $N00075                    0000000180031420     PhysXCooking_64.exp
 0002:00007450       $N00076                    0000000180031450     PhysXCooking_64.exp
 0002:000074a0       $N00077                    00000001800314a0     PhysXCooking_64.exp
 0002:0000754f       $N00078                    000000018003154f     PhysXCooking_64.exp
 0002:000075ad       $N00079                    00000001800315ad     PhysXCooking_64.exp
 0002:000075d9       $N00080                    00000001800315d9     PhysXCooking_64.exp
 0002:00007605       $N00081                    0000000180031605     PhysXCooking_64.exp
 0002:0000763a       $N00082                    000000018003163a     PhysXCooking_64.exp
 0002:00007663       $N00083                    0000000180031663     PhysXCooking_64.exp
 0002:0000769f       $N00084                    000000018003169f     PhysXCooking_64.exp
 0002:000076cb       $N00085                    00000001800316cb     PhysXCooking_64.exp
 0002:000076fe       $N00086                    00000001800316fe     PhysXCooking_64.exp
 0002:0000774b       $N00087                    000000018003174b     PhysXCooking_64.exp
 0002:0000777e       $N00088                    000000018003177e     PhysXCooking_64.exp
 0002:000077b8       $N00089                    00000001800317b8     PhysXCooking_64.exp
 0002:000077f2       $N00090                    00000001800317f2     PhysXCooking_64.exp
 0002:0000782e       $N00091                    000000018003182e     PhysXCooking_64.exp
 0002:00007872       $N00092                    0000000180031872     PhysXCooking_64.exp
 0002:000078a1       $N00093                    00000001800318a1     PhysXCooking_64.exp
 0002:0000791b       $N00094                    000000018003191b     PhysXCooking_64.exp
 0002:00007978       $N00095                    0000000180031978     PhysXCooking_64.exp
 0002:000079a4       $N00096                    00000001800319a4     PhysXCooking_64.exp
 0002:000079d8       $N00097                    00000001800319d8     PhysXCooking_64.exp
 0002:00007a11       $N00098                    0000000180031a11     PhysXCooking_64.exp
 0002:00007a4e       $N00099                    0000000180031a4e     PhysXCooking_64.exp
 0002:00007a84       $N00100                    0000000180031a84     PhysXCooking_64.exp
 0002:00007ab1       $N00101                    0000000180031ab1     PhysXCooking_64.exp
 0002:00007ade       $N00102                    0000000180031ade     PhysXCooking_64.exp
 0002:00007b09       $N00103                    0000000180031b09     PhysXCooking_64.exp
 0002:00007b35       $N00104                    0000000180031b35     PhysXCooking_64.exp
 0002:00007b62       $N00105                    0000000180031b62     PhysXCooking_64.exp
 0002:00007b82       $N00106                    0000000180031b82     PhysXCooking_64.exp
 0002:00007bbe       $N00107                    0000000180031bbe     PhysXCooking_64.exp
 0002:00007bef       $N00108                    0000000180031bef     PhysXCooking_64.exp
 0002:00007c21       $N00109                    0000000180031c21     PhysXCooking_64.exp
 0002:00007c63       $N00110                    0000000180031c63     PhysXCooking_64.exp
 0002:00007c90       $N00111                    0000000180031c90     PhysXCooking_64.exp
 0002:00007cb4       $N00112                    0000000180031cb4     PhysXCooking_64.exp
 0002:00007ce4       $N00113                    0000000180031ce4     PhysXCooking_64.exp
 0002:00007d17       $N00114                    0000000180031d17     PhysXCooking_64.exp
 0002:00007d3c       $N00115                    0000000180031d3c     PhysXCooking_64.exp
 0002:00007d6a       $N00116                    0000000180031d6a     PhysXCooking_64.exp
 0002:00007d92       $N00117                    0000000180031d92     PhysXCooking_64.exp
 0002:00007db2       $N00118                    0000000180031db2     PhysXCooking_64.exp
 0002:00007df7       $N00119                    0000000180031df7     PhysXCooking_64.exp
 0002:00007e34       $N00120                    0000000180031e34     PhysXCooking_64.exp
 0002:00007e71       $N00121                    0000000180031e71     PhysXCooking_64.exp
 0002:00007ea4       $N00122                    0000000180031ea4     PhysXCooking_64.exp
 0002:00007eb4       $N00123                    0000000180031eb4     PhysXCooking_64.exp
 0002:000080f0       .idata$6                   00000001800320f0     kernel32:KERNEL32.dll
 0002:00008178       .idata$6                   0000000180032178     vcruntime:VCRUNTIME140.dll
 0002:00008258       .idata$6                   0000000180032258     ucrt:api-ms-win-crt-string-l1-1-0.dll
 0002:0000827a       .idata$6                   000000018003227a     ucrt:api-ms-win-crt-math-l1-1-0.dll
 0002:0000829a       .idata$6                   000000018003229a     ucrt:api-ms-win-crt-heap-l1-1-0.dll
 0002:000082ba       .idata$6                   00000001800322ba     ucrt:api-ms-win-crt-runtime-l1-1-0.dll
 0003:00000000       ?MAXDOT_MINANG@local@@3MB  0000000180033000     ConvexHullUtils.obj
 0003:00000004       ?MAXDOT_MINANG@local@@3MB  0000000180033004     QuickHullConvexHullLib.obj
 0003:00000540       ?maxV3Error@_VecMathTests@aos@shdfnd@physx@@3T__m128@@B 0000000180033540     Cooking.obj
 0003:00000550       ?minFError@_VecMathTests@aos@shdfnd@physx@@3T__m128@@B 0000000180033550     Cooking.obj
 0003:00000560       ?maxV4Error@_VecMathTests@aos@shdfnd@physx@@3T__m128@@B 0000000180033560     Cooking.obj
 0003:00000570       ?minV4Error@_VecMathTests@aos@shdfnd@physx@@3T__m128@@B 0000000180033570     Cooking.obj
 0003:00000580       ?minV3Error@_VecMathTests@aos@shdfnd@physx@@3T__m128@@B 0000000180033580     Cooking.obj
 0003:00000590       ?maxFError@_VecMathTests@aos@shdfnd@physx@@3T__m128@@B 0000000180033590     Cooking.obj
 0003:000005a0       ?maxV3Error@_VecMathTests@aos@shdfnd@physx@@3T__m128@@B 00000001800335a0     BVHStructureBuilder.obj
 0003:000005b0       ?minFError@_VecMathTests@aos@shdfnd@physx@@3T__m128@@B 00000001800335b0     BVHStructureBuilder.obj
 0003:000005c0       ?maxV4Error@_VecMathTests@aos@shdfnd@physx@@3T__m128@@B 00000001800335c0     BVHStructureBuilder.obj
 0003:000005d0       ?minV4Error@_VecMathTests@aos@shdfnd@physx@@3T__m128@@B 00000001800335d0     BVHStructureBuilder.obj
 0003:000005e0       ?minV3Error@_VecMathTests@aos@shdfnd@physx@@3T__m128@@B 00000001800335e0     BVHStructureBuilder.obj
 0003:000005f0       ?maxFError@_VecMathTests@aos@shdfnd@physx@@3T__m128@@B 00000001800335f0     BVHStructureBuilder.obj
 0003:00000600       ?maxV3Error@_VecMathTests@aos@shdfnd@physx@@3T__m128@@B 0000000180033600     RTreeCooking.obj
 0003:00000610       ?minFError@_VecMathTests@aos@shdfnd@physx@@3T__m128@@B 0000000180033610     RTreeCooking.obj
 0003:00000620       ?maxV4Error@_VecMathTests@aos@shdfnd@physx@@3T__m128@@B 0000000180033620     RTreeCooking.obj
 0003:00000630       ?minV4Error@_VecMathTests@aos@shdfnd@physx@@3T__m128@@B 0000000180033630     RTreeCooking.obj
 0003:00000640       ?minV3Error@_VecMathTests@aos@shdfnd@physx@@3T__m128@@B 0000000180033640     RTreeCooking.obj
 0003:00000650       ?maxFError@_VecMathTests@aos@shdfnd@physx@@3T__m128@@B 0000000180033650     RTreeCooking.obj
 0003:00000660       ?maxV3Error@_VecMathTests@aos@shdfnd@physx@@3T__m128@@B 0000000180033660     MeshBuilder.obj
 0003:00000670       ?minFError@_VecMathTests@aos@shdfnd@physx@@3T__m128@@B 0000000180033670     MeshBuilder.obj
 0003:00000680       ?maxV4Error@_VecMathTests@aos@shdfnd@physx@@3T__m128@@B 0000000180033680     MeshBuilder.obj
 0003:00000690       ?minV4Error@_VecMathTests@aos@shdfnd@physx@@3T__m128@@B 0000000180033690     MeshBuilder.obj
 0003:000006a0       ?minV3Error@_VecMathTests@aos@shdfnd@physx@@3T__m128@@B 00000001800336a0     MeshBuilder.obj
 0003:000006b0       ?maxFError@_VecMathTests@aos@shdfnd@physx@@3T__m128@@B 00000001800336b0     MeshBuilder.obj
 0003:000006c0       ?maxV3Error@_VecMathTests@aos@shdfnd@physx@@3T__m128@@B 00000001800336c0     TriangleMeshBuilder.obj
 0003:000006d0       ?minFError@_VecMathTests@aos@shdfnd@physx@@3T__m128@@B 00000001800336d0     TriangleMeshBuilder.obj
 0003:000006e0       ?maxV4Error@_VecMathTests@aos@shdfnd@physx@@3T__m128@@B 00000001800336e0     TriangleMeshBuilder.obj
 0003:000006f0       ?minV4Error@_VecMathTests@aos@shdfnd@physx@@3T__m128@@B 00000001800336f0     TriangleMeshBuilder.obj
 0003:00000700       ?minV3Error@_VecMathTests@aos@shdfnd@physx@@3T__m128@@B 0000000180033700     TriangleMeshBuilder.obj
 0003:00000710       ?maxFError@_VecMathTests@aos@shdfnd@physx@@3T__m128@@B 0000000180033710     TriangleMeshBuilder.obj
 0003:00000720       ?maxV3Error@_VecMathTests@aos@shdfnd@physx@@3T__m128@@B 0000000180033720     BigConvexDataBuilder.obj
 0003:00000730       ?minFError@_VecMathTests@aos@shdfnd@physx@@3T__m128@@B 0000000180033730     BigConvexDataBuilder.obj
 0003:00000740       ?maxV4Error@_VecMathTests@aos@shdfnd@physx@@3T__m128@@B 0000000180033740     BigConvexDataBuilder.obj
 0003:00000750       ?minV4Error@_VecMathTests@aos@shdfnd@physx@@3T__m128@@B 0000000180033750     BigConvexDataBuilder.obj
 0003:00000760       ?minV3Error@_VecMathTests@aos@shdfnd@physx@@3T__m128@@B 0000000180033760     BigConvexDataBuilder.obj
 0003:00000770       ?maxFError@_VecMathTests@aos@shdfnd@physx@@3T__m128@@B 0000000180033770     BigConvexDataBuilder.obj
 0003:00000780       ?maxV3Error@_VecMathTests@aos@shdfnd@physx@@3T__m128@@B 0000000180033780     ConvexHullBuilder.obj
 0003:00000790       ?minFError@_VecMathTests@aos@shdfnd@physx@@3T__m128@@B 0000000180033790     ConvexHullBuilder.obj
 0003:000007a0       ?maxV4Error@_VecMathTests@aos@shdfnd@physx@@3T__m128@@B 00000001800337a0     ConvexHullBuilder.obj
 0003:000007b0       ?minV4Error@_VecMathTests@aos@shdfnd@physx@@3T__m128@@B 00000001800337b0     ConvexHullBuilder.obj
 0003:000007c0       ?minV3Error@_VecMathTests@aos@shdfnd@physx@@3T__m128@@B 00000001800337c0     ConvexHullBuilder.obj
 0003:000007d0       ?maxFError@_VecMathTests@aos@shdfnd@physx@@3T__m128@@B 00000001800337d0     ConvexHullBuilder.obj
 0003:000007e0       ?maxV3Error@_VecMathTests@aos@shdfnd@physx@@3T__m128@@B 00000001800337e0     ConvexHullUtils.obj
 0003:000007f0       ?minFError@_VecMathTests@aos@shdfnd@physx@@3T__m128@@B 00000001800337f0     ConvexHullUtils.obj
 0003:00000800       ?maxV4Error@_VecMathTests@aos@shdfnd@physx@@3T__m128@@B 0000000180033800     ConvexHullUtils.obj
 0003:00000810       ?minV4Error@_VecMathTests@aos@shdfnd@physx@@3T__m128@@B 0000000180033810     ConvexHullUtils.obj
 0003:00000820       ?minV3Error@_VecMathTests@aos@shdfnd@physx@@3T__m128@@B 0000000180033820     ConvexHullUtils.obj
 0003:00000830       ?maxFError@_VecMathTests@aos@shdfnd@physx@@3T__m128@@B 0000000180033830     ConvexHullUtils.obj
 0003:00000840       ?maxV3Error@_VecMathTests@aos@shdfnd@physx@@3T__m128@@B 0000000180033840     ConvexMeshBuilder.obj
 0003:00000850       ?minFError@_VecMathTests@aos@shdfnd@physx@@3T__m128@@B 0000000180033850     ConvexMeshBuilder.obj
 0003:00000860       ?maxV4Error@_VecMathTests@aos@shdfnd@physx@@3T__m128@@B 0000000180033860     ConvexMeshBuilder.obj
 0003:00000870       ?minV4Error@_VecMathTests@aos@shdfnd@physx@@3T__m128@@B 0000000180033870     ConvexMeshBuilder.obj
 0003:00000880       ?minV3Error@_VecMathTests@aos@shdfnd@physx@@3T__m128@@B 0000000180033880     ConvexMeshBuilder.obj
 0003:00000890       ?maxFError@_VecMathTests@aos@shdfnd@physx@@3T__m128@@B 0000000180033890     ConvexMeshBuilder.obj
 0003:000008a0       ?maxV3Error@_VecMathTests@aos@shdfnd@physx@@3T__m128@@B 00000001800338a0     VolumeIntegration.obj
 0003:000008b0       ?minFError@_VecMathTests@aos@shdfnd@physx@@3T__m128@@B 00000001800338b0     VolumeIntegration.obj
 0003:000008c0       ?maxV4Error@_VecMathTests@aos@shdfnd@physx@@3T__m128@@B 00000001800338c0     VolumeIntegration.obj
 0003:000008d0       ?minV4Error@_VecMathTests@aos@shdfnd@physx@@3T__m128@@B 00000001800338d0     VolumeIntegration.obj
 0003:000008e0       ?minV3Error@_VecMathTests@aos@shdfnd@physx@@3T__m128@@B 00000001800338e0     VolumeIntegration.obj
 0003:000008f0       ?maxFError@_VecMathTests@aos@shdfnd@physx@@3T__m128@@B 00000001800338f0     VolumeIntegration.obj
 0003:00000900       ?gCookingDelayLoadHook@@3PEBVPxDelayLoadHook@physx@@EB 0000000180033900     WindowsCookingDelayLoadHook.obj
 0003:00000960       ?__proc_attached@@3HA      0000000180033960     MSVCRT:dll_dllmain.obj
 0003:00000988       ?is_initialized_as_dll@@3_NA 0000000180033988     MSVCRT:utility.obj
 0003:00000989       ?module_local_atexit_table_initialized@@3_NA 0000000180033989     MSVCRT:utility.obj
 0003:00000990       ?module_local_atexit_table@@3U_onexit_table_t@@A 0000000180033990     MSVCRT:utility.obj
 0003:000009a8       ?module_local_at_quick_exit_table@@3U_onexit_table_t@@A 00000001800339a8     MSVCRT:utility.obj
 0005:00000000       _2il0floatpacket$19        0000000180036000     MSVCRT:svml_ssinf4_sse2.obj
 0005:00002200       _vmlsSinHATab              0000000180038200     MSVCRT:svml_s_sin_cout.obj
 0006:000000a0       $R000000                   00000001800390a0     PhysXCooking.res
 0006:000003d0       $R000330                   00000001800393d0     PhysXCooking.res
