 PhysXCommon_64

 Timestamp is 61f80a1c (Mon Jan 31 17:11:08 2022)

 Preferred load address is 0000000180000000

 Start         Length     Name                   Class
 0001:00000000 000029e0H .text$di                CODE
 0001:000029e0 0011a300H .text$mn                CODE
 0001:0011cce0 00000036H .text$mn$00             CODE
 0001:0011cd16 00000092H .text$x                 CODE
 0002:00000000 00000188H .idata$5                DATA
 0002:00000188 00000030H .00cfg                  DATA
 0002:000001b8 00000008H .CRT$XCA                DATA
 0002:000001c0 00001428H .CRT$XCU                DATA
 0002:000015e8 00000008H .CRT$XCZ                DATA
 0002:000015f0 00000008H .CRT$XIA                DATA
 0002:000015f8 00000008H .CRT$XIZ                DATA
 0002:00001600 00000008H .CRT$XPA                DATA
 0002:00001608 00000008H .CRT$XPZ                DATA
 0002:00001610 00000008H .CRT$XTA                DATA
 0002:00001618 00000008H .CRT$XTZ                DATA
 0002:00001620 00000000H .gehcont$y              DATA
 0002:00001620 00000000H .gfids$y                DATA
 0002:00001620 00004de0H .rdata                  DATA
 0002:00006400 00000000H .rdata$CastGuardVftablesA DATA
 0002:00006400 00000000H .rdata$CastGuardVftablesC DATA
 0002:00006400 00000074H .rdata$r                DATA
 0002:00006474 00000090H .rdata$voltmd           DATA
 0002:00006504 000003bcH .rdata$zzzdbg           DATA
 0002:000068c0 00000008H .rtc$IAA                DATA
 0002:000068c8 00000008H .rtc$IZZ                DATA
 0002:000068d0 00000008H .rtc$TAA                DATA
 0002:000068d8 00000008H .rtc$TZZ                DATA
 0002:000068e0 0000b670H .xdata                  DATA
 0002:00011f50 00000020H .didat$2                DATA
 0002:00011f70 00000020H .didat$3                DATA
 0002:00011f90 000000b8H .didat$4                DATA
 0002:00012048 00000430H .didat$6                DATA
 0002:00012478 000000b8H .didat$7                DATA
 0002:00012530 0000a0dcH .edata                  DATA
 0002:0001c60c 00000078H .idata$2                DATA
 0002:0001c684 00000014H .idata$3                DATA
 0002:0001c698 00000188H .idata$4                DATA
 0002:0001c820 000003daH .idata$6                DATA
 0003:00000000 00000a70H .data                   DATA
 0003:00000a70 000003e8H .data$r                 DATA
 0003:00000e58 00000020H .data$rs                DATA
 0003:00000e78 000000b8H .didat$5                DATA
 0003:00000f30 000029a0H .bss                    DATA
 0004:00000000 00005a60H .pdata                  DATA
 0005:00000000 00002208H _RDATA                  DATA
 0006:00000000 000000a0H .rsrc$01                DATA
 0006:000000a0 000004b0H .rsrc$02                DATA

  Address         Publics by Value              Rva+Base               Lib:Object

 0000:00000000       __guard_check_icall_a64n_fptr 0000000000000000     <absolute>
 0000:00000000       __guard_iat_count          0000000000000000     <absolute>
 0000:00000000       __guard_longjmp_table      0000000000000000     <absolute>
 0000:00000000       __AbsoluteZero             0000000000000000     <absolute>
 0000:00000000       __x64_code_ranges_to_entry_points 0000000000000000     <absolute>
 0000:00000000       ___safe_se_handler_table   0000000000000000     <absolute>
 0000:00000000       __guard_fids_count         0000000000000000     <absolute>
 0000:00000000       __x64_code_ranges_to_entry_points_count 0000000000000000     <absolute>
 0000:00000000       __arm64x_extra_rfe_table   0000000000000000     <absolute>
 0000:00000000       __hybrid_code_map          0000000000000000     <absolute>
 0000:00000000       __arm64x_extra_rfe_table_size 0000000000000000     <absolute>
 0000:00000000       ___safe_se_handler_count   0000000000000000     <absolute>
 0000:00000000       __arm64x_redirection_metadata_count 0000000000000000     <absolute>
 0000:00000000       __guard_fids_table         0000000000000000     <absolute>
 0000:00000000       __enclave_config           0000000000000000     <absolute>
 0000:00000000       __arm64x_redirection_metadata 0000000000000000     <absolute>
 0000:00000000       __guard_iat_table          0000000000000000     <absolute>
 0000:00000000       __guard_eh_cont_table      0000000000000000     <absolute>
 0000:00000000       __hybrid_auxiliary_iat     0000000000000000     <absolute>
 0000:00000000       __guard_eh_cont_count      0000000000000000     <absolute>
 0000:00000000       __arm64x_native_entrypoint 0000000000000000     <absolute>
 0000:00000000       __guard_longjmp_count      0000000000000000     <absolute>
 0000:00000000       __hybrid_code_map_count    0000000000000000     <absolute>
 0000:00000000       __dynamic_value_reloc_table 0000000000000000     <absolute>
 0000:00000000       __hybrid_auxiliary_iat_copy 0000000000000000     <absolute>
 0000:00000100       __guard_flags              0000000000000100     <absolute>
 0000:00000000       __ImageBase                0000000180000000     <linker-defined>
 0001:000029e0       ??_GCollection@Cm@physx@@UEAAPEAXI@Z 00000001800039e0 f i CmCollection.obj
 0001:000029e0       ??_ECollection@Cm@physx@@UEAAPEAXI@Z 00000001800039e0 f i CmCollection.obj
 0001:00002a90       ??_EPxCollection@physx@@MEAAPEAXI@Z 0000000180003a90 f i CmCollection.obj
 0001:00002a90       ??_GPxCollection@physx@@MEAAPEAXI@Z 0000000180003a90 f i CmCollection.obj
 0001:00002ac0       ?PxCreateCollection@@YAPEAVPxCollection@physx@@XZ 0000000180003ac0 f   CmCollection.obj
 0001:00002bc0       ?add@Collection@Cm@physx@@UEAAXAEAVPxBase@3@_K@Z 0000000180003bc0 f   CmCollection.obj
 0001:00002cb0       ?add@Collection@Cm@physx@@UEAAXAEAVPxCollection@3@@Z 0000000180003cb0 f   CmCollection.obj
 0001:00002ed0       ?addId@Collection@Cm@physx@@UEAAXAEAVPxBase@3@_K@Z 0000000180003ed0 f   CmCollection.obj
 0001:00003020       ?contains@Collection@Cm@physx@@UEBA_NAEAVPxBase@3@@Z 0000000180004020 f   CmCollection.obj
 0001:000030d0       ?create@?$HashBase@V?$Pair@$$CB_KPEAVPxBase@physx@@@shdfnd@physx@@_KU?$Hash@_K@23@UGetKey@?$HashMapBase@_KPEAVPxBase@physx@@U?$Hash@_K@shdfnd@2@VNonTrackingAllocator@42@@internal@23@VNonTrackingAllocator@23@$00@internal@shdfnd@physx@@QEAAPEAV?$Pair@$$CB_KPEAVPxBase@physx@@@34@AEB_KAEA_N@Z 00000001800040d0 f i CmCollection.obj
 0001:000030d0       ?create@?$HashBase@V?$Pair@QEAVPxBase@physx@@_K@shdfnd@physx@@PEAVPxBase@3@U?$Hash@PEAVPxBase@physx@@@23@UGetKey@?$HashMapBase@PEAVPxBase@physx@@_KU?$Hash@PEAVPxBase@physx@@@shdfnd@2@VNonTrackingAllocator@42@@internal@23@VNonTrackingAllocator@23@$00@internal@shdfnd@physx@@QEAAPEAV?$Pair@QEAVPxBase@physx@@_K@34@AEBQEAVPxBase@4@AEA_N@Z 00000001800040d0 f i CmCollection.obj
 0001:00003260       ?erase@?$HashBase@V?$Pair@QEAVPxBase@physx@@_K@shdfnd@physx@@PEAVPxBase@3@U?$Hash@PEAVPxBase@physx@@@23@UGetKey@?$HashMapBase@PEAVPxBase@physx@@_KU?$Hash@PEAVPxBase@physx@@@shdfnd@2@VNonTrackingAllocator@42@@internal@23@VNonTrackingAllocator@23@$00@internal@shdfnd@physx@@QEAA_NAEBQEAVPxBase@4@@Z 0000000180004260 f i CmCollection.obj
 0001:00003260       ?erase@?$HashBase@V?$Pair@$$CB_KPEAVPxBase@physx@@@shdfnd@physx@@_KU?$Hash@_K@23@UGetKey@?$HashMapBase@_KPEAVPxBase@physx@@U?$Hash@_K@shdfnd@2@VNonTrackingAllocator@42@@internal@23@VNonTrackingAllocator@23@$00@internal@shdfnd@physx@@QEAA_NAEB_K@Z 0000000180004260 f i CmCollection.obj
 0001:00003410       ?find@?$HashMapBase@_KPEAVPxBase@physx@@U?$Hash@_K@shdfnd@2@VNonTrackingAllocator@42@@internal@shdfnd@physx@@QEBAPEBV?$Pair@$$CB_KPEAVPxBase@physx@@@34@AEB_K@Z 0000000180004410 f i CmCollection.obj
 0001:00003410       ?find@?$HashMapBase@PEAVPxBase@physx@@_KU?$Hash@PEAVPxBase@physx@@@shdfnd@2@VNonTrackingAllocator@42@@internal@shdfnd@physx@@QEBAPEBV?$Pair@QEAVPxBase@physx@@_K@34@AEBQEAVPxBase@4@@Z 0000000180004410 f i CmCollection.obj
 0001:000034b0       ?find@Collection@Cm@physx@@UEBAPEAVPxBase@3@_K@Z 00000001800044b0 f   CmCollection.obj
 0001:00003510       ?getId@Collection@Cm@physx@@UEBA_KAEBVPxBase@3@@Z 0000000180004510 f   CmCollection.obj
 0001:000035c0       ?getIds@Collection@Cm@physx@@UEBAIPEA_KII@Z 00000001800045c0 f   CmCollection.obj
 0001:00003700       ?getNbIds@Collection@Cm@physx@@UEBAIXZ 0000000180004700 f   CmCollection.obj
 0001:00003700       ?getNbColumns@HeightField@Gu@physx@@UEBAIXZ 0000000180004700 f   GuBounds.obj
 0001:00003710       ?getNbObjects@Collection@Cm@physx@@UEBAIXZ 0000000180004710 f   CmCollection.obj
 0001:00003720       ?getObject@Collection@Cm@physx@@UEBAAEAVPxBase@3@I@Z 0000000180004720 f   CmCollection.obj
 0001:00003730       ?getObjects@Collection@Cm@physx@@UEBAIPEAPEAVPxBase@3@II@Z 0000000180004730 f   CmCollection.obj
 0001:000037f0       ?insert@?$HashMapBase@_KPEAVPxBase@physx@@U?$Hash@_K@shdfnd@2@VNonTrackingAllocator@42@@internal@shdfnd@physx@@QEAA_N_KQEAVPxBase@4@@Z 00000001800047f0 f i CmCollection.obj
 0001:00003840       ?release@Collection@Cm@physx@@UEAAXXZ 0000000180004840 f i CmCollection.obj
 0001:00003860       ?remove@Collection@Cm@physx@@UEAAXAEAVPxBase@3@@Z 0000000180004860 f   CmCollection.obj
 0001:000039a0       ?remove@Collection@Cm@physx@@UEAAXAEAVPxCollection@3@@Z 00000001800049a0 f   CmCollection.obj
 0001:00003b00       ?removeId@Collection@Cm@physx@@UEAAX_K@Z 0000000180004b00 f   CmCollection.obj
 0001:00003bf0       ?reserveInternal@?$HashBase@V?$Pair@QEAVPxBase@physx@@_K@shdfnd@physx@@PEAVPxBase@3@U?$Hash@PEAVPxBase@physx@@@23@UGetKey@?$HashMapBase@PEAVPxBase@physx@@_KU?$Hash@PEAVPxBase@physx@@@shdfnd@2@VNonTrackingAllocator@42@@internal@23@VNonTrackingAllocator@23@$00@internal@shdfnd@physx@@AEAAXI@Z 0000000180004bf0 f i CmCollection.obj
 0001:00003bf0       ?reserveInternal@?$HashBase@V?$Pair@$$CB_KPEAVPxBase@physx@@@shdfnd@physx@@_KU?$Hash@_K@23@UGetKey@?$HashMapBase@_KPEAVPxBase@physx@@U?$Hash@_K@shdfnd@2@VNonTrackingAllocator@42@@internal@23@VNonTrackingAllocator@23@$00@internal@shdfnd@physx@@AEAAXI@Z 0000000180004bf0 f i CmCollection.obj
 0001:00003dd0       ??0PtrTable@Cm@physx@@QEAA@W4PxEMPTY@2@@Z 0000000180004dd0 f i CmPtrTable.obj
 0001:00003df0       ??0PtrTable@Cm@physx@@QEAA@XZ 0000000180004df0 f   CmPtrTable.obj
 0001:00003e00       ?profile@Callback@RTree@Gu@physx@@UEAAXXZ 0000000180004e00 f   GuMidphaseRTree.obj
 0001:00003e00       ?requiresObjects@ConvexMesh@Gu@physx@@UEAAXAEAVPxProcessPxBaseCallback@3@@Z 0000000180004e00 f   GuConvexMesh.obj
 0001:00003e00       ??1Box@Gu@physx@@QEAA@XZ   0000000180004e00 f   GuBounds.obj
 0001:00003e00       ??1AABBTreeBuildNode@Gu@physx@@QEAA@XZ 0000000180004e00 f   GuAABBTreeBuild.obj
 0001:00003e00       ?requiresObjects@HeightField@Gu@physx@@UEAAXAEAVPxProcessPxBaseCallback@3@@Z 0000000180004e00 f   GuHeightField.obj
 0001:00003e00       ??1HeightFieldData@Gu@physx@@QEAA@XZ 0000000180004e00 f   GuBounds.obj
 0001:00003e00       ?requiresObjects@TriangleMesh@Gu@physx@@UEAAXAEAVPxProcessPxBaseCallback@3@@Z 0000000180004e00 f   GuTriangleMesh.obj
 0001:00003e00       ??1MaterialIndicesStruct@physx@@QEAA@XZ 0000000180004e00 f   GuGeometryUnion.obj
 0001:00003e00       _guard_check_icall_nop     0000000180004e00 f   MSVCRT:guard_support.obj
 0001:00003e00       ??1PtrTable@Cm@physx@@QEAA@XZ 0000000180004e00 f   CmPtrTable.obj
 0001:00003e10       ??4CmModuleUpdateLoader@Cm@physx@@QEAAAEAV012@AEBV012@@Z 0000000180004e10 f i CmWindowsModuleUpdateLoader.obj
 0001:00003e10       ??4MaterialIndicesStruct@physx@@QEAAAEAU01@AEBU01@@Z 0000000180004e10 f i GuGeometryUnion.obj
 0001:00003e10       ??4PtrTable@Cm@physx@@QEAAAEAU012@AEBU012@@Z 0000000180004e10 f i CmPtrTable.obj
 0001:00003e20       ?add@PtrTable@Cm@physx@@QEAAXPEAXAEAVPtrTableStorageManager@23@@Z 0000000180004e20 f   CmPtrTable.obj
 0001:00003ee0       ?clear@PtrTable@Cm@physx@@QEAAXAEAVPtrTableStorageManager@23@@Z 0000000180004ee0 f   CmPtrTable.obj
 0001:00003f60       ?exportExtraData@PtrTable@Cm@physx@@QEAAXAEAVPxSerializationContext@3@@Z 0000000180004f60 f   CmPtrTable.obj
 0001:00003fb0       ?find@PtrTable@Cm@physx@@QEBAIPEBX@Z 0000000180004fb0 f   CmPtrTable.obj
 0001:00003fe0       ?getBinaryMetaData@PtrTable@Cm@physx@@SAXAEAVPxOutputStream@3@@Z 0000000180004fe0 f   CmPtrTable.obj
 0001:00004190       ?getCount@PtrTable@Cm@physx@@QEBAIXZ 0000000180005190 f i CmPtrTable.obj
 0001:000041a0       ?getPtrs@PtrTable@Cm@physx@@QEBAPEBQEAXXZ 00000001800051a0 f i CmPtrTable.obj
 0001:000041a0       ?getPtrs@PtrTable@Cm@physx@@QEAAPEAPEAXXZ 00000001800051a0 f i CmPtrTable.obj
 0001:000041b0       ?importExtraData@PtrTable@Cm@physx@@QEAAXAEAVPxDeserializationContext@3@@Z 00000001800051b0 f   CmPtrTable.obj
 0001:000041e0       ?realloc@PtrTable@Cm@physx@@AEAAXIIAEAVPtrTableStorageManager@23@@Z 00000001800051e0 f   CmPtrTable.obj
 0001:00004270       ?replaceWithLast@PtrTable@Cm@physx@@QEAAXIAEAVPtrTableStorageManager@23@@Z 0000000180005270 f   CmPtrTable.obj
 0001:00004370       ??0RadixSort@Cm@physx@@QEAA@XZ 0000000180005370 f   CmRadixSort.obj
 0001:000043a0       ??1RadixSort@Cm@physx@@UEAA@XZ 00000001800053a0 f   CmRadixSort.obj
 0001:000043b0       ??_ERadixSort@Cm@physx@@UEAAPEAXI@Z 00000001800053b0 f i CmRadixSort.obj
 0001:00004440       ?GetNbHits@RadixSort@Cm@physx@@QEBAIXZ 0000000180005440 f i CmRadixSort.obj
 0001:00004450       ?GetNbTotalCalls@RadixSort@Cm@physx@@QEBAIXZ 0000000180005450 f i CmRadixSort.obj
 0001:00004460       ?getHeightField@HeightFieldUtil@Gu@physx@@QEBAAEBVHeightField@23@XZ 0000000180005460 f i GuCCTSweepTests.obj
 0001:00004460       ?GetRanks@RadixSort@Cm@physx@@QEBAPEBIXZ 0000000180005460 f i CmRadixSort.obj
 0001:00004470       ?GetValencies@BigConvexData@physx@@QEBAPEBUValency@Gu@2@XZ 0000000180005470 f i GuMetaData.obj
 0001:00004470       ?GetRecyclable@RadixSort@Cm@physx@@QEBAPEAIXZ 0000000180005470 f i CmRadixSort.obj
 0001:00004470       ?getPos@AABBTreeBuildNode@Gu@physx@@QEBAPEBV123@XZ 0000000180005470 f i GuAABBTreeBuild.obj
 0001:00004470       ?getHeightFieldGeometry@HeightFieldUtil@Gu@physx@@QEBAAEBVPxHeightFieldGeometry@3@XZ 0000000180005470 f i GuCCTSweepTests.obj
 0001:00004480       ?SetBuffers@RadixSort@Cm@physx@@QEAA_NPEAI00PEAPEAI@Z 0000000180005480 f   CmRadixSort.obj
 0001:000044c0       ?Sort@RadixSort@Cm@physx@@QEAAAEAV123@PEBIIW4RadixHint@23@@Z 00000001800054c0 f   CmRadixSort.obj
 0001:00004b80       ?Sort@RadixSort@Cm@physx@@QEAAAEAV123@PEBMI@Z 0000000180005b80 f   CmRadixSort.obj
 0001:00005320       ?invalidateRanks@RadixSort@Cm@physx@@QEAAXXZ 0000000180006320 f i CmRadixSort.obj
 0001:00005330       ??0RadixSortBuffered@Cm@physx@@QEAA@XZ 0000000180006330 f   CmRadixSortBuffered.obj
 0001:00005360       ??1RadixSortBuffered@Cm@physx@@UEAA@XZ 0000000180006360 f   CmRadixSortBuffered.obj
 0001:00005390       ??_ERadixSortBuffered@Cm@physx@@UEAAPEAXI@Z 0000000180006390 f i CmRadixSortBuffered.obj
 0001:000054c0       ?CheckResize@RadixSortBuffered@Cm@physx@@AEAAXI@Z 00000001800064c0 f i CmRadixSortBuffered.obj
 0001:00005500       ?Resize@RadixSortBuffered@Cm@physx@@AEAA_NI@Z 0000000180006500 f   CmRadixSortBuffered.obj
 0001:00005600       ?Sort@RadixSortBuffered@Cm@physx@@QEAAAEAV123@PEBIIW4RadixHint@23@@Z 0000000180006600 f   CmRadixSortBuffered.obj
 0001:000056a0       ?Sort@RadixSortBuffered@Cm@physx@@QEAAAEAV123@PEBMI@Z 00000001800066a0 f   CmRadixSortBuffered.obj
 0001:00005730       ?reset@RadixSortBuffered@Cm@physx@@QEAAXXZ 0000000180006730 f   CmRadixSortBuffered.obj
 0001:000057b0       ??0DebugText@Cm@physx@@QEAA@AEBU012@@Z 00000001800067b0 f i CmRenderOutput.obj
 0001:000057b0       ??0DebugText@Cm@physx@@QEAA@$$QEAU012@@Z 00000001800067b0 f i CmRenderOutput.obj
 0001:00005890       ??0DebugText@Cm@physx@@QEAA@AEBVPxVec3@2@MPEBDZZ 0000000180006890 f   CmRenderOutput.obj
 0001:000058f0       ??0RenderOutput@Cm@physx@@QEAA@AEAVRenderBuffer@12@@Z 00000001800068f0 f i CmRenderOutput.obj
 0001:00005940       ??0RenderOutput@Cm@physx@@QEAA@AEBV012@@Z 0000000180006940 f i CmRenderOutput.obj
 0001:000059e0       ??4DebugText@Cm@physx@@QEAAAEAU012@AEBU012@@Z 00000001800069e0 f i CmRenderOutput.obj
 0001:000059e0       ??4DebugText@Cm@physx@@QEAAAEAU012@$$QEAU012@@Z 00000001800069e0 f i CmRenderOutput.obj
 0001:00005b10       ??6Cm@physx@@YAAEAVRenderOutput@01@AEAV201@AEBUDebugArc@01@@Z 0000000180006b10 f   CmRenderOutput.obj
 0001:00005c10       ??6Cm@physx@@YAAEAVRenderOutput@01@AEAV201@AEBUDebugArrow@01@@Z 0000000180006c10 f   CmRenderOutput.obj
 0001:00006010       ??6Cm@physx@@YAAEAVRenderOutput@01@AEAV201@AEBUDebugBasis@01@@Z 0000000180007010 f   CmRenderOutput.obj
 0001:00006110       ??6Cm@physx@@YAAEAVRenderOutput@01@AEAV201@AEBUDebugBox@01@@Z 0000000180007110 f   CmRenderOutput.obj
 0001:00006610       ??6Cm@physx@@YAAEAVRenderOutput@01@AEAV201@AEBUDebugCircle@01@@Z 0000000180007610 f   CmRenderOutput.obj
 0001:000066f0       ??6RenderOutput@Cm@physx@@QEAAAEAV012@AEBUDebugText@12@@Z 00000001800076f0 f   CmRenderOutput.obj
 0001:000068f0       ??6RenderOutput@Cm@physx@@QEAAAEAV012@AEBVPxMat44@2@@Z 00000001800078f0 f   CmRenderOutput.obj
 0001:00006960       ??6RenderOutput@Cm@physx@@QEAAAEAV012@AEBVPxTransform@2@@Z 0000000180007960 f   CmRenderOutput.obj
 0001:00006ae0       ??6RenderOutput@Cm@physx@@QEAAAEAV012@I@Z 0000000180007ae0 f   CmRenderOutput.obj
 0001:00006af0       ??6RenderOutput@Cm@physx@@QEAAAEAV012@VPxVec3@2@@Z 0000000180007af0 f   CmRenderOutput.obj
 0001:00007040       ??6RenderOutput@Cm@physx@@QEAAAEAV012@W4Primitive@012@@Z 0000000180008040 f   CmRenderOutput.obj
 0001:00007050       ?copy@?$Array@UPxDebugLine@physx@@VNamedAllocator@shdfnd@2@@shdfnd@physx@@KAXPEAUPxDebugLine@3@0PEBU43@@Z 0000000180008050 f i CmRenderOutput.obj
 0001:00007200       ?copy@?$Array@UPxDebugPoint@physx@@VNamedAllocator@shdfnd@2@@shdfnd@physx@@KAXPEAUPxDebugPoint@3@0PEBU43@@Z 0000000180008200 f i CmRenderOutput.obj
 0001:00007300       ?copy@?$Array@UPxDebugText@physx@@VNamedAllocator@shdfnd@2@@shdfnd@physx@@KAXPEAUPxDebugText@3@0PEBU43@@Z 0000000180008300 f i CmRenderOutput.obj
 0001:00007470       ?copy@?$Array@UPxDebugTriangle@physx@@VNamedAllocator@shdfnd@2@@shdfnd@physx@@KAXPEAUPxDebugTriangle@3@0PEBU43@@Z 0000000180008470 f i CmRenderOutput.obj
 0001:00007670       ?growAndPushBack@?$Array@DVNamedAllocator@shdfnd@physx@@@shdfnd@physx@@IEAAAEADAEBD@Z 0000000180008670 f i CmRenderOutput.obj
 0001:00007750       ?growAndPushBack@?$Array@UPxDebugLine@physx@@VNamedAllocator@shdfnd@2@@shdfnd@physx@@IEAAAEAUPxDebugLine@3@AEBU43@@Z 0000000180008750 f i CmRenderOutput.obj
 0001:00007860       ?growAndPushBack@?$Array@UPxDebugPoint@physx@@VNamedAllocator@shdfnd@2@@shdfnd@physx@@IEAAAEAUPxDebugPoint@3@AEBU43@@Z 0000000180008860 f i CmRenderOutput.obj
 0001:00007950       ?growAndPushBack@?$Array@UPxDebugText@physx@@VNamedAllocator@shdfnd@2@@shdfnd@physx@@IEAAAEAUPxDebugText@3@AEBU43@@Z 0000000180008950 f i CmRenderOutput.obj
 0001:00007a50       ?growAndPushBack@?$Array@UPxDebugTriangle@physx@@VNamedAllocator@shdfnd@2@@shdfnd@physx@@IEAAAEAUPxDebugTriangle@3@AEBU43@@Z 0000000180008a50 f i CmRenderOutput.obj
 0001:00007b90       ?outputCapsule@RenderOutput@Cm@physx@@QEAAAEAV123@MMAEBVPxMat44@3@@Z 0000000180008b90 f   CmRenderOutput.obj
 0001:00008650       ?outputSegment@RenderOutput@Cm@physx@@QEAAXAEBVPxVec3@3@0@Z 0000000180009650 f i CmRenderOutput.obj
 0001:00008710       ?recreate@?$Array@DVNamedAllocator@shdfnd@physx@@@shdfnd@physx@@IEAAXI@Z 0000000180009710 f i CmRenderOutput.obj
 0001:000087c0       ?recreate@?$Array@UPxDebugLine@physx@@VNamedAllocator@shdfnd@2@@shdfnd@physx@@IEAAXI@Z 00000001800097c0 f i CmRenderOutput.obj
 0001:00008860       ?reserveSegments@RenderOutput@Cm@physx@@QEAAPEAUPxDebugLine@3@I@Z 0000000180009860 f i CmRenderOutput.obj
 0001:000088c0       ??DPxQuat@physx@@QEBA?AV01@AEBV01@@Z 00000001800098c0 f i CmVisualization.obj
 0001:00008a00       ?visualizeAngularLimit@Cm@physx@@YAXAEAVRenderOutput@12@MAEBVPxTransform@2@MM_N@Z 0000000180009a00 f   CmVisualization.obj
 0001:00008bc0       ?visualizeDoubleCone@Cm@physx@@YAXAEAVRenderOutput@12@MAEBVPxTransform@2@M_N@Z 0000000180009bc0 f   CmVisualization.obj
 0001:00008e20       ?visualizeJointFrames@Cm@physx@@YAXAEAVRenderOutput@12@MAEBVPxTransform@2@1@Z 0000000180009e20 f   CmVisualization.obj
 0001:00008ee0       ?visualizeLimitCone@Cm@physx@@YAXAEAVRenderOutput@12@MAEBVPxTransform@2@MM_N@Z 0000000180009ee0 f   CmVisualization.obj
 0001:00009170       ?visualizeLinearLimit@Cm@physx@@YAXAEAVRenderOutput@12@MAEBVPxTransform@2@1M_N@Z 000000018000a170 f   CmVisualization.obj
 0001:000093f0       ??0CmModuleUpdateLoader@Cm@physx@@QEAA@PEBD@Z 000000018000a3f0 f   CmWindowsModuleUpdateLoader.obj
 0001:00009430       ??1CmModuleUpdateLoader@Cm@physx@@QEAA@XZ 000000018000a430 f   CmWindowsModuleUpdateLoader.obj
 0001:00009460       ?LoadModule@CmModuleUpdateLoader@Cm@physx@@QEAAPEAUHINSTANCE__@@PEBD0@Z 000000018000a460 f   CmWindowsModuleUpdateLoader.obj
 0001:00009480       ?commonDelayHook@@YAP6A_JXZIPEAUDelayLoadInfo@@@Z 000000018000a480 f   CmWindowsDelayLoadHook.obj
 0001:00009560       PxSetPhysXCommonDelayLoadHook 000000018000a560 f   CmWindowsDelayLoadHook.obj
 0001:00009570       ??0Box@Gu@physx@@QEAA@AEBV012@@Z 000000018000a570 f i GuBounds.obj
 0001:00009570       ??4Box@Gu@physx@@QEAAAEBV012@AEBV012@@Z 000000018000a570 f i GuBounds.obj
 0001:000095d0       ??0Box@Gu@physx@@QEAA@AEBVPxVec3@2@0AEBVPxMat33@2@@Z 000000018000a5d0 f i GuBounds.obj
 0001:00009640       ??0Box@Gu@physx@@QEAA@XZ   000000018000a640 f i GuBounds.obj
 0001:00009640       ??0BigConvexData@physx@@QEAA@W4PxEMPTY@1@@Z 000000018000a640 f i GuMetaData.obj
 0001:00009640       ??0AABBTreeBuildNode@Gu@physx@@QEAA@XZ 000000018000a640 f i GuAABBTreeBuild.obj
 0001:00009640       ??0GeometryUnion@Gu@physx@@QEAA@W4PxEMPTY@2@@Z 000000018000a640 f i GuGeometryUnion.obj
 0001:00009640       ??0HeightFieldData@Gu@physx@@QEAA@W4PxEMPTY@2@@Z 000000018000a640 f i GuBounds.obj
 0001:00009640       ??0MaterialIndicesStruct@physx@@QEAA@W4PxEMPTY@1@@Z 000000018000a640 f i GuGeometryUnion.obj
 0001:00009640       ?getPaddedBounds@HeightFieldData@Gu@physx@@QEBAAEBVCenterExtentsPadded@23@XZ 000000018000a640 f i GuBounds.obj
 0001:00009640       ?getGeometry@GeometryUnion@Gu@physx@@QEBAAEBVPxGeometry@3@XZ 000000018000a640 f i GuGeometryUnion.obj
 0001:00009640       ?getAABB@AABBTreeBuildNode@Gu@physx@@QEBAAEBVPxBounds3@3@XZ 000000018000a640 f i GuAABBTreeBuild.obj
 0001:00009650       ??4HeightFieldData@Gu@physx@@QEAAAEAU012@$$QEAU012@@Z 000000018000a650 f i GuBounds.obj
 0001:00009650       ??0HeightFieldData@Gu@physx@@QEAA@$$QEAU012@@Z 000000018000a650 f i GuBounds.obj
 0001:00009650       ??4HeightFieldData@Gu@physx@@QEAAAEAU012@AEBU012@@Z 000000018000a650 f i GuBounds.obj
 0001:00009650       ??0HeightFieldData@Gu@physx@@QEAA@AEBU012@@Z 000000018000a650 f i GuBounds.obj
 0001:000096b0       ??0HeightFieldData@Gu@physx@@QEAA@XZ 000000018000a6b0 f i GuBounds.obj
 0001:000096c0       ??0PxQuat@physx@@QEAA@AEBVPxMat33@1@@Z 000000018000a6c0 f i GuBounds.obj
 0001:000098c0       ??0ShapeData@Gu@physx@@QEAA@AEBVPxGeometry@2@AEBVPxTransform@2@M@Z 000000018000a8c0 f   GuBounds.obj
 0001:00009e30       ??1PxHeightField@physx@@MEAA@XZ 000000018000ae30 f i GuBounds.obj
 0001:00009e30       ??1PxConvexMesh@physx@@MEAA@XZ 000000018000ae30 f i GuBounds.obj
 0001:00009e40       ??_EPxBase@physx@@MEAAPEAXI@Z 000000018000ae40 f i GuBounds.obj
 0001:00009e40       ??_GPxTriangleMesh@physx@@MEAAPEAXI@Z 000000018000ae40 f i GuTriangleMesh.obj
 0001:00009e40       ??_GPxBVHStructure@physx@@MEAAPEAXI@Z 000000018000ae40 f i GuBVHStructure.obj
 0001:00009e40       ??_EPxBVHStructure@physx@@MEAAPEAXI@Z 000000018000ae40 f i GuBVHStructure.obj
 0001:00009e40       ??_EPxTriangleMesh@physx@@MEAAPEAXI@Z 000000018000ae40 f i GuTriangleMesh.obj
 0001:00009e40       ??_GPxBase@physx@@MEAAPEAXI@Z 000000018000ae40 f i GuBounds.obj
 0001:00009e70       ??_H@YAXPEAX_K1P6APEAX0@Z@Z 000000018000ae70 f i GuBounds.obj
 0001:00009ec0       ?computeAABBExtent@Box@Gu@physx@@QEBA?AVPxVec3@3@XZ 000000018000aec0 f i GuBounds.obj
 0001:00009f80       ?computeBounds@Gu@physx@@YAXAEAVPxBounds3@2@AEBVPxGeometry@2@AEBVPxTransform@2@MPEIBVCenterExtentsPadded@12@M@Z 000000018000af80 f   GuBounds.obj
 0001:0000a860       ?computeBoundsWithCCDThreshold@Gu@physx@@YAMAEAVVec3p@12@0AEBVPxGeometry@2@AEBVPxTransform@2@PEIBVCenterExtentsPadded@12@@Z 000000018000b860 f   GuBounds.obj
 0001:0000aa30       ?computeBoxPoints@Box@Gu@physx@@QEBAXPEIAVPxVec3@3@@Z 000000018000ba30 f i GuBounds.obj
 0001:0000b9f0       ?getConcreteTypeName@PxConvexMesh@physx@@UEBAPEBDXZ 000000018000c9f0 f i GuBounds.obj
 0001:0000ba00       ?getConcreteTypeName@PxHeightField@physx@@UEBAPEBDXZ 000000018000ca00 f i GuBounds.obj
 0001:0000ba10       ?getConvexEdgeThreshold@HeightField@Gu@physx@@UEBAMXZ 000000018000ca10 f i GuBounds.obj
 0001:0000ba20       ?getFlags@HeightField@Gu@physx@@UEBA?AV?$PxFlags@W4Enum@PxHeightFieldFlag@physx@@G@3@XZ 000000018000ca20 f i GuBounds.obj
 0001:0000ba30       ?getFormat@HeightField@Gu@physx@@UEBA?AW4Enum@PxHeightFieldFormat@3@XZ 000000018000ca30 f i GuBounds.obj
 0001:0000ba40       ?getHeight@HeightField@Gu@physx@@UEBAMMM@Z 000000018000ca40 f i GuBounds.obj
 0001:0000ba80       ?getHeightInternal2@HeightField@Gu@physx@@QEBAMIMM@Z 000000018000ca80 f i GuBounds.obj
 0001:0000bbf0       ?getIndexBuffer@ConvexMesh@Gu@physx@@UEBAPEBEXZ 000000018000cbf0 f i GuBounds.obj
 0001:0000bc30       ?getNbPolygons@ConvexMesh@Gu@physx@@UEBAIXZ 000000018000cc30 f i GuBounds.obj
 0001:0000bc40       ?getNbRows@HeightField@Gu@physx@@UEBAIXZ 000000018000cc40 f i GuBounds.obj
 0001:0000bc50       ?getNbVertices@ConvexMesh@Gu@physx@@UEBAIXZ 000000018000cc50 f i GuBounds.obj
 0001:0000bc60       ?getSample@HeightField@Gu@physx@@UEBAAEBUPxHeightFieldSample@3@II@Z 000000018000cc60 f i GuBounds.obj
 0001:0000bc70       ?getSampleStride@HeightField@Gu@physx@@UEBAIXZ 000000018000cc70 f i GuBounds.obj
 0001:0000bc80       ?getTimestamp@HeightField@Gu@physx@@UEBAIXZ 000000018000cc80 f i GuBounds.obj
 0001:0000bc90       ?getTransform@Box@Gu@physx@@QEBA?AVPxTransform@3@XZ 000000018000cc90 f i GuBounds.obj
 0001:0000bcf0       ?getTriangleMaterialIndex@HeightField@Gu@physx@@UEBAGI@Z 000000018000ccf0 f i GuBounds.obj
 0001:0000bd20       ?getTriangleNormal@HeightField@Gu@physx@@UEBA?AVPxVec3@3@I@Z 000000018000cd20 f i GuBounds.obj
 0001:0000bd40       ?getTriangleNormalInternal@HeightField@Gu@physx@@QEBA?AVPxVec3@3@I@Z 000000018000cd40 f i GuBounds.obj
 0001:0000be90       ?getVertices@ConvexMesh@Gu@physx@@UEBAPEBVPxVec3@3@XZ 000000018000ce90 f i GuBounds.obj
 0001:0000beb0       ?isKindOf@PxBase@physx@@MEBA_NPEBD@Z 000000018000ceb0 f i GuBounds.obj
 0001:0000bee0       ?isKindOf@PxConvexMesh@physx@@MEBA_NPEBD@Z 000000018000cee0 f i GuBounds.obj
 0001:0000bf30       ?isKindOf@PxHeightField@physx@@MEBA_NPEBD@Z 000000018000cf30 f i GuBounds.obj
 0001:0000bf80       ?isReleasable@PxBase@physx@@UEBA_NXZ 000000018000cf80 f i GuBounds.obj
 0001:0000bf90       ?isValid@Box@Gu@physx@@QEBA_NXZ 000000018000cf90 f i GuBounds.obj
 0001:0000bfb0       ?preExportDataReset@ConvexMesh@Gu@physx@@QEAAXXZ 000000018000cfb0 f i GuBounds.obj
 0001:0000bfb0       ?preExportDataReset@HeightField@Gu@physx@@QEAAXXZ 000000018000cfb0 f i GuBounds.obj
 0001:0000bfc0       ?rotate@Box@Gu@physx@@QEBA?AVPxVec3@3@AEBV43@@Z 000000018000cfc0 f i GuBounds.obj
 0001:0000c050       ?rotateInv@Box@Gu@physx@@QEBA?AVPxVec3@3@AEBV43@@Z 000000018000d050 f i GuBounds.obj
 0001:0000c0e0       ?setAxes@Box@Gu@physx@@QEAAXAEBVPxVec3@3@00@Z 000000018000d0e0 f i GuBounds.obj
 0001:0000c120       ?setEmpty@Box@Gu@physx@@QEAAXXZ 000000018000d120 f i GuBounds.obj
 0001:0000c160       ?transform@Box@Gu@physx@@QEBA?AVPxVec3@3@AEBV43@@Z 000000018000d160 f i GuBounds.obj
 0001:0000c200       ?computeOBBPoints@Gu@physx@@YAXPEIAVPxVec3@2@AEBV32@1111@Z 000000018000d200 f   GuBox.obj
 0001:0000c480       ?create@Box@Gu@physx@@QEAAXAEBVCapsule@23@@Z 000000018000d480 f   GuBox.obj
 0001:0000c6b0       ?getBoxEdges@Gu@physx@@YAPEBEXZ 000000018000d6b0 f   GuBox.obj
 0001:0000c6c0       ?computeBasis@shdfnd@physx@@YAXAEBVPxVec3@2@0AEAV32@11@Z 000000018000d6c0 f i GuCapsule.obj
 0001:0000c860       ?computeBoxAroundCapsule@Gu@physx@@YAXAEBVCapsule@12@AEAVBox@12@@Z 000000018000d860 f   GuCapsule.obj
 0001:0000c9b0       ??0HeightFieldUtil@Gu@physx@@QEAA@AEBVPxHeightFieldGeometry@2@@Z 000000018000d9b0 f i GuCCTSweepTests.obj
 0001:0000c9b0       ??0HeightFieldTraceUtil@Gu@physx@@QEAA@AEBVPxHeightFieldGeometry@2@@Z 000000018000d9b0 f i GuCCTSweepTests.obj
 0001:0000c9f0       ??4HeightFieldTraceUtil@Gu@physx@@QEAAAEAV012@$$QEAV012@@Z 000000018000d9f0 f i GuCCTSweepTests.obj
 0001:0000c9f0       ??4HeightFieldTraceUtil@Gu@physx@@QEAAAEAV012@AEBV012@@Z 000000018000d9f0 f i GuCCTSweepTests.obj
 0001:0000c9f0       ??4HeightFieldUtil@Gu@physx@@QEAAAEAV012@AEBV012@@Z 000000018000d9f0 f i GuCCTSweepTests.obj
 0001:0000ca10       ??4HeightFieldUtil@Gu@physx@@QEAAAEAV012@$$QEAV012@@Z 000000018000da10 f i GuCCTSweepTests.obj
 0001:0000ca40       ??_G?$EntityReport@I@Gu@physx@@UEAAPEAXI@Z 000000018000da40 f i GuCCTSweepTests.obj
 0001:0000ca40       ??_E?$EntityReport@I@Gu@physx@@UEAAPEAXI@Z 000000018000da40 f i GuCCTSweepTests.obj
 0001:0000caa0       ?ceilUp@HeightFieldTraceUtil@Gu@physx@@SAMM@Z 000000018000daa0 f i GuCCTSweepTests.obj
 0001:0000cae0       ?computePointNormal@HeightFieldUtil@Gu@physx@@QEBA?AVPxVec3@3@IAEBV43@AEBVPxTransform@3@MMMMAEAM@Z 000000018000dae0 f i GuCCTSweepTests.obj
 0001:0000cf00       ?floorDown@HeightFieldTraceUtil@Gu@physx@@SAMM@Z 000000018000df00 f i GuCCTSweepTests.obj
 0001:0000cf40       ?getFeatureIndex@HeightFieldUtil@Gu@physx@@SAII@Z 000000018000df40 f i GuCCTSweepTests.obj
 0001:0000cf50       ?getFeatureType@HeightFieldUtil@Gu@physx@@SA?AW4Feature@123@I@Z 000000018000df50 f i GuCCTSweepTests.obj
 0001:0000cf60       ?getHeightAtShapePoint@HeightFieldUtil@Gu@physx@@QEBAMMM@Z 000000018000df60 f i GuCCTSweepTests.obj
 0001:0000cfc0       ?getNormalAtShapePoint@HeightFieldUtil@Gu@physx@@QEBA?AVPxVec3@3@MM@Z 000000018000dfc0 f i GuCCTSweepTests.obj
 0001:0000d080       ?getNormal_2@HeightField@Gu@physx@@QEBA?AVPxVec3@3@IMMMMM@Z 000000018000e080 f i GuCCTSweepTests.obj
 0001:0000d1a0       ?getOneOverColumnScale@HeightFieldUtil@Gu@physx@@QEBAMXZ 000000018000e1a0 f i GuCCTSweepTests.obj
 0001:0000d1b0       ?getOneOverHeightScale@HeightFieldUtil@Gu@physx@@QEBAMXZ 000000018000e1b0 f i GuCCTSweepTests.obj
 0001:0000d1c0       ?getOneOverRowScale@HeightFieldUtil@Gu@physx@@QEBAMXZ 000000018000e1c0 f i GuCCTSweepTests.obj
 0001:0000d1d0       ?getVertexNormal@HeightFieldUtil@Gu@physx@@QEBA?AVPxVec3@3@I@Z 000000018000e1d0 f i GuCCTSweepTests.obj
 0001:0000d210       ?shape2hfp@HeightFieldUtil@Gu@physx@@QEBA?AVPxVec3@3@AEBV43@@Z 000000018000e210 f i GuCCTSweepTests.obj
 0001:0000d210       ?hf2shapen@HeightFieldUtil@Gu@physx@@QEBA?AVPxVec3@3@AEBV43@@Z 000000018000e210 f i GuCCTSweepTests.obj
 0001:0000d250       ?hf2shapep@HeightFieldUtil@Gu@physx@@QEBA?AVPxVec3@3@AEBV43@@Z 000000018000e250 f i GuCCTSweepTests.obj
 0001:0000d290       ?hf2worldn@HeightFieldUtil@Gu@physx@@QEBA?AVPxVec3@3@AEBVPxTransform@3@AEBV43@@Z 000000018000e290 f i GuCCTSweepTests.obj
 0001:0000d400       ?hf2worldp@HeightFieldUtil@Gu@physx@@QEBA?AVPxVec3@3@AEBVPxTransform@3@AEBV43@@Z 000000018000e400 f i GuCCTSweepTests.obj
 0001:0000d580       ?isCollisionVertex@HeightFieldUtil@Gu@physx@@QEBA_NIII@Z 000000018000e580 f i GuCCTSweepTests.obj
 0001:0000d5a0       ?isQueryVertex@HeightFieldUtil@Gu@physx@@QEBA_NIII@Z 000000018000e5a0 f i GuCCTSweepTests.obj
 0001:0000d660       ?isShapePointOnHeightField@HeightFieldUtil@Gu@physx@@QEBA_NMM@Z 000000018000e660 f i GuCCTSweepTests.obj
 0001:0000d6b0       ?makeFeatureCode@HeightFieldUtil@Gu@physx@@SAIIW4Feature@123@@Z 000000018000e6b0 f i GuCCTSweepTests.obj
 0001:0000d870       ?sweepBoxTriangles_Precise@Gu@physx@@YA_NIPEBVPxTriangle@2@_NAEBVPxBoxGeometry@2@AEBVPxTransform@2@AEBVPxVec3@2@MAEAUPxSweepHit@2@PEBIMV?$PxFlags@W4Enum@PxHitFlag@physx@@G@2@@Z 000000018000e870 f   GuCCTSweepTests.obj
 0001:0000e620       ?sweepBox_BoxGeom_Precise@@YA_NAEBVPxGeometry@physx@@AEBVPxTransform@2@AEBVPxBoxGeometry@2@1AEBVBox@Gu@2@AEBVPxVec3@2@MAEAUPxSweepHit@2@V?$PxFlags@W4Enum@PxHitFlag@physx@@G@2@M@Z 000000018000f620 f   GuCCTSweepTests.obj
 0001:0000e7e0       ?sweepBox_CapsuleGeom_Precise@@YA_NAEBVPxGeometry@physx@@AEBVPxTransform@2@AEBVPxBoxGeometry@2@1AEBVBox@Gu@2@AEBVPxVec3@2@MAEAUPxSweepHit@2@V?$PxFlags@W4Enum@PxHitFlag@physx@@G@2@M@Z 000000018000f7e0 f   GuCCTSweepTests.obj
 0001:0000ebb0       ?sweepBox_HeightFieldGeom_Precise@@YA_NAEBVPxGeometry@physx@@AEBVPxTransform@2@AEBVPxBoxGeometry@2@1AEBVBox@Gu@2@AEBVPxVec3@2@MAEAUPxSweepHit@2@V?$PxFlags@W4Enum@PxHitFlag@physx@@G@2@M@Z 000000018000fbb0 f   GuCCTSweepTests.obj
 0001:0000ef80       ?sweepBox_SphereGeom_Precise@@YA_NAEBVPxGeometry@physx@@AEBVPxTransform@2@AEBVPxBoxGeometry@2@1AEBVBox@Gu@2@AEBVPxVec3@2@MAEAUPxSweepHit@2@V?$PxFlags@W4Enum@PxHitFlag@physx@@G@2@M@Z 000000018000ff80 f   GuCCTSweepTests.obj
 0001:0000f250       ?sweepCapsule_BoxGeom_Precise@@YA_NAEBVPxGeometry@physx@@AEBVPxTransform@2@AEBVPxCapsuleGeometry@2@1AEBVCapsule@Gu@2@AEBVPxVec3@2@MAEAUPxSweepHit@2@V?$PxFlags@W4Enum@PxHitFlag@physx@@G@2@M@Z 0000000180010250 f   GuCCTSweepTests.obj
 0001:0000f8b0       ?computePenetration@PxGeometryQuery@physx@@SA_NAEAVPxVec3@2@AEAMAEBVPxGeometry@2@AEBVPxTransform@2@23@Z 00000001800108b0 f   GuGeometryQuery.obj
 0001:0000fa50       ?getWorldBounds@PxGeometryQuery@physx@@SA?AVPxBounds3@2@AEBVPxGeometry@2@AEBVPxTransform@2@M@Z 0000000180010a50 f   GuGeometryQuery.obj
 0001:0000fbb0       ?isFinite@PxQuat@physx@@QEBA_NXZ 0000000180010bb0 f i GuGeometryQuery.obj
 0001:0000fc20       ?isFinite@PxVec3@physx@@QEBA_NXZ 0000000180010c20 f i GuGeometryQuery.obj
 0001:0000fc80       ?isUnit@PxQuat@physx@@QEBA_NXZ 0000000180010c80 f i GuGeometryQuery.obj
 0001:0000fcf0       ?isValid@PxGeometryQuery@physx@@SA_NAEBVPxGeometry@2@@Z 0000000180010cf0 f   GuGeometryQuery.obj
 0001:0000fe80       ?isValid@PxTransform@physx@@QEBA_NXZ 0000000180010e80 f i GuGeometryQuery.obj
 0001:0000fef0       ?overlap@PxGeometryQuery@physx@@SA_NAEBVPxGeometry@2@AEBVPxTransform@2@01@Z 0000000180010ef0 f   GuGeometryQuery.obj
 0001:00010050       ?pointDistance@PxGeometryQuery@physx@@SAMAEBVPxVec3@2@AEBVPxGeometry@2@AEBVPxTransform@2@PEAV32@@Z 0000000180011050 f   GuGeometryQuery.obj
 0001:00010790       ?raycast@PxGeometryQuery@physx@@SAIAEBVPxVec3@2@0AEBVPxGeometry@2@AEBVPxTransform@2@MV?$PxFlags@W4Enum@PxHitFlag@physx@@G@2@IPEIAUPxRaycastHit@2@@Z 0000000180011790 f   GuGeometryQuery.obj
 0001:00010ad0       ?sweep@PxGeometryQuery@physx@@SA_NAEBVPxVec3@2@MAEBVPxGeometry@2@AEBVPxTransform@2@12AEAUPxSweepHit@2@V?$PxFlags@W4Enum@PxHitFlag@physx@@G@2@M@Z 0000000180011ad0 f   GuGeometryQuery.obj
 0001:000110f0       ??0GeometryUnion@Gu@physx@@QEAA@AEBVPxGeometry@2@@Z 00000001800120f0 f i GuGeometryUnion.obj
 0001:00011110       ??0GeometryUnion@Gu@physx@@QEAA@XZ 0000000180012110 f i GuGeometryUnion.obj
 0001:00011120       ??0MaterialIndicesStruct@physx@@QEAA@XZ 0000000180012120 f i GuGeometryUnion.obj
 0001:00011140       ??4GeometryUnion@Gu@physx@@QEAAAEAV012@AEBV012@@Z 0000000180012140 f i GuGeometryUnion.obj
 0001:00011140       ??4GeometryUnion@Gu@physx@@QEAAAEAV012@$$QEAV012@@Z 0000000180012140 f i GuGeometryUnion.obj
 0001:00011170       ?allocate@MaterialIndicesStruct@physx@@QEAAXG@Z 0000000180012170 f i GuGeometryUnion.obj
 0001:000111e0       ?deallocate@MaterialIndicesStruct@physx@@QEAAXXZ 00000001800121e0 f i GuGeometryUnion.obj
 0001:00011230       ?getCount@BuildStats@Gu@physx@@QEBAIXZ 0000000180012230 f i GuAABBTreeBuild.obj
 0001:00011230       ?getType@GeometryUnion@Gu@physx@@QEBA?AW4Enum@PxGeometryType@3@XZ 0000000180012230 f i GuGeometryUnion.obj
 0001:00011230       ?getNumAxes@SeparatingAxes@Gu@physx@@QEBAIXZ 0000000180012230 f i GuMTD.obj
 0001:00011240       ?set@GeometryUnion@Gu@physx@@QEAAXAEBVPxGeometry@3@@Z 0000000180012240 f   GuGeometryUnion.obj
 0001:00011410       ?computeBoundsAroundVertices@Gu@physx@@YAXAEAVPxBounds3@2@IPEIBVPxVec3@2@@Z 0000000180012410 f   GuInternal.obj
 0001:000114c0       ?computeBoxPoints@Gu@physx@@YAXAEBVPxBounds3@2@PEIAVPxVec3@2@@Z 00000001800124c0 f   GuInternal.obj
 0001:00011560       ?computeSweptBox@Gu@physx@@YAXAEAVBox@12@AEBVPxVec3@2@1AEBVPxMat33@2@1M@Z 0000000180012560 f   GuInternal.obj
 0001:00011ab0       ?getPlane@Gu@physx@@YA?AVPxPlane@2@AEBVPxTransform@2@@Z 0000000180012ab0 f   GuInternal.obj
 0001:00011b60       ??$?_UI@@YAPEAX_KV?$ReflectionAllocator@I@shdfnd@physx@@PEBDH@Z 0000000180012b60 f i GuMeshFactory.obj
 0001:00011c00       ??0GuMeshFactory@physx@@QEAA@XZ 0000000180012c00 f   GuMeshFactory.obj
 0001:00011dc0       ??1GuMeshFactory@physx@@MEAA@XZ 0000000180012dc0 f   GuMeshFactory.obj
 0001:00011eb0       ??1MeshDataBase@Gu@physx@@UEAA@XZ 0000000180012eb0 f i GuMeshFactory.obj
 0001:00011fa0       ??1TriangleMeshData@Gu@physx@@UEAA@XZ 0000000180012fa0 f i GuMeshFactory.obj
 0001:00012070       ??_EGuMeshFactory@physx@@MEAAPEAXI@Z 0000000180013070 f i GuMeshFactory.obj
 0001:00012180       ??_GBV4TriangleData@Gu@physx@@UEAAPEAXI@Z 0000000180013180 f i GuMeshFactory.obj
 0001:00012180       ??_EBV4TriangleData@Gu@physx@@UEAAPEAXI@Z 0000000180013180 f i GuMeshFactory.obj
 0001:00012210       ??_GMeshDataBase@Gu@physx@@UEAAPEAXI@Z 0000000180013210 f i GuMeshFactory.obj
 0001:00012210       ??_EMeshDataBase@Gu@physx@@UEAAPEAXI@Z 0000000180013210 f i GuMeshFactory.obj
 0001:00012280       ??_ERTreeTriangleData@Gu@physx@@UEAAPEAXI@Z 0000000180013280 f i GuMeshFactory.obj
 0001:00012280       ??_GRTreeTriangleData@Gu@physx@@UEAAPEAXI@Z 0000000180013280 f i GuMeshFactory.obj
 0001:00012330       ??_ETriangleMeshData@Gu@physx@@UEAAPEAXI@Z 0000000180013330 f i GuMeshFactory.obj
 0001:00012330       ??_GTriangleMeshData@Gu@physx@@UEAAPEAXI@Z 0000000180013330 f i GuMeshFactory.obj
 0001:000123a0       ?__global_array_delete@@YAXPEAX_K@Z 00000001800133a0 f i GuMeshFactory.obj
 0001:000123b0       ??_V@YAXPEAX_K@Z           00000001800133b0 f i MSVCRT:delete_array_size.obj
 0001:000123b0       ?__global_delete@@YAXPEAX_K@Z 00000001800133b0 f i GuMeshFactory.obj
 0001:000123c0       ?addBVHStructure@GuMeshFactory@physx@@QEAAXPEAVBVHStructure@Gu@2@_N@Z 00000001800133c0 f   GuMeshFactory.obj
 0001:00012440       ?addConvexMesh@GuMeshFactory@physx@@QEAAXPEAVConvexMesh@Gu@2@_N@Z 0000000180013440 f   GuMeshFactory.obj
 0001:000124c0       ?addFactoryListener@GuMeshFactory@physx@@QEAAXAEAVGuMeshFactoryListener@2@@Z 00000001800134c0 f   GuMeshFactory.obj
 0001:00012530       ?addHeightField@GuMeshFactory@physx@@QEAAXPEAVHeightField@Gu@2@_N@Z 0000000180013530 f   GuMeshFactory.obj
 0001:000125b0       ?addTriangleMesh@GuMeshFactory@physx@@QEAAXPEAVTriangleMesh@Gu@2@_N@Z 00000001800135b0 f   GuMeshFactory.obj
 0001:00012630       ?create@?$HashBase@PEAVTriangleMesh@Gu@physx@@PEAV123@U?$Hash@PEAVTriangleMesh@Gu@physx@@@shdfnd@3@UGetKey@?$HashSetBase@PEAVTriangleMesh@Gu@physx@@U?$Hash@PEAVTriangleMesh@Gu@physx@@@shdfnd@3@VNonTrackingAllocator@53@$00@internal@53@VNonTrackingAllocator@53@$00@internal@shdfnd@physx@@QEAAPEAPEAVTriangleMesh@Gu@4@AEBQEAV564@AEA_N@Z 0000000180013630 f i GuMeshFactory.obj
 0001:00012630       ?create@?$HashBase@PEAVHeightField@Gu@physx@@PEAV123@U?$Hash@PEAVHeightField@Gu@physx@@@shdfnd@3@UGetKey@?$HashSetBase@PEAVHeightField@Gu@physx@@U?$Hash@PEAVHeightField@Gu@physx@@@shdfnd@3@VNonTrackingAllocator@53@$00@internal@53@VNonTrackingAllocator@53@$00@internal@shdfnd@physx@@QEAAPEAPEAVHeightField@Gu@4@AEBQEAV564@AEA_N@Z 0000000180013630 f i GuMeshFactory.obj
 0001:00012630       ?create@?$HashBase@PEAVConvexMesh@Gu@physx@@PEAV123@U?$Hash@PEAVConvexMesh@Gu@physx@@@shdfnd@3@UGetKey@?$HashSetBase@PEAVConvexMesh@Gu@physx@@U?$Hash@PEAVConvexMesh@Gu@physx@@@shdfnd@3@VNonTrackingAllocator@53@$00@internal@53@VNonTrackingAllocator@53@$00@internal@shdfnd@physx@@QEAAPEAPEAVConvexMesh@Gu@4@AEBQEAV564@AEA_N@Z 0000000180013630 f i GuMeshFactory.obj
 0001:00012630       ?create@?$HashBase@PEAVBVHStructure@Gu@physx@@PEAV123@U?$Hash@PEAVBVHStructure@Gu@physx@@@shdfnd@3@UGetKey@?$HashSetBase@PEAVBVHStructure@Gu@physx@@U?$Hash@PEAVBVHStructure@Gu@physx@@@shdfnd@3@VNonTrackingAllocator@53@$00@internal@53@VNonTrackingAllocator@53@$00@internal@shdfnd@physx@@QEAAPEAPEAVBVHStructure@Gu@4@AEBQEAV564@AEA_N@Z 0000000180013630 f i GuMeshFactory.obj
 0001:000127c0       ?createBVHStructure@GuMeshFactory@physx@@IEAAPEAVPxBVHStructure@2@AEAUBVHStructureData@Gu@2@@Z 00000001800137c0 f   GuMeshFactory.obj
 0001:000128d0       ?createBVHStructure@GuMeshFactory@physx@@QEAAPEAVPxBVHStructure@2@AEAVPxInputStream@2@@Z 00000001800138d0 f   GuMeshFactory.obj
 0001:00012a10       ?createBVHStructure@GuMeshFactory@physx@@QEAAPEAVPxBVHStructure@2@PEAX@Z 0000000180013a10 f   GuMeshFactory.obj
 0001:00012a20       ?createConvexMesh@GuMeshFactory@physx@@IEAAPEAVPxConvexMesh@2@AEAUConvexHullInitData@Gu@2@@Z 0000000180013a20 f   GuMeshFactory.obj
 0001:00012b50       ?createConvexMesh@GuMeshFactory@physx@@QEAAPEAVPxConvexMesh@2@AEAVPxInputStream@2@@Z 0000000180013b50 f   GuMeshFactory.obj
 0001:00012cb0       ?createConvexMesh@GuMeshFactory@physx@@QEAAPEAVPxConvexMesh@2@PEAX@Z 0000000180013cb0 f   GuMeshFactory.obj
 0001:00012cc0       ?createHeightField@GuMeshFactory@physx@@QEAAPEAVPxHeightField@2@AEAVPxInputStream@2@@Z 0000000180013cc0 f   GuMeshFactory.obj
 0001:00012e10       ?createHeightField@GuMeshFactory@physx@@QEAAPEAVPxHeightField@2@PEAX@Z 0000000180013e10 f   GuMeshFactory.obj
 0001:00012f40       ?createTriangleMesh@GuMeshFactory@physx@@IEAAPEAVPxTriangleMesh@2@AEAVTriangleMeshData@Gu@2@@Z 0000000180013f40 f   GuMeshFactory.obj
 0001:00013160       ?createTriangleMesh@GuMeshFactory@physx@@QEAAPEAVPxTriangleMesh@2@AEAVPxInputStream@2@@Z 0000000180014160 f   GuMeshFactory.obj
 0001:000131c0       ?createTriangleMesh@GuMeshFactory@physx@@QEAAPEAVPxTriangleMesh@2@PEAX@Z 00000001800141c0 f   GuMeshFactory.obj
 0001:000131d0       ?erase@?$HashBase@PEAVConvexMesh@Gu@physx@@PEAV123@U?$Hash@PEAVConvexMesh@Gu@physx@@@shdfnd@3@UGetKey@?$HashSetBase@PEAVConvexMesh@Gu@physx@@U?$Hash@PEAVConvexMesh@Gu@physx@@@shdfnd@3@VNonTrackingAllocator@53@$00@internal@53@VNonTrackingAllocator@53@$00@internal@shdfnd@physx@@QEAA_NAEBQEAVConvexMesh@Gu@4@@Z 00000001800141d0 f i GuMeshFactory.obj
 0001:000131d0       ?erase@?$HashBase@PEAVTriangleMesh@Gu@physx@@PEAV123@U?$Hash@PEAVTriangleMesh@Gu@physx@@@shdfnd@3@UGetKey@?$HashSetBase@PEAVTriangleMesh@Gu@physx@@U?$Hash@PEAVTriangleMesh@Gu@physx@@@shdfnd@3@VNonTrackingAllocator@53@$00@internal@53@VNonTrackingAllocator@53@$00@internal@shdfnd@physx@@QEAA_NAEBQEAVTriangleMesh@Gu@4@@Z 00000001800141d0 f i GuMeshFactory.obj
 0001:000131d0       ?erase@?$HashBase@PEAVBVHStructure@Gu@physx@@PEAV123@U?$Hash@PEAVBVHStructure@Gu@physx@@@shdfnd@3@UGetKey@?$HashSetBase@PEAVBVHStructure@Gu@physx@@U?$Hash@PEAVBVHStructure@Gu@physx@@@shdfnd@3@VNonTrackingAllocator@53@$00@internal@53@VNonTrackingAllocator@53@$00@internal@shdfnd@physx@@QEAA_NAEBQEAVBVHStructure@Gu@4@@Z 00000001800141d0 f i GuMeshFactory.obj
 0001:000131d0       ?erase@?$HashBase@PEAVHeightField@Gu@physx@@PEAV123@U?$Hash@PEAVHeightField@Gu@physx@@@shdfnd@3@UGetKey@?$HashSetBase@PEAVHeightField@Gu@physx@@U?$Hash@PEAVHeightField@Gu@physx@@@shdfnd@3@VNonTrackingAllocator@53@$00@internal@53@VNonTrackingAllocator@53@$00@internal@shdfnd@physx@@QEAA_NAEBQEAVHeightField@Gu@4@@Z 00000001800141d0 f i GuMeshFactory.obj
 0001:00013350       ?getBVHStructures@GuMeshFactory@physx@@QEBAIPEAPEAVPxBVHStructure@2@II@Z 0000000180014350 f   GuMeshFactory.obj
 0001:000133f0       ?getConvexMeshes@GuMeshFactory@physx@@QEBAIPEAPEAVPxConvexMesh@2@II@Z 00000001800143f0 f   GuMeshFactory.obj
 0001:00013480       ?getHeightFields@GuMeshFactory@physx@@QEBAIPEAPEAVPxHeightField@2@II@Z 0000000180014480 f   GuMeshFactory.obj
 0001:00013520       ?getNbBVHStructures@GuMeshFactory@physx@@QEBAIXZ 0000000180014520 f   GuMeshFactory.obj
 0001:00013560       ?getNbConvexMeshes@GuMeshFactory@physx@@QEBAIXZ 0000000180014560 f   GuMeshFactory.obj
 0001:000135a0       ?getNbHeightFields@GuMeshFactory@physx@@QEBAIXZ 00000001800145a0 f   GuMeshFactory.obj
 0001:000135e0       ?getNbTriangleMeshes@GuMeshFactory@physx@@QEBAIXZ 00000001800145e0 f   GuMeshFactory.obj
 0001:00013620       ?getTriangleMeshes@GuMeshFactory@physx@@QEBAIPEAPEAVPxTriangleMesh@2@II@Z 0000000180014620 f   GuMeshFactory.obj
 0001:000136b0       ?growAndPushBack@?$Array@PEAVGuMeshFactoryListener@physx@@VNamedAllocator@shdfnd@2@@shdfnd@physx@@IEAAAEAPEAVGuMeshFactoryListener@3@AEBQEAV43@@Z 00000001800146b0 f i GuMeshFactory.obj
 0001:00014610       ?notifyFactoryListener@GuMeshFactory@physx@@QEAAXPEBVPxBase@2@G@Z 0000000180015610 f   GuMeshFactory.obj
 0001:00014680       ?release@GuMeshFactory@physx@@QEAAXXZ 0000000180015680 f   GuMeshFactory.obj
 0001:00014730       ?removeBVHStructure@GuMeshFactory@physx@@QEAA_NAEAVPxBVHStructure@2@@Z 0000000180015730 f   GuMeshFactory.obj
 0001:00014780       ?removeConvexMesh@GuMeshFactory@physx@@QEAA_NAEAVPxConvexMesh@2@@Z 0000000180015780 f   GuMeshFactory.obj
 0001:000147d0       ?removeFactoryListener@GuMeshFactory@physx@@QEAAXAEAVGuMeshFactoryListener@2@@Z 00000001800157d0 f   GuMeshFactory.obj
 0001:00014860       ?removeHeightField@GuMeshFactory@physx@@QEAA_NAEAVPxHeightField@2@@Z 0000000180015860 f   GuMeshFactory.obj
 0001:000148b0       ?removeTriangleMesh@GuMeshFactory@physx@@QEAA_NAEAVPxTriangleMesh@2@@Z 00000001800158b0 f   GuMeshFactory.obj
 0001:00014900       ?reserveInternal@?$HashBase@PEAVConvexMesh@Gu@physx@@PEAV123@U?$Hash@PEAVConvexMesh@Gu@physx@@@shdfnd@3@UGetKey@?$HashSetBase@PEAVConvexMesh@Gu@physx@@U?$Hash@PEAVConvexMesh@Gu@physx@@@shdfnd@3@VNonTrackingAllocator@53@$00@internal@53@VNonTrackingAllocator@53@$00@internal@shdfnd@physx@@AEAAXI@Z 0000000180015900 f i GuMeshFactory.obj
 0001:00014900       ?reserveInternal@?$HashBase@PEAVTriangleMesh@Gu@physx@@PEAV123@U?$Hash@PEAVTriangleMesh@Gu@physx@@@shdfnd@3@UGetKey@?$HashSetBase@PEAVTriangleMesh@Gu@physx@@U?$Hash@PEAVTriangleMesh@Gu@physx@@@shdfnd@3@VNonTrackingAllocator@53@$00@internal@53@VNonTrackingAllocator@53@$00@internal@shdfnd@physx@@AEAAXI@Z 0000000180015900 f i GuMeshFactory.obj
 0001:00014900       ?reserveInternal@?$HashBase@PEAVBVHStructure@Gu@physx@@PEAV123@U?$Hash@PEAVBVHStructure@Gu@physx@@@shdfnd@3@UGetKey@?$HashSetBase@PEAVBVHStructure@Gu@physx@@U?$Hash@PEAVBVHStructure@Gu@physx@@@shdfnd@3@VNonTrackingAllocator@53@$00@internal@53@VNonTrackingAllocator@53@$00@internal@shdfnd@physx@@AEAAXI@Z 0000000180015900 f i GuMeshFactory.obj
 0001:00014900       ?reserveInternal@?$HashBase@PEAVHeightField@Gu@physx@@PEAV123@U?$Hash@PEAVHeightField@Gu@physx@@@shdfnd@3@UGetKey@?$HashSetBase@PEAVHeightField@Gu@physx@@U?$Hash@PEAVHeightField@Gu@physx@@@shdfnd@3@VNonTrackingAllocator@53@$00@internal@53@VNonTrackingAllocator@53@$00@internal@shdfnd@physx@@AEAAXI@Z 0000000180015900 f i GuMeshFactory.obj
 0001:00014ad0       ??4BigConvexData@physx@@QEAAAEAV01@AEBV01@@Z 0000000180015ad0 f i GuMetaData.obj
 0001:00014af0       ?GetAdjacentVerts@BigConvexData@physx@@QEBAPEBEXZ 0000000180015af0 f i GuMetaData.obj
 0001:00014b00       ?GetValency@BigConvexData@physx@@QEBAGI@Z 0000000180015b00 f i GuMetaData.obj
 0001:00014b00       ?GetNbNeighbors@BigConvexData@physx@@QEBAGI@Z 0000000180015b00 f i GuMetaData.obj
 0001:00014b10       ?GetNbSamples@BigConvexData@physx@@QEBAIXZ 0000000180015b10 f i GuMetaData.obj
 0001:00014b20       ?GetNbVerts@BigConvexData@physx@@QEBAIXZ 0000000180015b20 f i GuMetaData.obj
 0001:00014b30       ?GetNeighbors@BigConvexData@physx@@QEBAPEBEI@Z 0000000180015b30 f i GuMetaData.obj
 0001:00014b40       ?GetOffset@BigConvexData@physx@@QEBAGI@Z 0000000180015b40 f i GuMetaData.obj
 0001:00014b50       ?GetSubdiv@BigConvexData@physx@@QEBAIXZ 0000000180015b50 f i GuMetaData.obj
 0001:00014b60       ?getBinaryMetaData@BV4Tree@Gu@physx@@SAXAEAVPxOutputStream@3@@Z 0000000180015b60 f   GuMetaData.obj
 0001:00014ef0       ?getBinaryMetaData@BV4TriangleMesh@Gu@physx@@SAXAEAVPxOutputStream@3@@Z 0000000180015ef0 f   GuMetaData.obj
 0001:000151d0       ?getBinaryMetaData@BigConvexData@physx@@SAXAEAVPxOutputStream@2@@Z 00000001800161d0 f   GuMetaData.obj
 0001:00015490       ?getBinaryMetaData@ConvexMesh@Gu@physx@@SAXAEAVPxOutputStream@3@@Z 0000000180016490 f   GuMetaData.obj
 0001:00015b20       ?getBinaryMetaData@GeometryUnion@Gu@physx@@SAXAEAVPxOutputStream@3@@Z 0000000180016b20 f   GuMetaData.obj
 0001:00016170       ?getBinaryMetaData@HeightField@Gu@physx@@SAXAEAVPxOutputStream@3@@Z 0000000180017170 f   GuMetaData.obj
 0001:000165a0       ?getBinaryMetaData@MaterialIndicesStruct@physx@@SAXAEAVPxOutputStream@2@@Z 00000001800175a0 f   GuMetaData.obj
 0001:00016740       ?getBinaryMetaData@RTree@Gu@physx@@SAXAEAVPxOutputStream@3@@Z 0000000180017740 f   GuMetaData.obj
 0001:00016a70       ?getBinaryMetaData@RTreeTriangleMesh@Gu@physx@@SAXAEAVPxOutputStream@3@@Z 0000000180017a70 f   GuMetaData.obj
 0001:00017310       ?getBinaryMetaData@TriangleMesh@Gu@physx@@SAXAEAVPxOutputStream@3@@Z 0000000180018310 f   GuMetaData.obj
 0001:00018780       ?doSupport@?$SupportLocalImpl@VConvexHullV@Gu@physx@@@Gu@physx@@UEBA?AT__m128@@AEBT4@@Z 0000000180019780 f i GuMTD.obj
 0001:00018860       ?doSupport@?$SupportLocalImpl@VConvexHullV@Gu@physx@@@Gu@physx@@UEBAXAEBT__m128@@AEAT4@1@Z 0000000180019860 f i GuMTD.obj
 0001:00018bc0       ?populateVerts@?$SupportLocalImpl@VConvexHullV@Gu@physx@@@Gu@physx@@UEBAXPEBEIPEBVPxVec3@3@PEAT__m128@@@Z 0000000180019bc0 f i GuMTD.obj
 0001:00018c20       ??_E?$SupportLocalImpl@VTriangleV@Gu@physx@@@Gu@physx@@UEAAPEAXI@Z 0000000180019c20 f i GuPCMContactConvexCommon.obj
 0001:00018c20       ??_E?$SupportLocalImpl@VBoxV@Gu@physx@@@Gu@physx@@UEAAPEAXI@Z 0000000180019c20 f i GuMTD.obj
 0001:00018c20       ??_E?$SupportLocalImpl@VConvexHullNoScaleV@Gu@physx@@@Gu@physx@@UEAAPEAXI@Z 0000000180019c20 f i GuMTD.obj
 0001:00018c20       ??_G?$SupportLocalImpl@VConvexHullNoScaleV@Gu@physx@@@Gu@physx@@UEAAPEAXI@Z 0000000180019c20 f i GuMTD.obj
 0001:00018c20       ??_G?$SupportLocalImpl@VConvexHullV@Gu@physx@@@Gu@physx@@UEAAPEAXI@Z 0000000180019c20 f i GuMTD.obj
 0001:00018c20       ??_E?$SupportLocalImpl@VConvexHullV@Gu@physx@@@Gu@physx@@UEAAPEAXI@Z 0000000180019c20 f i GuMTD.obj
 0001:00018c20       ??_G?$SupportLocalImpl@VBoxV@Gu@physx@@@Gu@physx@@UEAAPEAXI@Z 0000000180019c20 f i GuMTD.obj
 0001:00018c20       ??_G?$SupportLocalImpl@VTriangleV@Gu@physx@@@Gu@physx@@UEAAPEAXI@Z 0000000180019c20 f i GuPCMContactConvexCommon.obj
 0001:00018c50       ?doSupport@?$SupportLocalImpl@VConvexHullNoScaleV@Gu@physx@@@Gu@physx@@UEBA?AT__m128@@AEBT4@@Z 0000000180019c50 f i GuMTD.obj
 0001:00018ca0       ?doSupport@?$SupportLocalImpl@VConvexHullNoScaleV@Gu@physx@@@Gu@physx@@UEBAXAEBT__m128@@AEAT4@1@Z 0000000180019ca0 f i GuMTD.obj
 0001:00018e20       ?populateVerts@?$SupportLocalImpl@VBoxV@Gu@physx@@@Gu@physx@@UEBAXPEBEIPEBVPxVec3@3@PEAT__m128@@@Z 0000000180019e20 f i GuMTD.obj
 0001:00018e20       ?populateVerts@?$SupportLocalImpl@VConvexHullNoScaleV@Gu@physx@@@Gu@physx@@UEBAXPEBEIPEBVPxVec3@3@PEAT__m128@@@Z 0000000180019e20 f i GuMTD.obj
 0001:00018e60       ?doSupport@?$SupportLocalImpl@VBoxV@Gu@physx@@@Gu@physx@@UEBA?AT__m128@@AEBT4@@Z 0000000180019e60 f i GuMTD.obj
 0001:00018e90       ?doSupport@?$SupportLocalImpl@VBoxV@Gu@physx@@@Gu@physx@@UEBAXAEBT__m128@@AEAT4@1@Z 0000000180019e90 f i GuMTD.obj
 0001:00018fd0       ??_GSupportLocal@Gu@physx@@UEAAPEAXI@Z 0000000180019fd0 f i GuMTD.obj
 0001:00018fd0       ??_ESupportLocal@Gu@physx@@UEAAPEAXI@Z 0000000180019fd0 f i GuMTD.obj
 0001:0001ae90       ??$gjk@U?$LocalConvex@VCapsuleV@Gu@physx@@@Gu@physx@@U?$LocalConvex@VConvexHullV@Gu@physx@@@23@@Gu@physx@@YA?AW4GjkStatus@01@AEBU?$LocalConvex@VCapsuleV@Gu@physx@@@01@AEBU?$LocalConvex@VConvexHullV@Gu@physx@@@01@AEBT__m128@@2AEAT5@333@Z 000000018001be90 f i GuMTD.obj
 0001:0001bc10       ??0MultiplePersistentContactManifold@Gu@physx@@QEAA@XZ 000000018001cc10 f i GuMTD.obj
 0001:0001bc60       ??0PolygonalBox@Gu@physx@@QEAA@AEBV012@@Z 000000018001cc60 f i GuMTD.obj
 0001:0001bee0       ??0SeparatingAxes@Gu@physx@@QEAA@AEBV012@@Z 000000018001cee0 f i GuMTD.obj
 0001:0001bee0       ??0SeparatingAxes@Gu@physx@@QEAA@$$QEAV012@@Z 000000018001cee0 f i GuMTD.obj
 0001:0001bff0       ??0SeparatingAxes@Gu@physx@@QEAA@XZ 000000018001cff0 f i GuMTD.obj
 0001:0001c000       ??4MultiplePersistentContactManifold@Gu@physx@@QEAAAEAV012@$$QEAV012@@Z 000000018001d000 f i GuMTD.obj
 0001:0001c310       ??4MultiplePersistentContactManifold@Gu@physx@@QEAAAEAV012@AEBV012@@Z 000000018001d310 f i GuMTD.obj
 0001:0001c330       ??4SeparatingAxes@Gu@physx@@QEAAAEAV012@$$QEAV012@@Z 000000018001d330 f i GuMTD.obj
 0001:0001c330       ??4SeparatingAxes@Gu@physx@@QEAAAEAV012@AEBV012@@Z 000000018001d330 f i GuMTD.obj
 0001:0001c440       ??_E?$LocalConvex@VTriangleV@Gu@physx@@@Gu@physx@@UEAAPEAXI@Z 000000018001d440 f i GuSweepTests.obj
 0001:0001c440       ??_G?$LocalConvex@VConvexHullNoScaleV@Gu@physx@@@Gu@physx@@UEAAPEAXI@Z 000000018001d440 f i GuPCMContactBoxConvex.obj
 0001:0001c440       ??_E?$LocalConvex@VConvexHullNoScaleV@Gu@physx@@@Gu@physx@@UEAAPEAXI@Z 000000018001d440 f i GuPCMContactBoxConvex.obj
 0001:0001c440       ??_G?$LocalConvex@VConvexHullV@Gu@physx@@@Gu@physx@@UEAAPEAXI@Z 000000018001d440 f i GuMTD.obj
 0001:0001c440       ??_G?$LocalConvex@VCapsuleV@Gu@physx@@@Gu@physx@@UEAAPEAXI@Z 000000018001d440 f i GuMTD.obj
 0001:0001c440       ??_E?$LocalConvex@VConvexHullV@Gu@physx@@@Gu@physx@@UEAAPEAXI@Z 000000018001d440 f i GuMTD.obj
 0001:0001c440       ??_GGjkConvexBase@Gu@physx@@UEAAPEAXI@Z 000000018001d440 f i GuMTD.obj
 0001:0001c440       ??_EGjkConvexBase@Gu@physx@@UEAAPEAXI@Z 000000018001d440 f i GuMTD.obj
 0001:0001c440       ??_G?$LocalConvex@VBoxV@Gu@physx@@@Gu@physx@@UEAAPEAXI@Z 000000018001d440 f i GuSweepTests.obj
 0001:0001c440       ??_E?$LocalConvex@VCapsuleV@Gu@physx@@@Gu@physx@@UEAAPEAXI@Z 000000018001d440 f i GuMTD.obj
 0001:0001c440       ??_G?$LocalConvex@VTriangleV@Gu@physx@@@Gu@physx@@UEAAPEAXI@Z 000000018001d440 f i GuSweepTests.obj
 0001:0001c440       ??_E?$LocalConvex@VBoxV@Gu@physx@@@Gu@physx@@UEAAPEAXI@Z 000000018001d440 f i GuSweepTests.obj
 0001:0001cbc0       ?clearManifold@MultiplePersistentContactManifold@Gu@physx@@QEAAXXZ 000000018001dbc0 f i GuMTD.obj
 0001:00020530       ?getAxes@SeparatingAxes@Gu@physx@@QEBAPEBVPxVec3@3@XZ 0000000180021530 f i GuMTD.obj
 0001:00020540       ?getCenter@?$LocalConvex@VConvexHullV@Gu@physx@@@Gu@physx@@UEBA?AT__m128@@XZ 0000000180021540 f i GuMTD.obj
 0001:00020540       ?getCenter@?$LocalConvex@VConvexHullNoScaleV@Gu@physx@@@Gu@physx@@UEBA?AT__m128@@XZ 0000000180021540 f i GuPCMContactBoxConvex.obj
 0001:00020540       ?getCenter@?$LocalConvex@VCapsuleV@Gu@physx@@@Gu@physx@@UEBA?AT__m128@@XZ 0000000180021540 f i GuMTD.obj
 0001:00020540       ?getCenter@?$LocalConvex@VTriangleV@Gu@physx@@@Gu@physx@@UEBA?AT__m128@@XZ 0000000180021540 f i GuSweepTests.obj
 0001:00020540       ?getCenter@?$LocalConvex@VBoxV@Gu@physx@@@Gu@physx@@UEBA?AT__m128@@XZ 0000000180021540 f i GuSweepTests.obj
 0001:00020550       ?getEmptyManifold@MultiplePersistentContactManifold@Gu@physx@@QEAAPEAVSinglePersistentContactManifold@23@XZ 0000000180021550 f i GuMTD.obj
 0001:00020570       ?getManifold@MultiplePersistentContactManifold@Gu@physx@@QEAAPEAVSinglePersistentContactManifold@23@I@Z 0000000180021570 f i GuMTD.obj
 0001:00020590       ?getSweepMargin@?$LocalConvex@VCapsuleV@Gu@physx@@@Gu@physx@@UEBA?AT__m128@@XZ 0000000180021590 f i GuMTD.obj
 0001:00020590       ?getSweepMargin@?$RelativeConvex@VCapsuleV@Gu@physx@@@Gu@physx@@UEBA?AT__m128@@XZ 0000000180021590 f i GuCCDSweepPrimitives.obj
 0001:000205a0       ?getSweepMargin@?$RelativeConvex@VConvexHullV@Gu@physx@@@Gu@physx@@UEBA?AT__m128@@XZ 00000001800215a0 f i GuOverlapTests.obj
 0001:000205a0       ?getSweepMargin@?$LocalConvex@VConvexHullNoScaleV@Gu@physx@@@Gu@physx@@UEBA?AT__m128@@XZ 00000001800215a0 f i GuPCMContactBoxConvex.obj
 0001:000205a0       ?getSweepMargin@?$LocalConvex@VConvexHullV@Gu@physx@@@Gu@physx@@UEBA?AT__m128@@XZ 00000001800215a0 f i GuMTD.obj
 0001:000205a0       ?getSweepMargin@?$RelativeConvex@VBoxV@Gu@physx@@@Gu@physx@@UEBA?AT__m128@@XZ 00000001800215a0 f i GuOverlapTests.obj
 0001:000205a0       ?getSweepMargin@?$LocalConvex@VBoxV@Gu@physx@@@Gu@physx@@UEBA?AT__m128@@XZ 00000001800215a0 f i GuSweepTests.obj
 0001:000205a0       ?getSweepMargin@?$RelativeConvex@VConvexHullNoScaleV@Gu@physx@@@Gu@physx@@UEBA?AT__m128@@XZ 00000001800215a0 f i GuPCMContactConvexConvex.obj
 0001:000205c0       ?hillClimbing@ConvexHullV@Gu@physx@@QEBAIAEBT__m128@@@Z 00000001800215c0 f i GuMTD.obj
 0001:000207f0       ?initialize@MultiplePersistentContactManifold@Gu@physx@@QEAAXXZ 00000001800217f0 f i GuMTD.obj
 0001:00020850       ?invalidate@MultiplePersistentContactManifold@Gu@physx@@QEAAIAEBVPsTransformV@aos@shdfnd@3@AEBT__m128@@1@Z 0000000180021850 f i GuMTD.obj
 0001:000208d0       ?invalidate@MultiplePersistentContactManifold@Gu@physx@@QEAAIAEBVPsTransformV@aos@shdfnd@3@AEBT__m128@@@Z 00000001800218d0 f i GuMTD.obj
 0001:00020950       ?maxTransformPositionDelta@MultiplePersistentContactManifold@Gu@physx@@QEAA?AT__m128@@AEBT4@@Z 0000000180021950 f i GuMTD.obj
 0001:00020990       ?maxTransformQuatDelta@MultiplePersistentContactManifold@Gu@physx@@QEAA?AT__m128@@AEBT4@@Z 0000000180021990 f i GuMTD.obj
 0001:000209d0       ?pointConvexDistance@@YA_NAEAVPxVec3@physx@@0AEAMAEBV12@PEBVConvexMesh@Gu@2@AEBVPxMeshScale@2@AEBVPxTransform@2@@Z 00000001800219d0 f   GuMTD.obj
 0001:00021780       ?reduceManifoldContactsInDifferentPatches@MultiplePersistentContactManifold@Gu@physx@@QEAAIPEAPEAUPCMContactPatch@23@IPEAVMeshPersistentContact@23@IAEBT__m128@@@Z 0000000180022780 f i GuMTD.obj
 0001:000218f0       ?refineContactPatchConnective@MultiplePersistentContactManifold@Gu@physx@@QEAAXPEAPEAUPCMContactPatch@23@IPEAVMeshPersistentContact@23@AEBT__m128@@@Z 00000001800228f0 f i GuMTD.obj
 0001:000219e0       ?refreshManifold@MultiplePersistentContactManifold@Gu@physx@@QEAAXAEBVPsMatTransformV@aos@shdfnd@3@AEBT__m128@@1@Z 00000001800229e0 f i GuMTD.obj
 0001:00021ae0       ?reset@SeparatingAxes@Gu@physx@@QEAAXXZ 0000000180022ae0 f i GuMTD.obj
 0001:00021af0       ?setRelativeTransform@MultiplePersistentContactManifold@Gu@physx@@QEAAXAEBVPsTransformV@aos@shdfnd@3@@Z 0000000180022af0 f i GuMTD.obj
 0001:00021b00       ?support@?$LocalConvex@VCapsuleV@Gu@physx@@@Gu@physx@@UEBA?AT__m128@@AEBT4@@Z 0000000180022b00 f i GuMTD.obj
 0001:00021b60       ?support@?$LocalConvex@VCapsuleV@Gu@physx@@@Gu@physx@@UEBA?AT__m128@@AEBT4@AEAH@Z 0000000180022b60 f i GuMTD.obj
 0001:00021bd0       ?support@?$LocalConvex@VConvexHullV@Gu@physx@@@Gu@physx@@UEBA?AT__m128@@AEBT4@@Z 0000000180022bd0 f i GuMTD.obj
 0001:00021cb0       ?support@?$LocalConvex@VConvexHullV@Gu@physx@@@Gu@physx@@UEBA?AT__m128@@AEBT4@AEAH@Z 0000000180022cb0 f i GuMTD.obj
 0001:00021d80       ?supportPoint@?$LocalConvex@VCapsuleV@Gu@physx@@@Gu@physx@@UEBA?AT__m128@@H@Z 0000000180022d80 f i GuMTD.obj
 0001:00021db0       ?supportPoint@?$LocalConvex@VConvexHullV@Gu@physx@@@Gu@physx@@UEBA?AT__m128@@H@Z 0000000180022db0 f i GuMTD.obj
 0001:00021e00       ?supportVertexIndex@ConvexHullV@Gu@physx@@QEBAIAEBT__m128@@@Z 0000000180022e00 f i GuMTD.obj
 0001:00022080       ?toBuffer@MultiplePersistentContactManifold@Gu@physx@@QEAAXPEIAE@Z 0000000180023080 f i GuMTD.obj
 0001:00022160       ?supportPoint@?$RelativeConvex@VBoxV@Gu@physx@@@Gu@physx@@UEBA?AT__m128@@H@Z 0000000180023160 f i GuOverlapTests.obj
 0001:000221d0       ?support@?$RelativeConvex@VBoxV@Gu@physx@@@Gu@physx@@UEBA?AT__m128@@AEBT4@@Z 00000001800231d0 f i GuOverlapTests.obj
 0001:00022250       ?support@?$RelativeConvex@VBoxV@Gu@physx@@@Gu@physx@@UEBA?AT__m128@@AEBT4@AEAH@Z 0000000180023250 f i GuOverlapTests.obj
 0001:000222e0       ?getCenter@?$RelativeConvex@VConvexHullNoScaleV@Gu@physx@@@Gu@physx@@UEBA?AT__m128@@XZ 00000001800232e0 f i GuPCMContactConvexConvex.obj
 0001:000222e0       ?getCenter@?$RelativeConvex@VCapsuleV@Gu@physx@@@Gu@physx@@UEBA?AT__m128@@XZ 00000001800232e0 f i GuCCDSweepPrimitives.obj
 0001:000222e0       ?getCenter@?$RelativeConvex@VConvexHullV@Gu@physx@@@Gu@physx@@UEBA?AT__m128@@XZ 00000001800232e0 f i GuOverlapTests.obj
 0001:000222e0       ?getCenter@?$RelativeConvex@VBoxV@Gu@physx@@@Gu@physx@@UEBA?AT__m128@@XZ 00000001800232e0 f i GuOverlapTests.obj
 0001:000222e0       ?getCenter@?$RelativeConvex@VTriangleV@Gu@physx@@@Gu@physx@@UEBA?AT__m128@@XZ 00000001800232e0 f i GuCCDSweepPrimitives.obj
 0001:00022320       ??_G?$RelativeConvex@VConvexHullNoScaleV@Gu@physx@@@Gu@physx@@UEAAPEAXI@Z 0000000180023320 f i GuPCMContactConvexConvex.obj
 0001:00022320       ??_G?$RelativeConvex@VCapsuleV@Gu@physx@@@Gu@physx@@UEAAPEAXI@Z 0000000180023320 f i GuCCDSweepPrimitives.obj
 0001:00022320       ??_E?$RelativeConvex@VBoxV@Gu@physx@@@Gu@physx@@UEAAPEAXI@Z 0000000180023320 f i GuOverlapTests.obj
 0001:00022320       ??_G?$RelativeConvex@VBoxV@Gu@physx@@@Gu@physx@@UEAAPEAXI@Z 0000000180023320 f i GuOverlapTests.obj
 0001:00022320       ??_E?$RelativeConvex@VConvexHullNoScaleV@Gu@physx@@@Gu@physx@@UEAAPEAXI@Z 0000000180023320 f i GuPCMContactConvexConvex.obj
 0001:00022320       ??_G?$RelativeConvex@VTriangleV@Gu@physx@@@Gu@physx@@UEAAPEAXI@Z 0000000180023320 f i GuCCDSweepPrimitives.obj
 0001:00022320       ??_G?$RelativeConvex@VConvexHullV@Gu@physx@@@Gu@physx@@UEAAPEAXI@Z 0000000180023320 f i GuOverlapTests.obj
 0001:00022320       ??_E?$RelativeConvex@VConvexHullV@Gu@physx@@@Gu@physx@@UEAAPEAXI@Z 0000000180023320 f i GuOverlapTests.obj
 0001:00022320       ??_E?$RelativeConvex@VCapsuleV@Gu@physx@@@Gu@physx@@UEAAPEAXI@Z 0000000180023320 f i GuCCDSweepPrimitives.obj
 0001:00022320       ??_E?$RelativeConvex@VTriangleV@Gu@physx@@@Gu@physx@@UEAAPEAXI@Z 0000000180023320 f i GuCCDSweepPrimitives.obj
 0001:000244c0       ?supportPoint@?$RelativeConvex@VConvexHullV@Gu@physx@@@Gu@physx@@UEBA?AT__m128@@H@Z 00000001800254c0 f i GuOverlapTests.obj
 0001:00024540       ?support@?$RelativeConvex@VConvexHullV@Gu@physx@@@Gu@physx@@UEBA?AT__m128@@AEBT4@@Z 0000000180025540 f i GuOverlapTests.obj
 0001:00024670       ?support@?$RelativeConvex@VConvexHullV@Gu@physx@@@Gu@physx@@UEBA?AT__m128@@AEBT4@AEAH@Z 0000000180025670 f i GuOverlapTests.obj
 0001:000247d0       ??$gjk@U?$RelativeConvex@VBoxV@Gu@physx@@@Gu@physx@@U?$LocalConvex@VConvexHullV@Gu@physx@@@23@@Gu@physx@@YA?AW4GjkStatus@01@AEBU?$RelativeConvex@VBoxV@Gu@physx@@@01@AEBU?$LocalConvex@VConvexHullV@Gu@physx@@@01@AEBT__m128@@2AEAT5@333@Z 00000001800257d0 f i GuOverlapTests.obj
 0001:000255a0       ??$gjk@U?$RelativeConvex@VConvexHullV@Gu@physx@@@Gu@physx@@U?$LocalConvex@VConvexHullV@Gu@physx@@@23@@Gu@physx@@YA?AW4GjkStatus@01@AEBU?$RelativeConvex@VConvexHullV@Gu@physx@@@01@AEBU?$LocalConvex@VConvexHullV@Gu@physx@@@01@AEBT__m128@@2AEAT5@333@Z 00000001800265a0 f i GuOverlapTests.obj
 0001:00026440       ?ComputeCubemapNearestOffset@physx@@YAIAEBVPxVec3@1@I@Z 0000000180027440 f i GuOverlapTests.obj
 0001:00026540       ?getOverlapFuncTable@Gu@physx@@YAPEAY06Q6A_NAEBVPxGeometry@2@AEBVPxTransform@2@01PEAUTriggerCache@12@@ZXZ 0000000180027540 f   GuOverlapTests.obj
 0001:00027ff0       ?registerHeightFields@Gu@physx@@YAXXZ 0000000180028ff0 f   GuOverlapTests.obj
 0001:00028040       ?raycast_box@@YAIAEBVPxGeometry@physx@@AEBVPxTransform@2@AEBVPxVec3@2@2MV?$PxFlags@W4Enum@PxHitFlag@physx@@G@2@IPEIAUPxRaycastHit@2@@Z 0000000180029040 f   GuRaycastTests.obj
 0001:00028670       ?raycast_sphere@@YAIAEBVPxGeometry@physx@@AEBVPxTransform@2@AEBVPxVec3@2@2MV?$PxFlags@W4Enum@PxHitFlag@physx@@G@2@IPEIAUPxRaycastHit@2@@Z 0000000180029670 f   GuRaycastTests.obj
 0001:00028800       ?raycast_capsule@@YAIAEBVPxGeometry@physx@@AEBVPxTransform@2@AEBVPxVec3@2@2MV?$PxFlags@W4Enum@PxHitFlag@physx@@G@2@IPEIAUPxRaycastHit@2@@Z 0000000180029800 f   GuRaycastTests.obj
 0001:00028d60       ?raycast_plane@@YAIAEBVPxGeometry@physx@@AEBVPxTransform@2@AEBVPxVec3@2@2MV?$PxFlags@W4Enum@PxHitFlag@physx@@G@2@IPEIAUPxRaycastHit@2@@Z 0000000180029d60 f   GuRaycastTests.obj
 0001:00028ed0       ?raycast_convexMesh@@YAIAEBVPxGeometry@physx@@AEBVPxTransform@2@AEBVPxVec3@2@2MV?$PxFlags@W4Enum@PxHitFlag@physx@@G@2@IPEIAUPxRaycastHit@2@@Z 0000000180029ed0 f   GuRaycastTests.obj
 0001:00029a00       ?raycast_triangleMesh@@YAIAEBVPxGeometry@physx@@AEBVPxTransform@2@AEBVPxVec3@2@2MV?$PxFlags@W4Enum@PxHitFlag@physx@@G@2@IPEIAUPxRaycastHit@2@@Z 000000018002aa00 f   GuRaycastTests.obj
 0001:0002ad00       ??Dphysx@@YA?AVMatrix34@Cm@0@AEBVPxMeshScale@0@AEBVPxTransform@0@@Z 000000018002bd00 f i GuRaycastTests.obj
 0001:0002b940       ?getRaycastFuncTable@Gu@physx@@YAAEAY06Q6AIAEBVPxGeometry@2@AEBVPxTransform@2@AEBVPxVec3@2@2MV?$PxFlags@W4Enum@PxHitFlag@physx@@G@2@IPEIAUPxRaycastHit@2@@ZXZ 000000018002c940 f   GuRaycastTests.obj
 0001:0002b950       ?raycast_heightField@@YAIAEBVPxGeometry@physx@@AEBVPxTransform@2@AEBVPxVec3@2@2MV?$PxFlags@W4Enum@PxHitFlag@physx@@G@2@IPEIAUPxRaycastHit@2@@Z 000000018002c950 f   GuRaycastTests.obj
 0001:0002c090       ?registerHeightFields_Raycasts@@YAXXZ 000000018002d090 f   GuRaycastTests.obj
 0001:0002c0a0       ?ReadHeader@Gu@physx@@YA_NEEEEAEAIAEA_NAEAVPxInputStream@2@@Z 000000018002d0a0 f   GuSerialize.obj
 0001:0002c200       ?ReadIndices@Gu@physx@@YAXGIPEAGAEAVPxInputStream@2@_N@Z 000000018002d200 f   GuSerialize.obj
 0001:0002c350       ?StoreIndices@Gu@physx@@YAXGIPEBGAEAVPxOutputStream@2@_N@Z 000000018002d350 f   GuSerialize.obj
 0001:0002c410       ?StoreIndices@Gu@physx@@YAXIIPEBIAEAVPxOutputStream@2@_N@Z 000000018002d410 f   GuSerialize.obj
 0001:0002c530       ?WriteHeader@Gu@physx@@YA_NEEEEI_NAEAVPxOutputStream@2@@Z 000000018002d530 f   GuSerialize.obj
 0001:0002c660       ?computeMaxIndex@physx@@YAGPEBGI@Z 000000018002d660 f   GuSerialize.obj
 0001:0002c690       ?computeMaxIndex@physx@@YAIPEBII@Z 000000018002d690 f   GuSerialize.obj
 0001:0002c6c0       ?readChunk@physx@@YAXAEAC000AEAVPxInputStream@1@@Z 000000018002d6c0 f   GuSerialize.obj
 0001:0002c740       ?readDword@physx@@YAI_NAEAVPxInputStream@1@@Z 000000018002d740 f   GuSerialize.obj
 0001:0002c7a0       ?readFloat@physx@@YAM_NAEAVPxInputStream@1@@Z 000000018002d7a0 f   GuSerialize.obj
 0001:0002c800       ?readFloatBuffer@physx@@YA_NPEAMI_NAEAVPxInputStream@1@@Z 000000018002d800 f   GuSerialize.obj
 0001:0002c880       ?readHeader@physx@@YA_NCCCCAEAIAEA_NAEAVPxInputStream@1@@Z 000000018002d880 f   GuSerialize.obj
 0001:0002c9d0       ?readIndices@physx@@YAXIIPEAIAEAVPxInputStream@1@_N@Z 000000018002d9d0 f   GuSerialize.obj
 0001:0002cac0       ?readWord@physx@@YAG_NAEAVPxInputStream@1@@Z 000000018002dac0 f   GuSerialize.obj
 0001:0002cb00       ?readWordBuffer@physx@@YAXPEAGI_NAEAVPxInputStream@1@@Z 000000018002db00 f   GuSerialize.obj
 0001:0002cb70       ?storeIndices@physx@@YAXIIPEBIAEAVPxOutputStream@1@_N@Z 000000018002db70 f   GuSerialize.obj
 0001:0002cc60       ?writeDword@physx@@YAXI_NAEAVPxOutputStream@1@@Z 000000018002dc60 f   GuSerialize.obj
 0001:0002ccb0       ?writeFloat@physx@@YAXM_NAEAVPxOutputStream@1@@Z 000000018002dcb0 f   GuSerialize.obj
 0001:0002cd00       ?writeFloatBuffer@physx@@YAXPEBMI_NAEAVPxOutputStream@1@@Z 000000018002dd00 f   GuSerialize.obj
 0001:0002cda0       ?writeHeader@physx@@YA_NCCCCI_NAEAVPxOutputStream@1@@Z 000000018002dda0 f   GuSerialize.obj
 0001:0002ced0       ?writeWord@physx@@YAXG_NAEAVPxOutputStream@1@@Z 000000018002ded0 f   GuSerialize.obj
 0001:0002cf10       ?writeWordBuffer@physx@@YAXPEBGI_NAEAVPxOutputStream@1@@Z 000000018002df10 f   GuSerialize.obj
 0001:0002cf90       ??Dphysx@@YA?AVMatrix34@Cm@0@AEBVPxTransform@0@AEBVPxMeshScale@0@@Z 000000018002df90 f i GuSweepMTD.obj
 0001:0002d5e0       ??_E?$MeshHitCallback@UPxRaycastHit@physx@@@Gu@physx@@UEAAPEAXI@Z 000000018002e5e0 f i GuSweepMTD.obj
 0001:0002d5e0       ??_G?$MeshHitCallback@UPxRaycastHit@physx@@@Gu@physx@@UEAAPEAXI@Z 000000018002e5e0 f i GuSweepMTD.obj
 0001:0002d610       ??_EMeshMTDGenerationCallback@@UEAAPEAXI@Z 000000018002e610 f i GuSweepMTD.obj
 0001:0002d610       ??_GMeshMTDGenerationCallback@@UEAAPEAXI@Z 000000018002e610 f i GuSweepMTD.obj
 0001:0002d640       ??_GMidPhaseQueryLocalReport@@UEAAPEAXI@Z 000000018002e640 f i GuSweepMTD.obj
 0001:0002d640       ??_EMidPhaseQueryLocalReport@@UEAAPEAXI@Z 000000018002e640 f i GuSweepMTD.obj
 0001:0002d670       ?computeBox_HeightFieldMTD@Gu@physx@@YA_NAEBVPxHeightFieldGeometry@2@AEBVPxTransform@2@AEBVBox@12@1M_NIAEAUPxSweepHit@2@@Z 000000018002e670 f   GuSweepMTD.obj
 0001:0002e500       ?computeBox_TriangleMeshMTD@Gu@physx@@YA_NAEBVPxTriangleMeshGeometry@2@AEBVPxTransform@2@AEBVBox@12@1M_NAEAUPxSweepHit@2@@Z 000000018002f500 f   GuSweepMTD.obj
 0001:0002f190       ?computeCapsule_CapsuleMTD@Gu@physx@@YA_NAEBVCapsule@12@0AEAUPxSweepHit@2@@Z 0000000180030190 f   GuSweepMTD.obj
 0001:0002f3d0       ?computeCapsule_HeightFieldMTD@Gu@physx@@YA_NAEBVPxHeightFieldGeometry@2@AEBVPxTransform@2@AEAVCapsuleV@12@M_NIAEAUPxSweepHit@2@@Z 00000001800303d0 f   GuSweepMTD.obj
 0001:0002fc30       ?computeCapsule_TriangleMeshMTD@Gu@physx@@YA_NAEBVPxTriangleMeshGeometry@2@AEBVPxTransform@2@AEAVCapsuleV@12@M_NAEAUPxSweepHit@2@@Z 0000000180030c30 f   GuSweepMTD.obj
 0001:00030500       ?computeConvex_HeightFieldMTD@Gu@physx@@YA_NAEBVPxHeightFieldGeometry@2@AEBVPxTransform@2@AEBVPxConvexMeshGeometry@2@1M_NIAEAUPxSweepHit@2@@Z 0000000180031500 f   GuSweepMTD.obj
 0001:000318a0       ?computeConvex_TriangleMeshMTD@Gu@physx@@YA_NAEBVPxTriangleMeshGeometry@2@AEBVPxTransform@2@AEBVPxConvexMeshGeometry@2@1M_NAEAUPxSweepHit@2@@Z 00000001800328a0 f   GuSweepMTD.obj
 0001:00032b20       ?computePlane_BoxMTD@Gu@physx@@YA_NAEBVPxPlane@2@AEBVBox@12@AEAUPxSweepHit@2@@Z 0000000180033b20 f   GuSweepMTD.obj
 0001:00032dc0       ?computePlane_CapsuleMTD@Gu@physx@@YA_NAEBVPxPlane@2@AEBVCapsule@12@AEAUPxSweepHit@2@@Z 0000000180033dc0 f   GuSweepMTD.obj
 0001:00032ee0       ?computePlane_ConvexMTD@Gu@physx@@YA_NAEBVPxPlane@2@AEBVPxConvexMeshGeometry@2@AEBVPxTransform@2@AEAUPxSweepHit@2@@Z 0000000180033ee0 f   GuSweepMTD.obj
 0001:00033a30       ?computeSphere_CapsuleMTD@Gu@physx@@YA_NAEBVSphere@12@AEBVCapsule@12@AEAUPxSweepHit@2@@Z 0000000180034a30 f   GuSweepMTD.obj
 0001:00033be0       ?computeSphere_SphereMTD@Gu@physx@@YA_NAEBVSphere@12@0AEAUPxSweepHit@2@@Z 0000000180034be0 f   GuSweepMTD.obj
 0001:00033cd0       ?getInverse@PxMat33@physx@@QEBA?BV12@XZ 0000000180034cd0 f i GuSweepMTD.obj
 0001:00033f20       ?growAndPushBack@?$Array@IVNamedAllocator@shdfnd@physx@@@shdfnd@physx@@IEAAAEAIAEBI@Z 0000000180034f20 f i GuSweepMTD.obj
 0001:00034010       ?init@FastVertex2ShapeScaling@Cm@physx@@QEAAXAEBVPxVec3@3@AEBVPxQuat@3@@Z 0000000180035010 f i GuSweepMTD.obj
 0001:00034400       ?onEvent@MidPhaseQueryLocalReport@@UEAA_NIPEAI@Z 0000000180035400 f i GuSweepMTD.obj
 0001:00034470       ?processHit@MeshMTDGenerationCallback@@UEAA_NAEBUPxRaycastHit@physx@@AEBVPxVec3@3@11AEAMPEBI@Z 0000000180035470 f i GuSweepMTD.obj
 0001:000344c0       ?recreate@?$Array@IVNamedAllocator@shdfnd@physx@@@shdfnd@physx@@IEAAXI@Z 00000001800354c0 f i GuSweepMTD.obj
 0001:00034570       ??$gjkPenetration@U?$LocalConvex@VCapsuleV@Gu@physx@@@Gu@physx@@U?$LocalConvex@VConvexHullV@Gu@physx@@@23@@Gu@physx@@YA?AW4GjkStatus@01@AEBU?$LocalConvex@VCapsuleV@Gu@physx@@@01@AEBU?$LocalConvex@VConvexHullV@Gu@physx@@@01@AEBT__m128@@2_NPEIAE4AEAEAEAUGjkOutput@01@@Z 0000000180035570 f i GuSweepSharedTests.obj
 0001:00035ba0       ??$gjkPenetration@U?$RelativeConvex@VBoxV@Gu@physx@@@Gu@physx@@U?$LocalConvex@VConvexHullV@Gu@physx@@@23@@Gu@physx@@YA?AW4GjkStatus@01@AEBU?$RelativeConvex@VBoxV@Gu@physx@@@01@AEBU?$LocalConvex@VConvexHullV@Gu@physx@@@01@AEBT__m128@@2_NPEIAE4AEAEAEAUGjkOutput@01@@Z 0000000180036ba0 f i GuSweepSharedTests.obj
 0001:00037220       ??$gjkPenetration@U?$RelativeConvex@VConvexHullV@Gu@physx@@@Gu@physx@@U?$LocalConvex@VConvexHullV@Gu@physx@@@23@@Gu@physx@@YA?AW4GjkStatus@01@AEBU?$RelativeConvex@VConvexHullV@Gu@physx@@@01@AEBU?$LocalConvex@VConvexHullV@Gu@physx@@@01@AEBT__m128@@2_NPEIAE4AEAEAEAUGjkOutput@01@@Z 0000000180038220 f i GuSweepSharedTests.obj
 0001:00038900       ??$gjkRaycast@U?$LocalConvex@VCapsuleV@Gu@physx@@@Gu@physx@@U?$LocalConvex@VConvexHullV@Gu@physx@@@23@@Gu@physx@@YA_NAEBU?$LocalConvex@VCapsuleV@Gu@physx@@@01@AEBU?$LocalConvex@VConvexHullV@Gu@physx@@@01@AEBT__m128@@222AEAT4@33M@Z 0000000180039900 f i GuSweepSharedTests.obj
 0001:00039670       ??$gjkRaycast@U?$RelativeConvex@VBoxV@Gu@physx@@@Gu@physx@@U?$LocalConvex@VConvexHullV@Gu@physx@@@23@@Gu@physx@@YA_NAEBU?$RelativeConvex@VBoxV@Gu@physx@@@01@AEBU?$LocalConvex@VConvexHullV@Gu@physx@@@01@AEBT__m128@@222AEAT4@33M@Z 000000018003a670 f i GuSweepSharedTests.obj
 0001:0003a470       ??$gjkRaycast@U?$RelativeConvex@VConvexHullV@Gu@physx@@@Gu@physx@@U?$LocalConvex@VConvexHullV@Gu@physx@@@23@@Gu@physx@@YA_NAEBU?$RelativeConvex@VConvexHullV@Gu@physx@@@01@AEBU?$LocalConvex@VConvexHullV@Gu@physx@@@01@AEBT__m128@@222AEAT4@33M@Z 000000018003b470 f i GuSweepSharedTests.obj
 0001:0003b340       ??$gjkRaycastPenetration@U?$RelativeConvex@VConvexHullV@Gu@physx@@@Gu@physx@@U?$LocalConvex@VConvexHullV@Gu@physx@@@23@@Gu@physx@@YA_NAEBU?$RelativeConvex@VConvexHullV@Gu@physx@@@01@AEBU?$LocalConvex@VConvexHullV@Gu@physx@@@01@AEBT__m128@@222AEAT4@33M_N@Z 000000018003c340 f i GuSweepSharedTests.obj
 0001:0003bf10       ?sweepBox_ConvexGeom@@YA_NAEBVPxGeometry@physx@@AEBVPxTransform@2@AEBVPxBoxGeometry@2@1AEBVBox@Gu@2@AEBVPxVec3@2@MAEAUPxSweepHit@2@V?$PxFlags@W4Enum@PxHitFlag@physx@@G@2@M@Z 000000018003cf10 f   GuSweepSharedTests.obj
 0001:0003cd40       ?sweepBox_PlaneGeom@@YA_NAEBVPxGeometry@physx@@AEBVPxTransform@2@AEBVPxBoxGeometry@2@1AEBVBox@Gu@2@AEBVPxVec3@2@MAEAUPxSweepHit@2@V?$PxFlags@W4Enum@PxHitFlag@physx@@G@2@M@Z 000000018003dd40 f   GuSweepSharedTests.obj
 0001:0003d120       ?sweepCapsuleTriangles@Gu@physx@@YA_NIPEBVPxTriangle@2@_NAEBVPxCapsuleGeometry@2@AEBVPxTransform@2@AEBVPxVec3@2@MAEAUPxSweepHit@2@PEBIMV?$PxFlags@W4Enum@PxHitFlag@physx@@G@2@@Z 000000018003e120 f   GuSweepSharedTests.obj
 0001:0003d310       ?sweepCapsule_CapsuleGeom@@YA_NAEBVPxGeometry@physx@@AEBVPxTransform@2@AEBVPxCapsuleGeometry@2@1AEBVCapsule@Gu@2@AEBVPxVec3@2@MAEAUPxSweepHit@2@V?$PxFlags@W4Enum@PxHitFlag@physx@@G@2@M@Z 000000018003e310 f   GuSweepSharedTests.obj
 0001:0003d4f0       ?sweepCapsule_ConvexGeom@@YA_NAEBVPxGeometry@physx@@AEBVPxTransform@2@AEBVPxCapsuleGeometry@2@1AEBVCapsule@Gu@2@AEBVPxVec3@2@MAEAUPxSweepHit@2@V?$PxFlags@W4Enum@PxHitFlag@physx@@G@2@M@Z 000000018003e4f0 f   GuSweepSharedTests.obj
 0001:0003e240       ?sweepCapsule_PlaneGeom@@YA_NAEBVPxGeometry@physx@@AEBVPxTransform@2@AEBVPxCapsuleGeometry@2@1AEBVCapsule@Gu@2@AEBVPxVec3@2@MAEAUPxSweepHit@2@V?$PxFlags@W4Enum@PxHitFlag@physx@@G@2@M@Z 000000018003f240 f   GuSweepSharedTests.obj
 0001:0003e520       ?sweepCapsule_SphereGeom@@YA_NAEBVPxGeometry@physx@@AEBVPxTransform@2@AEBVPxCapsuleGeometry@2@1AEBVCapsule@Gu@2@AEBVPxVec3@2@MAEAUPxSweepHit@2@V?$PxFlags@W4Enum@PxHitFlag@physx@@G@2@M@Z 000000018003f520 f   GuSweepSharedTests.obj
 0001:0003e6c0       ?sweepConvex_BoxGeom@@YA_NAEBVPxGeometry@physx@@AEBVPxTransform@2@AEBVPxConvexMeshGeometry@2@1AEBVPxVec3@2@MAEAUPxSweepHit@2@V?$PxFlags@W4Enum@PxHitFlag@physx@@G@2@M@Z 000000018003f6c0 f   GuSweepSharedTests.obj
 0001:0003e8d0       ?sweepConvex_CapsuleGeom@@YA_NAEBVPxGeometry@physx@@AEBVPxTransform@2@AEBVPxConvexMeshGeometry@2@1AEBVPxVec3@2@MAEAUPxSweepHit@2@V?$PxFlags@W4Enum@PxHitFlag@physx@@G@2@M@Z 000000018003f8d0 f   GuSweepSharedTests.obj
 0001:0003eaf0       ?sweepConvex_ConvexGeom@@YA_NAEBVPxGeometry@physx@@AEBVPxTransform@2@AEBVPxConvexMeshGeometry@2@1AEBVPxVec3@2@MAEAUPxSweepHit@2@V?$PxFlags@W4Enum@PxHitFlag@physx@@G@2@M@Z 000000018003faf0 f   GuSweepSharedTests.obj
 0001:0003faf0       ?sweepConvex_PlaneGeom@@YA_NAEBVPxGeometry@physx@@AEBVPxTransform@2@AEBVPxConvexMeshGeometry@2@1AEBVPxVec3@2@MAEAUPxSweepHit@2@V?$PxFlags@W4Enum@PxHitFlag@physx@@G@2@M@Z 0000000180040af0 f   GuSweepSharedTests.obj
 0001:0003ff30       ?sweepConvex_SphereGeom@@YA_NAEBVPxGeometry@physx@@AEBVPxTransform@2@AEBVPxConvexMeshGeometry@2@1AEBVPxVec3@2@MAEAUPxSweepHit@2@V?$PxFlags@W4Enum@PxHitFlag@physx@@G@2@M@Z 0000000180040f30 f   GuSweepSharedTests.obj
 0001:00040b60       ?sweepCapsule_BoxGeom@@YA_NAEBVPxGeometry@physx@@AEBVPxTransform@2@AEBVPxCapsuleGeometry@2@1AEBVCapsule@Gu@2@AEBVPxVec3@2@MAEAUPxSweepHit@2@V?$PxFlags@W4Enum@PxHitFlag@physx@@G@2@M@Z 0000000180041b60 f   GuSweepTests.obj
 0001:00041450       ?sweepBox_SphereGeom@@YA_NAEBVPxGeometry@physx@@AEBVPxTransform@2@AEBVPxBoxGeometry@2@1AEBVBox@Gu@2@AEBVPxVec3@2@MAEAUPxSweepHit@2@V?$PxFlags@W4Enum@PxHitFlag@physx@@G@2@M@Z 0000000180042450 f   GuSweepTests.obj
 0001:00041b20       ?sweepBox_CapsuleGeom@@YA_NAEBVPxGeometry@physx@@AEBVPxTransform@2@AEBVPxBoxGeometry@2@1AEBVBox@Gu@2@AEBVPxVec3@2@MAEAUPxSweepHit@2@V?$PxFlags@W4Enum@PxHitFlag@physx@@G@2@M@Z 0000000180042b20 f   GuSweepTests.obj
 0001:00042420       ?sweepBox_BoxGeom@@YA_NAEBVPxGeometry@physx@@AEBVPxTransform@2@AEBVPxBoxGeometry@2@1AEBVBox@Gu@2@AEBVPxVec3@2@MAEAUPxSweepHit@2@V?$PxFlags@W4Enum@PxHitFlag@physx@@G@2@M@Z 0000000180043420 f   GuSweepTests.obj
 0001:00042db0       ??$gjkPenetration@U?$LocalConvex@VCapsuleV@Gu@physx@@@Gu@physx@@U?$LocalConvex@VBoxV@Gu@physx@@@23@@Gu@physx@@YA?AW4GjkStatus@01@AEBU?$LocalConvex@VCapsuleV@Gu@physx@@@01@AEBU?$LocalConvex@VBoxV@Gu@physx@@@01@AEBT__m128@@2_NPEIAE4AEAEAEAUGjkOutput@01@@Z 0000000180043db0 f i GuSweepTests.obj
 0001:00044340       ??$gjkPenetration@U?$RelativeConvex@VBoxV@Gu@physx@@@Gu@physx@@U?$LocalConvex@VBoxV@Gu@physx@@@23@@Gu@physx@@YA?AW4GjkStatus@01@AEBU?$RelativeConvex@VBoxV@Gu@physx@@@01@AEBU?$LocalConvex@VBoxV@Gu@physx@@@01@AEBT__m128@@2_NPEIAE4AEAEAEAUGjkOutput@01@@Z 0000000180045340 f i GuSweepTests.obj
 0001:00045910       ??$gjkRaycast@U?$LocalConvex@VCapsuleV@Gu@physx@@@Gu@physx@@U?$LocalConvex@VBoxV@Gu@physx@@@23@@Gu@physx@@YA_NAEBU?$LocalConvex@VCapsuleV@Gu@physx@@@01@AEBU?$LocalConvex@VBoxV@Gu@physx@@@01@AEBT__m128@@222AEAT4@33M@Z 0000000180046910 f i GuSweepTests.obj
 0001:000464f0       ??$gjkRaycast@U?$LocalConvex@VTriangleV@Gu@physx@@@Gu@physx@@U?$LocalConvex@VBoxV@Gu@physx@@@23@@Gu@physx@@YA_NAEBU?$LocalConvex@VTriangleV@Gu@physx@@@01@AEBU?$LocalConvex@VBoxV@Gu@physx@@@01@AEBT__m128@@222AEAT4@33M@Z 00000001800474f0 f i GuSweepTests.obj
 0001:00047170       ??$gjkRaycast@U?$RelativeConvex@VBoxV@Gu@physx@@@Gu@physx@@U?$LocalConvex@VBoxV@Gu@physx@@@23@@Gu@physx@@YA_NAEBU?$RelativeConvex@VBoxV@Gu@physx@@@01@AEBU?$LocalConvex@VBoxV@Gu@physx@@@01@AEBT__m128@@222AEAT4@33M@Z 0000000180048170 f i GuSweepTests.obj
 0001:00047db0       ?getSweepFuncTable@Gu@physx@@YAAEBUGeomSweepFuncs@12@XZ 0000000180048db0 f   GuSweepTests.obj
 0001:00047dc0       ?getSweepMargin@?$RelativeConvex@VTriangleV@Gu@physx@@@Gu@physx@@UEBA?AT__m128@@XZ 0000000180048dc0 f i GuCCDSweepPrimitives.obj
 0001:00047dc0       ?getSweepMargin@?$LocalConvex@VTriangleV@Gu@physx@@@Gu@physx@@UEBA?AT__m128@@XZ 0000000180048dc0 f i GuSweepTests.obj
 0001:00047dd0       ?registerHeightFields_Sweeps@@YAXXZ 0000000180048dd0 f   GuSweepTests.obj
 0001:00047e10       ?support@?$LocalConvex@VBoxV@Gu@physx@@@Gu@physx@@UEBA?AT__m128@@AEBT4@@Z 0000000180048e10 f i GuSweepTests.obj
 0001:00047e40       ?support@?$LocalConvex@VBoxV@Gu@physx@@@Gu@physx@@UEBA?AT__m128@@AEBT4@AEAH@Z 0000000180048e40 f i GuSweepTests.obj
 0001:00047e80       ?support@?$LocalConvex@VTriangleV@Gu@physx@@@Gu@physx@@UEBA?AT__m128@@AEBT4@@Z 0000000180048e80 f i GuSweepTests.obj
 0001:00047f10       ?support@?$LocalConvex@VTriangleV@Gu@physx@@@Gu@physx@@UEBA?AT__m128@@AEBT4@AEAH@Z 0000000180048f10 f i GuSweepTests.obj
 0001:00047ff0       ?supportPoint@?$LocalConvex@VBoxV@Gu@physx@@@Gu@physx@@UEBA?AT__m128@@H@Z 0000000180048ff0 f i GuSweepTests.obj
 0001:00048030       ?supportPoint@?$LocalConvex@VTriangleV@Gu@physx@@@Gu@physx@@UEBA?AT__m128@@H@Z 0000000180049030 f i GuSweepTests.obj
[...]
 0003:00002e90       ?minV3Error@_VecMathTests@aos@shdfnd@physx@@3T__m128@@B 000000018013de90     GuPCMContactConvexConvex.obj
 0003:00002ea0       ?maxFError@_VecMathTests@aos@shdfnd@physx@@3T__m128@@B 000000018013dea0     GuPCMContactConvexConvex.obj
 0003:00002eb0       ?maxV3Error@_VecMathTests@aos@shdfnd@physx@@3T__m128@@B 000000018013deb0     GuPCMContactConvexHeightField.obj
 0003:00002ec0       ?minFError@_VecMathTests@aos@shdfnd@physx@@3T__m128@@B 000000018013dec0     GuPCMContactConvexHeightField.obj
 0003:00002ed0       ?maxV4Error@_VecMathTests@aos@shdfnd@physx@@3T__m128@@B 000000018013ded0     GuPCMContactConvexHeightField.obj
 0003:00002ee0       ?minV4Error@_VecMathTests@aos@shdfnd@physx@@3T__m128@@B 000000018013dee0     GuPCMContactConvexHeightField.obj
 0003:00002ef0       ?minV3Error@_VecMathTests@aos@shdfnd@physx@@3T__m128@@B 000000018013def0     GuPCMContactConvexHeightField.obj
 0003:00002f00       ?maxFError@_VecMathTests@aos@shdfnd@physx@@3T__m128@@B 000000018013df00     GuPCMContactConvexHeightField.obj
 0003:00002f10       ?maxV3Error@_VecMathTests@aos@shdfnd@physx@@3T__m128@@B 000000018013df10     GuPCMContactConvexMesh.obj
 0003:00002f20       ?minFError@_VecMathTests@aos@shdfnd@physx@@3T__m128@@B 000000018013df20     GuPCMContactConvexMesh.obj
 0003:00002f30       ?maxV4Error@_VecMathTests@aos@shdfnd@physx@@3T__m128@@B 000000018013df30     GuPCMContactConvexMesh.obj
 0003:00002f40       ?minV4Error@_VecMathTests@aos@shdfnd@physx@@3T__m128@@B 000000018013df40     GuPCMContactConvexMesh.obj
 0003:00002f50       ?minV3Error@_VecMathTests@aos@shdfnd@physx@@3T__m128@@B 000000018013df50     GuPCMContactConvexMesh.obj
 0003:00002f60       ?maxFError@_VecMathTests@aos@shdfnd@physx@@3T__m128@@B 000000018013df60     GuPCMContactConvexMesh.obj
 0003:00002f70       ?maxV3Error@_VecMathTests@aos@shdfnd@physx@@3T__m128@@B 000000018013df70     GuPCMContactGenBoxConvex.obj
 0003:00002f80       ?minFError@_VecMathTests@aos@shdfnd@physx@@3T__m128@@B 000000018013df80     GuPCMContactGenBoxConvex.obj
 0003:00002f90       ?maxV4Error@_VecMathTests@aos@shdfnd@physx@@3T__m128@@B 000000018013df90     GuPCMContactGenBoxConvex.obj
 0003:00002fa0       ?minV4Error@_VecMathTests@aos@shdfnd@physx@@3T__m128@@B 000000018013dfa0     GuPCMContactGenBoxConvex.obj
 0003:00002fb0       ?minV3Error@_VecMathTests@aos@shdfnd@physx@@3T__m128@@B 000000018013dfb0     GuPCMContactGenBoxConvex.obj
 0003:00002fc0       ?maxFError@_VecMathTests@aos@shdfnd@physx@@3T__m128@@B 000000018013dfc0     GuPCMContactGenBoxConvex.obj
 0003:00002fd0       ?maxV3Error@_VecMathTests@aos@shdfnd@physx@@3T__m128@@B 000000018013dfd0     GuPCMContactGenSphereCapsule.obj
 0003:00002fe0       ?minFError@_VecMathTests@aos@shdfnd@physx@@3T__m128@@B 000000018013dfe0     GuPCMContactGenSphereCapsule.obj
 0003:00002ff0       ?maxV4Error@_VecMathTests@aos@shdfnd@physx@@3T__m128@@B 000000018013dff0     GuPCMContactGenSphereCapsule.obj
 0003:00003000       ?minV4Error@_VecMathTests@aos@shdfnd@physx@@3T__m128@@B 000000018013e000     GuPCMContactGenSphereCapsule.obj
 0003:00003010       ?minV3Error@_VecMathTests@aos@shdfnd@physx@@3T__m128@@B 000000018013e010     GuPCMContactGenSphereCapsule.obj
 0003:00003020       ?maxFError@_VecMathTests@aos@shdfnd@physx@@3T__m128@@B 000000018013e020     GuPCMContactGenSphereCapsule.obj
 0003:00003030       ?maxV3Error@_VecMathTests@aos@shdfnd@physx@@3T__m128@@B 000000018013e030     GuPCMContactPlaneBox.obj
 0003:00003040       ?minFError@_VecMathTests@aos@shdfnd@physx@@3T__m128@@B 000000018013e040     GuPCMContactPlaneBox.obj
 0003:00003050       ?maxV4Error@_VecMathTests@aos@shdfnd@physx@@3T__m128@@B 000000018013e050     GuPCMContactPlaneBox.obj
 0003:00003060       ?minV4Error@_VecMathTests@aos@shdfnd@physx@@3T__m128@@B 000000018013e060     GuPCMContactPlaneBox.obj
 0003:00003070       ?minV3Error@_VecMathTests@aos@shdfnd@physx@@3T__m128@@B 000000018013e070     GuPCMContactPlaneBox.obj
 0003:00003080       ?maxFError@_VecMathTests@aos@shdfnd@physx@@3T__m128@@B 000000018013e080     GuPCMContactPlaneBox.obj
 0003:00003090       ?maxV3Error@_VecMathTests@aos@shdfnd@physx@@3T__m128@@B 000000018013e090     GuPCMContactPlaneCapsule.obj
 0003:000030a0       ?minFError@_VecMathTests@aos@shdfnd@physx@@3T__m128@@B 000000018013e0a0     GuPCMContactPlaneCapsule.obj
 0003:000030b0       ?maxV4Error@_VecMathTests@aos@shdfnd@physx@@3T__m128@@B 000000018013e0b0     GuPCMContactPlaneCapsule.obj
 0003:000030c0       ?minV4Error@_VecMathTests@aos@shdfnd@physx@@3T__m128@@B 000000018013e0c0     GuPCMContactPlaneCapsule.obj
 0003:000030d0       ?minV3Error@_VecMathTests@aos@shdfnd@physx@@3T__m128@@B 000000018013e0d0     GuPCMContactPlaneCapsule.obj
 0003:000030e0       ?maxFError@_VecMathTests@aos@shdfnd@physx@@3T__m128@@B 000000018013e0e0     GuPCMContactPlaneCapsule.obj
 0003:000030f0       ?maxV3Error@_VecMathTests@aos@shdfnd@physx@@3T__m128@@B 000000018013e0f0     GuPCMContactPlaneConvex.obj
 0003:00003100       ?minFError@_VecMathTests@aos@shdfnd@physx@@3T__m128@@B 000000018013e100     GuPCMContactPlaneConvex.obj
 0003:00003110       ?maxV4Error@_VecMathTests@aos@shdfnd@physx@@3T__m128@@B 000000018013e110     GuPCMContactPlaneConvex.obj
 0003:00003120       ?minV4Error@_VecMathTests@aos@shdfnd@physx@@3T__m128@@B 000000018013e120     GuPCMContactPlaneConvex.obj
 0003:00003130       ?minV3Error@_VecMathTests@aos@shdfnd@physx@@3T__m128@@B 000000018013e130     GuPCMContactPlaneConvex.obj
 0003:00003140       ?maxFError@_VecMathTests@aos@shdfnd@physx@@3T__m128@@B 000000018013e140     GuPCMContactPlaneConvex.obj
 0003:00003150       ?maxV3Error@_VecMathTests@aos@shdfnd@physx@@3T__m128@@B 000000018013e150     GuPCMContactSphereBox.obj
 0003:00003160       ?minFError@_VecMathTests@aos@shdfnd@physx@@3T__m128@@B 000000018013e160     GuPCMContactSphereBox.obj
 0003:00003170       ?maxV4Error@_VecMathTests@aos@shdfnd@physx@@3T__m128@@B 000000018013e170     GuPCMContactSphereBox.obj
 0003:00003180       ?minV4Error@_VecMathTests@aos@shdfnd@physx@@3T__m128@@B 000000018013e180     GuPCMContactSphereBox.obj
 0003:00003190       ?minV3Error@_VecMathTests@aos@shdfnd@physx@@3T__m128@@B 000000018013e190     GuPCMContactSphereBox.obj
 0003:000031a0       ?maxFError@_VecMathTests@aos@shdfnd@physx@@3T__m128@@B 000000018013e1a0     GuPCMContactSphereBox.obj
 0003:000031b0       ?maxV3Error@_VecMathTests@aos@shdfnd@physx@@3T__m128@@B 000000018013e1b0     GuPCMContactSphereCapsule.obj
 0003:000031c0       ?minFError@_VecMathTests@aos@shdfnd@physx@@3T__m128@@B 000000018013e1c0     GuPCMContactSphereCapsule.obj
 0003:000031d0       ?maxV4Error@_VecMathTests@aos@shdfnd@physx@@3T__m128@@B 000000018013e1d0     GuPCMContactSphereCapsule.obj
 0003:000031e0       ?minV4Error@_VecMathTests@aos@shdfnd@physx@@3T__m128@@B 000000018013e1e0     GuPCMContactSphereCapsule.obj
 0003:000031f0       ?minV3Error@_VecMathTests@aos@shdfnd@physx@@3T__m128@@B 000000018013e1f0     GuPCMContactSphereCapsule.obj
 0003:00003200       ?maxFError@_VecMathTests@aos@shdfnd@physx@@3T__m128@@B 000000018013e200     GuPCMContactSphereCapsule.obj
 0003:00003210       ?maxV3Error@_VecMathTests@aos@shdfnd@physx@@3T__m128@@B 000000018013e210     GuPCMContactSphereConvex.obj
 0003:00003220       ?minFError@_VecMathTests@aos@shdfnd@physx@@3T__m128@@B 000000018013e220     GuPCMContactSphereConvex.obj
 0003:00003230       ?maxV4Error@_VecMathTests@aos@shdfnd@physx@@3T__m128@@B 000000018013e230     GuPCMContactSphereConvex.obj
 0003:00003240       ?minV4Error@_VecMathTests@aos@shdfnd@physx@@3T__m128@@B 000000018013e240     GuPCMContactSphereConvex.obj
 0003:00003250       ?minV3Error@_VecMathTests@aos@shdfnd@physx@@3T__m128@@B 000000018013e250     GuPCMContactSphereConvex.obj
 0003:00003260       ?maxFError@_VecMathTests@aos@shdfnd@physx@@3T__m128@@B 000000018013e260     GuPCMContactSphereConvex.obj
 0003:00003270       ?maxV3Error@_VecMathTests@aos@shdfnd@physx@@3T__m128@@B 000000018013e270     GuPCMContactSphereHeightField.obj
 0003:00003280       ?minFError@_VecMathTests@aos@shdfnd@physx@@3T__m128@@B 000000018013e280     GuPCMContactSphereHeightField.obj
 0003:00003290       ?maxV4Error@_VecMathTests@aos@shdfnd@physx@@3T__m128@@B 000000018013e290     GuPCMContactSphereHeightField.obj
 0003:000032a0       ?minV4Error@_VecMathTests@aos@shdfnd@physx@@3T__m128@@B 000000018013e2a0     GuPCMContactSphereHeightField.obj
 0003:000032b0       ?minV3Error@_VecMathTests@aos@shdfnd@physx@@3T__m128@@B 000000018013e2b0     GuPCMContactSphereHeightField.obj
 0003:000032c0       ?maxFError@_VecMathTests@aos@shdfnd@physx@@3T__m128@@B 000000018013e2c0     GuPCMContactSphereHeightField.obj
 0003:000032d0       ?maxV3Error@_VecMathTests@aos@shdfnd@physx@@3T__m128@@B 000000018013e2d0     GuPCMContactSphereMesh.obj
 0003:000032e0       ?minFError@_VecMathTests@aos@shdfnd@physx@@3T__m128@@B 000000018013e2e0     GuPCMContactSphereMesh.obj
 0003:000032f0       ?maxV4Error@_VecMathTests@aos@shdfnd@physx@@3T__m128@@B 000000018013e2f0     GuPCMContactSphereMesh.obj
 0003:00003300       ?minV4Error@_VecMathTests@aos@shdfnd@physx@@3T__m128@@B 000000018013e300     GuPCMContactSphereMesh.obj
 0003:00003310       ?minV3Error@_VecMathTests@aos@shdfnd@physx@@3T__m128@@B 000000018013e310     GuPCMContactSphereMesh.obj
 0003:00003320       ?maxFError@_VecMathTests@aos@shdfnd@physx@@3T__m128@@B 000000018013e320     GuPCMContactSphereMesh.obj
 0003:00003330       ?maxV3Error@_VecMathTests@aos@shdfnd@physx@@3T__m128@@B 000000018013e330     GuPCMContactSpherePlane.obj
 0003:00003340       ?minFError@_VecMathTests@aos@shdfnd@physx@@3T__m128@@B 000000018013e340     GuPCMContactSpherePlane.obj
 0003:00003350       ?maxV4Error@_VecMathTests@aos@shdfnd@physx@@3T__m128@@B 000000018013e350     GuPCMContactSpherePlane.obj
 0003:00003360       ?minV4Error@_VecMathTests@aos@shdfnd@physx@@3T__m128@@B 000000018013e360     GuPCMContactSpherePlane.obj
 0003:00003370       ?minV3Error@_VecMathTests@aos@shdfnd@physx@@3T__m128@@B 000000018013e370     GuPCMContactSpherePlane.obj
 0003:00003380       ?maxFError@_VecMathTests@aos@shdfnd@physx@@3T__m128@@B 000000018013e380     GuPCMContactSpherePlane.obj
 0003:00003390       ?maxV3Error@_VecMathTests@aos@shdfnd@physx@@3T__m128@@B 000000018013e390     GuPCMContactSphereSphere.obj
 0003:000033a0       ?minFError@_VecMathTests@aos@shdfnd@physx@@3T__m128@@B 000000018013e3a0     GuPCMContactSphereSphere.obj
 0003:000033b0       ?maxV4Error@_VecMathTests@aos@shdfnd@physx@@3T__m128@@B 000000018013e3b0     GuPCMContactSphereSphere.obj
 0003:000033c0       ?minV4Error@_VecMathTests@aos@shdfnd@physx@@3T__m128@@B 000000018013e3c0     GuPCMContactSphereSphere.obj
 0003:000033d0       ?minV3Error@_VecMathTests@aos@shdfnd@physx@@3T__m128@@B 000000018013e3d0     GuPCMContactSphereSphere.obj
 0003:000033e0       ?maxFError@_VecMathTests@aos@shdfnd@physx@@3T__m128@@B 000000018013e3e0     GuPCMContactSphereSphere.obj
 0003:000033f0       ?maxV3Error@_VecMathTests@aos@shdfnd@physx@@3T__m128@@B 000000018013e3f0     GuPCMShapeConvex.obj
 0003:00003400       ?minFError@_VecMathTests@aos@shdfnd@physx@@3T__m128@@B 000000018013e400     GuPCMShapeConvex.obj
 0003:00003410       ?maxV4Error@_VecMathTests@aos@shdfnd@physx@@3T__m128@@B 000000018013e410     GuPCMShapeConvex.obj
 0003:00003420       ?minV4Error@_VecMathTests@aos@shdfnd@physx@@3T__m128@@B 000000018013e420     GuPCMShapeConvex.obj
 0003:00003430       ?minV3Error@_VecMathTests@aos@shdfnd@physx@@3T__m128@@B 000000018013e430     GuPCMShapeConvex.obj
 0003:00003440       ?maxFError@_VecMathTests@aos@shdfnd@physx@@3T__m128@@B 000000018013e440     GuPCMShapeConvex.obj
 0003:00003450       ?maxV3Error@_VecMathTests@aos@shdfnd@physx@@3T__m128@@B 000000018013e450     GuPCMTriangleContactGen.obj
 0003:00003460       ?minFError@_VecMathTests@aos@shdfnd@physx@@3T__m128@@B 000000018013e460     GuPCMTriangleContactGen.obj
 0003:00003470       ?maxV4Error@_VecMathTests@aos@shdfnd@physx@@3T__m128@@B 000000018013e470     GuPCMTriangleContactGen.obj
 0003:00003480       ?minV4Error@_VecMathTests@aos@shdfnd@physx@@3T__m128@@B 000000018013e480     GuPCMTriangleContactGen.obj
 0003:00003490       ?minV3Error@_VecMathTests@aos@shdfnd@physx@@3T__m128@@B 000000018013e490     GuPCMTriangleContactGen.obj
 0003:000034a0       ?maxFError@_VecMathTests@aos@shdfnd@physx@@3T__m128@@B 000000018013e4a0     GuPCMTriangleContactGen.obj
 0003:000034b0       ?maxV3Error@_VecMathTests@aos@shdfnd@physx@@3T__m128@@B 000000018013e4b0     GuPersistentContactManifold.obj
 0003:000034c0       ?minFError@_VecMathTests@aos@shdfnd@physx@@3T__m128@@B 000000018013e4c0     GuPersistentContactManifold.obj
 0003:000034d0       ?maxV4Error@_VecMathTests@aos@shdfnd@physx@@3T__m128@@B 000000018013e4d0     GuPersistentContactManifold.obj
 0003:000034e0       ?minV4Error@_VecMathTests@aos@shdfnd@physx@@3T__m128@@B 000000018013e4e0     GuPersistentContactManifold.obj
 0003:000034f0       ?minV3Error@_VecMathTests@aos@shdfnd@physx@@3T__m128@@B 000000018013e4f0     GuPersistentContactManifold.obj
 0003:00003500       ?maxFError@_VecMathTests@aos@shdfnd@physx@@3T__m128@@B 000000018013e500     GuPersistentContactManifold.obj
 0003:00003510       ?maxV3Error@_VecMathTests@aos@shdfnd@physx@@3T__m128@@B 000000018013e510     GuSweepBoxBox.obj
 0003:00003520       ?minFError@_VecMathTests@aos@shdfnd@physx@@3T__m128@@B 000000018013e520     GuSweepBoxBox.obj
 0003:00003530       ?maxV4Error@_VecMathTests@aos@shdfnd@physx@@3T__m128@@B 000000018013e530     GuSweepBoxBox.obj
 0003:00003540       ?minV4Error@_VecMathTests@aos@shdfnd@physx@@3T__m128@@B 000000018013e540     GuSweepBoxBox.obj
 0003:00003550       ?minV3Error@_VecMathTests@aos@shdfnd@physx@@3T__m128@@B 000000018013e550     GuSweepBoxBox.obj
 0003:00003560       ?maxFError@_VecMathTests@aos@shdfnd@physx@@3T__m128@@B 000000018013e560     GuSweepBoxBox.obj
 0003:00003570       ?maxV3Error@_VecMathTests@aos@shdfnd@physx@@3T__m128@@B 000000018013e570     GuSweepBoxSphere.obj
 0003:00003580       ?minFError@_VecMathTests@aos@shdfnd@physx@@3T__m128@@B 000000018013e580     GuSweepBoxSphere.obj
 0003:00003590       ?maxV4Error@_VecMathTests@aos@shdfnd@physx@@3T__m128@@B 000000018013e590     GuSweepBoxSphere.obj
 0003:000035a0       ?minV4Error@_VecMathTests@aos@shdfnd@physx@@3T__m128@@B 000000018013e5a0     GuSweepBoxSphere.obj
 0003:000035b0       ?minV3Error@_VecMathTests@aos@shdfnd@physx@@3T__m128@@B 000000018013e5b0     GuSweepBoxSphere.obj
 0003:000035c0       ?maxFError@_VecMathTests@aos@shdfnd@physx@@3T__m128@@B 000000018013e5c0     GuSweepBoxSphere.obj
 0003:000035d0       ?maxV3Error@_VecMathTests@aos@shdfnd@physx@@3T__m128@@B 000000018013e5d0     GuSweepBoxTriangle_FeatureBased.obj
 0003:000035e0       ?minFError@_VecMathTests@aos@shdfnd@physx@@3T__m128@@B 000000018013e5e0     GuSweepBoxTriangle_FeatureBased.obj
 0003:000035f0       ?maxV4Error@_VecMathTests@aos@shdfnd@physx@@3T__m128@@B 000000018013e5f0     GuSweepBoxTriangle_FeatureBased.obj
 0003:00003600       ?minV4Error@_VecMathTests@aos@shdfnd@physx@@3T__m128@@B 000000018013e600     GuSweepBoxTriangle_FeatureBased.obj
 0003:00003610       ?minV3Error@_VecMathTests@aos@shdfnd@physx@@3T__m128@@B 000000018013e610     GuSweepBoxTriangle_FeatureBased.obj
 0003:00003620       ?maxFError@_VecMathTests@aos@shdfnd@physx@@3T__m128@@B 000000018013e620     GuSweepBoxTriangle_FeatureBased.obj
 0003:00003630       ?maxV3Error@_VecMathTests@aos@shdfnd@physx@@3T__m128@@B 000000018013e630     GuSweepBoxTriangle_SAT.obj
 0003:00003640       ?minFError@_VecMathTests@aos@shdfnd@physx@@3T__m128@@B 000000018013e640     GuSweepBoxTriangle_SAT.obj
 0003:00003650       ?maxV4Error@_VecMathTests@aos@shdfnd@physx@@3T__m128@@B 000000018013e650     GuSweepBoxTriangle_SAT.obj
 0003:00003660       ?minV4Error@_VecMathTests@aos@shdfnd@physx@@3T__m128@@B 000000018013e660     GuSweepBoxTriangle_SAT.obj
 0003:00003670       ?minV3Error@_VecMathTests@aos@shdfnd@physx@@3T__m128@@B 000000018013e670     GuSweepBoxTriangle_SAT.obj
 0003:00003680       ?maxFError@_VecMathTests@aos@shdfnd@physx@@3T__m128@@B 000000018013e680     GuSweepBoxTriangle_SAT.obj
 0003:00003690       ?maxV3Error@_VecMathTests@aos@shdfnd@physx@@3T__m128@@B 000000018013e690     GuSweepCapsuleBox.obj
 0003:000036a0       ?minFError@_VecMathTests@aos@shdfnd@physx@@3T__m128@@B 000000018013e6a0     GuSweepCapsuleBox.obj
 0003:000036b0       ?maxV4Error@_VecMathTests@aos@shdfnd@physx@@3T__m128@@B 000000018013e6b0     GuSweepCapsuleBox.obj
 0003:000036c0       ?minV4Error@_VecMathTests@aos@shdfnd@physx@@3T__m128@@B 000000018013e6c0     GuSweepCapsuleBox.obj
 0003:000036d0       ?minV3Error@_VecMathTests@aos@shdfnd@physx@@3T__m128@@B 000000018013e6d0     GuSweepCapsuleBox.obj
 0003:000036e0       ?maxFError@_VecMathTests@aos@shdfnd@physx@@3T__m128@@B 000000018013e6e0     GuSweepCapsuleBox.obj
 0003:000036f0       ?maxV3Error@_VecMathTests@aos@shdfnd@physx@@3T__m128@@B 000000018013e6f0     GuSweepCapsuleTriangle.obj
 0003:00003700       ?minFError@_VecMathTests@aos@shdfnd@physx@@3T__m128@@B 000000018013e700     GuSweepCapsuleTriangle.obj
 0003:00003710       ?maxV4Error@_VecMathTests@aos@shdfnd@physx@@3T__m128@@B 000000018013e710     GuSweepCapsuleTriangle.obj
 0003:00003720       ?minV4Error@_VecMathTests@aos@shdfnd@physx@@3T__m128@@B 000000018013e720     GuSweepCapsuleTriangle.obj
 0003:00003730       ?minV3Error@_VecMathTests@aos@shdfnd@physx@@3T__m128@@B 000000018013e730     GuSweepCapsuleTriangle.obj
 0003:00003740       ?maxFError@_VecMathTests@aos@shdfnd@physx@@3T__m128@@B 000000018013e740     GuSweepCapsuleTriangle.obj
 0003:00003750       ?maxV3Error@_VecMathTests@aos@shdfnd@physx@@3T__m128@@B 000000018013e750     GuSweepSphereTriangle.obj
 0003:00003760       ?minFError@_VecMathTests@aos@shdfnd@physx@@3T__m128@@B 000000018013e760     GuSweepSphereTriangle.obj
 0003:00003770       ?maxV4Error@_VecMathTests@aos@shdfnd@physx@@3T__m128@@B 000000018013e770     GuSweepSphereTriangle.obj
 0003:00003780       ?minV4Error@_VecMathTests@aos@shdfnd@physx@@3T__m128@@B 000000018013e780     GuSweepSphereTriangle.obj
 0003:00003790       ?minV3Error@_VecMathTests@aos@shdfnd@physx@@3T__m128@@B 000000018013e790     GuSweepSphereTriangle.obj
 0003:000037a0       ?maxFError@_VecMathTests@aos@shdfnd@physx@@3T__m128@@B 000000018013e7a0     GuSweepSphereTriangle.obj
 0003:000037b0       ?maxV3Error@_VecMathTests@aos@shdfnd@physx@@3T__m128@@B 000000018013e7b0     GuSweepTriangleUtils.obj
 0003:000037c0       ?minFError@_VecMathTests@aos@shdfnd@physx@@3T__m128@@B 000000018013e7c0     GuSweepTriangleUtils.obj
 0003:000037d0       ?maxV4Error@_VecMathTests@aos@shdfnd@physx@@3T__m128@@B 000000018013e7d0     GuSweepTriangleUtils.obj
 0003:000037e0       ?minV4Error@_VecMathTests@aos@shdfnd@physx@@3T__m128@@B 000000018013e7e0     GuSweepTriangleUtils.obj
 0003:000037f0       ?minV3Error@_VecMathTests@aos@shdfnd@physx@@3T__m128@@B 000000018013e7f0     GuSweepTriangleUtils.obj
 0003:00003800       ?maxFError@_VecMathTests@aos@shdfnd@physx@@3T__m128@@B 000000018013e800     GuSweepTriangleUtils.obj
 0003:00003860       ?__proc_attached@@3HA      000000018013e860     MSVCRT:dll_dllmain.obj
 0003:00003888       ?is_initialized_as_dll@@3_NA 000000018013e888     MSVCRT:utility.obj
 0003:00003889       ?module_local_atexit_table_initialized@@3_NA 000000018013e889     MSVCRT:utility.obj
 0003:00003890       ?module_local_atexit_table@@3U_onexit_table_t@@A 000000018013e890     MSVCRT:utility.obj
 0003:000038a8       ?module_local_at_quick_exit_table@@3U_onexit_table_t@@A 000000018013e8a8     MSVCRT:utility.obj
 0005:00000000       _2il0floatpacket$19        0000000180145000     MSVCRT:svml_ssinf4_sse2.obj
 0005:00002200       _vmlsSinHATab              0000000180147200     MSVCRT:svml_s_sin_cout.obj
 0006:000000a0       $R000000                   00000001801480a0     PhysXCommon.res
 0006:000003d0       $R000330                   00000001801483d0     PhysXCommon.res
